195.178.110.163 - - [17/Feb/2025:01:02:00 +0000] "GET /.env.preprod HTTP/1.1" 404 125 "-" "l9explore/1.2.2"
195.178.110.163 - - [17/Feb/2025:01:02:00 +0000] "GET /www/.git/config HTTP/1.1" 404 125 "-" "l9explore/1.2.2"
195.178.110.163 - - [17/Feb/2025:01:02:00 +0000] "GET /.env.production HTTP/1.1" 404 125 "-" "l9explore/1.2.2"
195.178.110.163 - - [17/Feb/2025:01:02:01 +0000] "GET /.env.local HTTP/1.1" 404 125 "-" "l9explore/1.2.2"
195.178.110.163 - - [17/Feb/2025:01:02:01 +0000] "GET /.env.sandbox HTTP/1.1" 404 125 "-" "l9explore/1.2.2"
195.178.110.163 - - [17/Feb/2025:01:02:01 +0000] "GET /data/.git/config HTTP/1.1" 404 125 "-" "l9explore/1.2.2"
195.178.110.163 - - [17/Feb/2025:01:02:01 +0000] "GET /media/.git/config HTTP/1.1" 404 125 "-" "l9explore/1.2.2"
193.68.89.10 - - [17/Feb/2025:01:03:39 +0000] "GET / HTTP/1.1" 200 124 "-" "Mozilla/5.0 (Windows NT 10.0; Win64; x64) AppleWebKit/537.36 (KHTML, like Gecko) Chrome/90.0.4430.85 Safari/537.36 Edg/90.0.818.46"
193.68.89.51 - - [17/Feb/2025:01:37:43 +0000] "GET / HTTP/1.1" 200 146 "-" "-"
198.235.24.65 - - [17/Feb/2025:01:52:47 +0000] "GET / HTTP/1.1" 200 124 "-" "Expanse, a Palo Alto Networks company, searches across the global IPv4 space multiple times per day to identify customers&#39; presences on the Internet. If you would like to be excluded from our scans, please send IP addresses/domains to: scaninfo@paloaltonetworks.com"
92.246.87.21 - - [17/Feb/2025:02:04:19 +0000] "GET / HTTP/1.1" 200 124 "-" "Mozilla/5.0 (Windows NT 10.0; Win64; x64) AppleWebKit/537.36 (KHTML, like Gecko) Chrome/90.0.4430.85 Safari/537.36 Edg/90.0.818.46"
193.68.89.51 - - [17/Feb/2025:02:14:21 +0000] "GET / HTTP/1.1" 200 146 "-" "-"
95.214.53.198 - - [17/Feb/2025:02:29:30 +0000] "GET ../../etc HTTP/1.1" 400 157 "-" "-"
46.19.143.58 - - [17/Feb/2025:02:38:26 +0000] "GET / HTTP/1.1" 200 124 "-" "Mozilla/5.0 (Windows NT 10.0; Win64; x64) AppleWebKit/537.36 (KHTML, like Gecko) Chrome/90.0.4430.85 Safari/537.36 Edg/90.0.818.46"
185.247.137.116 - - [17/Feb/2025:02:39:03 +0000] "GET / HTTP/1.1" 200 124 "-" "Mozilla/5.0 (compatible; InternetMeasurement/1.0; +https://internet-measurement.com/)"
193.68.89.10 - - [17/Feb/2025:02:39:26 +0000] "GET / HTTP/1.1" 200 124 "-" "Mozilla/5.0 (Windows NT 10.0; Win64; x64) AppleWebKit/537.36 (KHTML, like Gecko) Chrome/90.0.4430.85 Safari/537.36 Edg/90.0.818.46"
45.148.10.90 - - [17/Feb/2025:03:32:11 +0000] "\x16\x03\x01\x00\xEE\x01\x00\x00\xEA\x03\x03;\xFB\xE7\xF3u\x5CUau\xC1\xDFW\xCD\xBB\xE1a\x96\x93\x07\x07U\xF02KHhn\x1B\xA9>\x94j \x1D\xDC\x18\x95\xF5;\xE1\xAB]-\x87\x84N\x83\x0E\x90[\x80\x98^\x22y>\x18\xF3N" 400 157 "-" "-"
45.148.10.90 - - [17/Feb/2025:03:32:11 +0000] "GET / HTTP/1.1" 400 157 "-" "-"
45.148.10.90 - - [17/Feb/2025:03:32:11 +0000] "GET / HTTP/1.1" 200 146 "-" "l9tcpid/v1.1.0"
92.246.87.21 - - [17/Feb/2025:03:33:27 +0000] "GET / HTTP/1.1" 200 124 "-" "Mozilla/5.0 (Windows NT 10.0; Win64; x64) AppleWebKit/537.36 (KHTML, like Gecko) Chrome/90.0.4430.85 Safari/537.36 Edg/90.0.818.46"
80.208.33.208 - - [17/Feb/2025:03:43:20 +0000] "GET / HTTP/1.0" 200 135 "-" "-"
162.142.125.204 - - [17/Feb/2025:03:50:05 +0000] "GET / HTTP/1.1" 200 124 "-" "Mozilla/5.0 (compatible; CensysInspect/1.1; +https://about.censys.io/)"
162.142.125.204 - - [17/Feb/2025:03:50:07 +0000] "GET /favicon.ico HTTP/1.1" 404 125 "-" "Mozilla/5.0 (compatible; CensysInspect/1.1; +https://about.censys.io/)"
162.142.125.204 - - [17/Feb/2025:03:50:09 +0000] "PRI * HTTP/2.0" 400 157 "-" "-"
167.94.138.52 - - [17/Feb/2025:03:52:46 +0000] "GET / HTTP/1.1" 200 124 "-" "Mozilla/5.0 (compatible; CensysInspect/1.1; +https://about.censys.io/)"
167.94.138.52 - - [17/Feb/2025:03:52:48 +0000] "GET /favicon.ico HTTP/1.1" 404 125 "-" "Mozilla/5.0 (compatible; CensysInspect/1.1; +https://about.censys.io/)"
167.94.138.52 - - [17/Feb/2025:03:52:52 +0000] "PRI * HTTP/2.0" 400 157 "-" "-"
193.68.89.51 - - [17/Feb/2025:04:06:45 +0000] "GET / HTTP/1.1" 200 146 "-" "-"
185.232.205.168 - - [17/Feb/2025:04:15:16 +0000] "\x16\x03\x01\x02\x00\x01\x00\x01\xFC\x03\x03\xA7\xEDb\xA4I\x8D\x1D\x9D\x83SY\x80\x9C\x02R\xD9\xA1\xED\xC2#B\x85\xF0\xD7a\x82\xB6\xBCZ\x0F\xF9\x7F \x9D\xD0\x85\xFB* \xC8\x93V\xAF\x94\xA3}(\x99\xAF\xCF\xD9_Bi\x8CQ\x9B=\xAE?=O?v\x02\x00$\x13\x02\x13\x03\x13\x01\xC0,\xC00\xC0+\xC0/\xCC\xA9\xCC\xA8\xC0$\xC0(\xC0#\xC0'\x00\x9F\x00\x9E\x00k\x00g\x00\xFF\x01\x00\x01\x8F\x00\x0B\x00\x04\x03\x00\x01\x02\x00" 400 157 "-" "-"
46.19.143.58 - - [17/Feb/2025:04:30:58 +0000] "GET / HTTP/1.1" 200 124 "-" "Mozilla/5.0 (Windows NT 10.0; Win64; x64) AppleWebKit/537.36 (KHTML, like Gecko) Chrome/90.0.4430.85 Safari/537.36 Edg/90.0.818.46"
193.68.89.10 - - [17/Feb/2025:04:37:47 +0000] "GET / HTTP/1.1" 200 124 "-" "Mozilla/5.0 (Windows NT 10.0; Win64; x64) AppleWebKit/537.36 (KHTML, like Gecko) Chrome/90.0.4430.85 Safari/537.36 Edg/90.0.818.46"
92.246.87.21 - - [17/Feb/2025:05:00:08 +0000] "GET / HTTP/1.1" 200 124 "-" "Mozilla/5.0 (Windows NT 10.0; Win64; x64) AppleWebKit/537.36 (KHTML, like Gecko) Chrome/90.0.4430.85 Safari/537.36 Edg/90.0.818.46"
193.68.89.51 - - [17/Feb/2025:05:03:10 +0000] "GET / HTTP/1.1" 200 146 "-" "-"
193.68.89.51 - - [17/Feb/2025:05:52:08 +0000] "GET / HTTP/1.1" 200 146 "-" "-"
46.19.143.58 - - [17/Feb/2025:06:16:35 +0000] "GET / HTTP/1.1" 200 124 "-" "Mozilla/5.0 (Windows NT 10.0; Win64; x64) AppleWebKit/537.36 (KHTML, like Gecko) Chrome/90.0.4430.85 Safari/537.36 Edg/90.0.818.46"
193.68.89.10 - - [17/Feb/2025:06:22:41 +0000] "GET / HTTP/1.1" 200 124 "-" "Mozilla/5.0 (Windows NT 10.0; Win64; x64) AppleWebKit/537.36 (KHTML, like Gecko) Chrome/90.0.4430.85 Safari/537.36 Edg/90.0.818.46"
117.254.103.221 - - [17/Feb/2025:06:25:18 +0000] "GET /boaform/admin/formLogin?username=admin&psd=admin HTTP/1.0" 404 153 "-" "-"
92.246.87.21 - - [17/Feb/2025:06:26:29 +0000] "GET / HTTP/1.1" 200 124 "-" "Mozilla/5.0 (Windows NT 10.0; Win64; x64) AppleWebKit/537.36 (KHTML, like Gecko) Chrome/90.0.4430.85 Safari/537.36 Edg/90.0.818.46"
193.68.89.51 - - [17/Feb/2025:06:33:25 +0000] "GET / HTTP/1.1" 200 146 "-" "-"
64.62.156.31 - - [17/Feb/2025:06:46:04 +0000] "GET / HTTP/1.1" 200 124 "-" "Mozilla/5.0 (Windows NT 10.0; Win64; x64; rv:109.0) Gecko/20100101 Firefox/115.0"
64.62.156.35 - - [17/Feb/2025:06:46:38 +0000] "GET /favicon.ico HTTP/1.1" 404 125 "-" "Mozilla/5.0 (Windows NT 10.0; Win64; x64; rv:102.0) Gecko/20100101 Firefox/102.0"
64.62.156.29 - - [17/Feb/2025:06:47:02 +0000] "GET http://api.ipify.org/?format=json HTTP/1.1" 200 146 "-" "Mozilla/5.0 (Windows NT 6.1; rv:102.0) Gecko/20100101 Goanna/6.6 Firefox/102.0 PaleMoon/33.0.0"
64.62.156.30 - - [17/Feb/2025:06:47:13 +0000] "CONNECT www.shadowserver.org:443 HTTP/1.1" 400 157 "-" "-"
64.62.156.29 - - [17/Feb/2025:06:47:29 +0000] "GET /geoserver/web/ HTTP/1.1" 404 125 "-" "Mozilla/5.0 (Windows NT 6.1; rv:102.0) Gecko/20100101 Goanna/6.6 Firefox/102.0 PaleMoon/33.0.0"
193.68.89.51 - - [17/Feb/2025:07:30:09 +0000] "GET / HTTP/1.1" 200 146 "-" "-"
92.246.87.21 - - [17/Feb/2025:07:54:58 +0000] "GET / HTTP/1.1" 200 124 "-" "Mozilla/5.0 (Windows NT 10.0; Win64; x64) AppleWebKit/537.36 (KHTML, like Gecko) Chrome/90.0.4430.85 Safari/537.36 Edg/90.0.818.46"
46.19.143.58 - - [17/Feb/2025:08:05:13 +0000] "GET / HTTP/1.1" 200 124 "-" "Mozilla/5.0 (Windows NT 10.0; Win64; x64) AppleWebKit/537.36 (KHTML, like Gecko) Chrome/90.0.4430.85 Safari/537.36 Edg/90.0.818.46"
193.68.89.51 - - [17/Feb/2025:08:20:33 +0000] "GET / HTTP/1.1" 200 146 "-" "-"
141.255.166.90 - - [17/Feb/2025:08:36:01 +0000] "GET /cgi-bin/luci/;stok=/locale HTTP/1.1" 404 153 "-" "-"
109.236.61.85 - - [17/Feb/2025:09:01:25 +0000] "\xFF\x00\x00\x00\x00\x00\x00\x00\x00\x00\x00\x00\x00\x00\xF1\x03%\x00\x00\x00{ \x22Ret\x22 : 100, \x22SessionID\x22 : \x220x0\x22 }" 400 157 "-" "-"
45.135.194.28 - - [17/Feb/2025:09:03:12 +0000] "GET /manager/html HTTP/1.1" 400 157 "-" "-"
193.68.89.51 - - [17/Feb/2025:09:09:20 +0000] "GET / HTTP/1.1" 200 146 "-" "-"
92.246.87.21 - - [17/Feb/2025:09:18:54 +0000] "GET / HTTP/1.1" 200 124 "-" "Mozilla/5.0 (Windows NT 10.0; Win64; x64) AppleWebKit/537.36 (KHTML, like Gecko) Chrome/90.0.4430.85 Safari/537.36 Edg/90.0.818.46"
141.255.166.90 - - [17/Feb/2025:09:32:47 +0000] "GET /cgi-bin/luci/;stok=/locale HTTP/1.1" 404 153 "-" "-"
193.68.89.51 - - [17/Feb/2025:09:54:54 +0000] "GET / HTTP/1.1" 200 146 "-" "-"
46.19.143.58 - - [17/Feb/2025:09:58:58 +0000] "GET / HTTP/1.1" 200 124 "-" "Mozilla/5.0 (Windows NT 10.0; Win64; x64) AppleWebKit/537.36 (KHTML, like Gecko) Chrome/90.0.4430.85 Safari/537.36 Edg/90.0.818.46"
45.148.10.90 - - [17/Feb/2025:10:06:47 +0000] "\x16\x03\x01\x00\xEE\x01\x00\x00\xEA\x03\x03\x97\xD1\xA6\xEC\xB32\xC7\xC4\xA1\xB1:g-" 400 157 "-" "-"
45.148.10.90 - - [17/Feb/2025:10:06:47 +0000] "GET / HTTP/1.1" 400 157 "-" "-"
45.148.10.90 - - [17/Feb/2025:10:06:47 +0000] "GET / HTTP/1.1" 200 146 "-" "l9tcpid/v1.1.0"
185.58.52.78 - - [17/Feb/2025:10:14:22 +0000] "GET / HTTP/1.1" 200 146 "-" "Mozilla/5.0 (Windows NT 6.1; WOW64) AppleWebKit/537.36 (KHTML, like Gecko) Chrome/52.0.2743.116 Safari/537.36"
46.19.143.26 - - [17/Feb/2025:10:24:06 +0000] "GET / HTTP/1.1" 200 146 "-" "-"
193.68.89.51 - - [17/Feb/2025:10:34:49 +0000] "GET / HTTP/1.1" 200 146 "-" "-"
104.152.52.43 - - [17/Feb/2025:11:09:53 +0000] "GET / HTTP/1.0" 200 135 "-" "-"
104.152.52.43 - - [17/Feb/2025:11:09:53 +0000] "GET / HTTP/1.0" 200 135 "-" "-"
104.152.52.43 - - [17/Feb/2025:11:09:53 +0000] "GET /nmaplowercheck1739790593 HTTP/1.1" 404 153 "-" "Mozilla/5.0 (compatible; Nmap Scripting Engine; https://nmap.org/book/nse.html)"
104.152.52.43 - - [17/Feb/2025:11:09:53 +0000] "POST /sdk HTTP/1.1" 404 153 "-" "Mozilla/5.0 (compatible; Nmap Scripting Engine; https://nmap.org/book/nse.html)"
104.152.52.43 - - [17/Feb/2025:11:09:54 +0000] "GET /HNAP1 HTTP/1.1" 404 153 "-" "Mozilla/5.0 (compatible; Nmap Scripting Engine; https://nmap.org/book/nse.html)"
104.152.52.43 - - [17/Feb/2025:11:09:54 +0000] "GET /evox/about HTTP/1.1" 404 153 "-" "Mozilla/5.0 (compatible; Nmap Scripting Engine; https://nmap.org/book/nse.html)"
104.152.52.43 - - [17/Feb/2025:11:09:54 +0000] "GET / HTTP/1.0" 200 135 "-" "-"
104.152.52.43 - - [17/Feb/2025:11:09:54 +0000] "GET / HTTP/1.1" 200 146 "-" "-"
193.68.89.51 - - [17/Feb/2025:11:29:31 +0000] "GET / HTTP/1.1" 200 146 "-" "-"
193.68.89.10 - - [17/Feb/2025:11:33:51 +0000] "GET / HTTP/1.1" 200 124 "-" "Mozilla/5.0 (Windows NT 10.0; Win64; x64) AppleWebKit/537.36 (KHTML, like Gecko) Chrome/90.0.4430.85 Safari/537.36 Edg/90.0.818.46"
46.19.143.58 - - [17/Feb/2025:11:47:43 +0000] "GET / HTTP/1.1" 200 124 "-" "Mozilla/5.0 (Windows NT 10.0; Win64; x64) AppleWebKit/537.36 (KHTML, like Gecko) Chrome/90.0.4430.85 Safari/537.36 Edg/90.0.818.46"
109.205.213.198 - - [17/Feb/2025:11:57:36 +0000] "GET / HTTP/1.1" 200 124 "-" "Mozilla/5.0 (Windows NT 10.0; Win64; x64) AppleWebKit/537.36 (KHTML, like Gecko) Chrome/90.0.4430.85 Safari/537.36 Edg/90.0.818.46"
92.246.87.21 - - [17/Feb/2025:12:09:33 +0000] "GET / HTTP/1.1" 200 124 "-" "Mozilla/5.0 (Windows NT 10.0; Win64; x64) AppleWebKit/537.36 (KHTML, like Gecko) Chrome/90.0.4430.85 Safari/537.36 Edg/90.0.818.46"
193.68.89.51 - - [17/Feb/2025:12:20:49 +0000] "GET / HTTP/1.1" 200 146 "-" "-"
141.255.166.90 - - [17/Feb/2025:12:29:11 +0000] "GET /cgi-bin/luci/;stok=/locale HTTP/1.1" 404 153 "-" "-"
193.68.89.10 - - [17/Feb/2025:13:08:05 +0000] "GET / HTTP/1.1" 200 124 "-" "Mozilla/5.0 (Windows NT 10.0; Win64; x64) AppleWebKit/537.36 (KHTML, like Gecko) Chrome/90.0.4430.85 Safari/537.36 Edg/90.0.818.46"
193.68.89.51 - - [17/Feb/2025:13:18:19 +0000] "GET / HTTP/1.1" 200 146 "-" "-"
65.49.20.94 - - [17/Feb/2025:13:23:58 +0000] "\x16\x03\x01\x00{\x01\x00\x00w\x03\x03irH\x921\x0EpP\x02\x8C6.\x9AyJ3 \x04\x99^a" 400 157 "-" "-"
141.255.166.90 - - [17/Feb/2025:13:27:28 +0000] "GET /cgi-bin/luci/;stok=/locale HTTP/1.1" 404 153 "-" "-"
71.6.232.24 - - [17/Feb/2025:13:41:58 +0000] "GET / HTTP/1.1" 200 124 "-" "Mozilla/5.0 (Windows NT 10.0; Win64; x64) AppleWebKit/537.36 (KHTML, like Gecko) Chrome/74.0.3729.131 Safari/537.36"
46.19.143.58 - - [17/Feb/2025:13:42:47 +0000] "GET / HTTP/1.1" 200 124 "-" "Mozilla/5.0 (Windows NT 10.0; Win64; x64) AppleWebKit/537.36 (KHTML, like Gecko) Chrome/90.0.4430.85 Safari/537.36 Edg/90.0.818.46"
104.152.52.49 - - [17/Feb/2025:13:49:37 +0000] "GET / HTTP/1.0" 200 135 "-" "-"
104.152.52.49 - - [17/Feb/2025:13:49:37 +0000] "GET /nmaplowercheck1739800177 HTTP/1.1" 404 153 "-" "Mozilla/5.0 (compatible; Nmap Scripting Engine; https://nmap.org/book/nse.html)"
104.152.52.49 - - [17/Feb/2025:13:49:37 +0000] "GET / HTTP/1.0" 200 135 "-" "-"
104.152.52.49 - - [17/Feb/2025:13:49:37 +0000] "POST /sdk HTTP/1.1" 404 153 "-" "Mozilla/5.0 (compatible; Nmap Scripting Engine; https://nmap.org/book/nse.html)"
104.152.52.49 - - [17/Feb/2025:13:49:37 +0000] "GET /evox/about HTTP/1.1" 404 153 "-" "Mozilla/5.0 (compatible; Nmap Scripting Engine; https://nmap.org/book/nse.html)"
104.152.52.49 - - [17/Feb/2025:13:49:37 +0000] "GET /HNAP1 HTTP/1.1" 404 153 "-" "Mozilla/5.0 (compatible; Nmap Scripting Engine; https://nmap.org/book/nse.html)"
104.152.52.49 - - [17/Feb/2025:13:49:38 +0000] "GET / HTTP/1.0" 200 135 "-" "-"
104.152.52.49 - - [17/Feb/2025:13:49:38 +0000] "GET / HTTP/1.1" 200 146 "-" "-"
141.255.166.90 - - [17/Feb/2025:14:15:22 +0000] "GET /cgi-bin/luci/;stok=/locale HTTP/1.1" 404 153 "-" "-"
193.68.89.51 - - [17/Feb/2025:14:18:13 +0000] "GET / HTTP/1.1" 200 146 "-" "-"
193.68.89.51 - - [17/Feb/2025:14:50:15 +0000] "GET / HTTP/1.1" 200 146 "-" "-"
193.68.89.10 - - [17/Feb/2025:14:56:23 +0000] "GET / HTTP/1.1" 200 124 "-" "Mozilla/5.0 (Windows NT 10.0; Win64; x64) AppleWebKit/537.36 (KHTML, like Gecko) Chrome/90.0.4430.85 Safari/537.36 Edg/90.0.818.46"
92.246.87.21 - - [17/Feb/2025:15:00:09 +0000] "GET / HTTP/1.1" 200 124 "-" "Mozilla/5.0 (Windows NT 10.0; Win64; x64) AppleWebKit/537.36 (KHTML, like Gecko) Chrome/90.0.4430.85 Safari/537.36 Edg/90.0.818.46"
156.229.233.162 - - [17/Feb/2025:15:15:16 +0000] "CONNECT bernd.group:443 HTTP/1.1" 400 157 "-" "-"
109.205.213.198 - - [17/Feb/2025:15:16:49 +0000] "GET / HTTP/1.1" 200 124 "-" "Mozilla/5.0 (Windows NT 10.0; Win64; x64) AppleWebKit/537.36 (KHTML, like Gecko) Chrome/90.0.4430.85 Safari/537.36 Edg/90.0.818.46"
112.46.214.53 - - [17/Feb/2025:15:28:37 +0000] "GET / HTTP/1.1" 400 157 "-" "-"
193.68.89.51 - - [17/Feb/2025:15:43:31 +0000] "GET / HTTP/1.1" 200 146 "-" "-"
185.12.59.118 - - [17/Feb/2025:15:51:34 +0000] "\x16\x03\x01\x00{\x01\x00\x00w\x03\x03\xB9c\xDFfH\x02\xB0\xE18\x10\xA3\x12F\xB8)-\x99\x83c\x9B\x95o\xDC\xB4\xAFs\x88w\xA4\xFB\xC0.\x00\x00\x1A\xC0/\xC0+\xC0\x11\xC0\x07\xC0\x13\xC0\x09\xC0\x14\xC0" 400 157 "-" "-"
92.246.87.21 - - [17/Feb/2025:16:25:51 +0000] "GET / HTTP/1.1" 200 124 "-" "Mozilla/5.0 (Windows NT 10.0; Win64; x64) AppleWebKit/537.36 (KHTML, like Gecko) Chrome/90.0.4430.85 Safari/537.36 Edg/90.0.818.46"
196.251.115.93 - - [17/Feb/2025:16:26:17 +0000] "CONNECT 193.149.189.126:7227 HTTP/1.1" 400 157 "-" "-"
115.231.78.11 - - [17/Feb/2025:16:27:30 +0000] "GET / HTTP/1.1" 200 146 "-" "Mozilla/5.0 (Windows NT 6.1) AppleWebKit/537.36 (KHTML, like Gecko) Chrome/71.0.2623.112 Safari/537.36"
115.231.78.11 - - [17/Feb/2025:16:27:50 +0000] "GET /favicon.ico HTTP/1.1" 404 188 "-" "Mozilla/5.0 (Windows NT 6.1; WOW64) AppleWebKit/537.36 (KHTML, like Gecko) Chrome/63.0.3239.132 Safari/537.36 QIHU 360SE"
115.231.78.11 - - [17/Feb/2025:16:27:51 +0000] "GET /robots.txt HTTP/1.1" 404 188 "-" "Mozilla/5.0 (Windows NT 6.1; WOW64) AppleWebKit/537.36 (KHTML, like Gecko) Chrome/63.0.3239.132 Safari/537.36 QIHU 360SE"
109.205.213.198 - - [17/Feb/2025:16:32:41 +0000] "GET / HTTP/1.1" 200 124 "-" "Mozilla/5.0 (Windows NT 10.0; Win64; x64) AppleWebKit/537.36 (KHTML, like Gecko) Chrome/90.0.4430.85 Safari/537.36 Edg/90.0.818.46"
193.68.89.51 - - [17/Feb/2025:16:42:46 +0000] "GET / HTTP/1.1" 200 146 "-" "-"
193.68.89.10 - - [17/Feb/2025:16:50:39 +0000] "GET / HTTP/1.1" 200 124 "-" "Mozilla/5.0 (Windows NT 10.0; Win64; x64) AppleWebKit/537.36 (KHTML, like Gecko) Chrome/90.0.4430.85 Safari/537.36 Edg/90.0.818.46"
193.68.89.51 - - [17/Feb/2025:17:22:37 +0000] "GET / HTTP/1.1" 200 146 "-" "-"
141.255.166.90 - - [17/Feb/2025:17:54:38 +0000] "GET /cgi-bin/luci/;stok=/locale HTTP/1.1" 404 153 "-" "-"
114.33.126.178 - - [17/Feb/2025:17:56:31 +0000] "GET / HTTP/1.0" 200 135 "-" "curl/7.88.1"
92.246.87.21 - - [17/Feb/2025:17:57:22 +0000] "GET / HTTP/1.1" 200 124 "-" "Mozilla/5.0 (Windows NT 10.0; Win64; x64) AppleWebKit/537.36 (KHTML, like Gecko) Chrome/90.0.4430.85 Safari/537.36 Edg/90.0.818.46"
46.19.143.58 - - [17/Feb/2025:18:10:25 +0000] "GET / HTTP/1.1" 200 124 "-" "Mozilla/5.0 (Windows NT 10.0; Win64; x64) AppleWebKit/537.36 (KHTML, like Gecko) Chrome/90.0.4430.85 Safari/537.36 Edg/90.0.818.46"
191.19.218.89 - - [17/Feb/2025:18:14:12 +0000] "GET /script HTTP/1.1" 404 153 "-" "Mozilla/5.0 (X11; Linux x86_64; rv:101.0) Gecko/20100101 Firefox/101.0"
193.68.89.51 - - [17/Feb/2025:18:27:48 +0000] "GET / HTTP/1.1" 200 146 "-" "-"
20.238.100.89 - - [17/Feb/2025:18:30:03 +0000] "GET / HTTP/1.1" 200 124 "-" "Python/3.11 aiohttp/3.8.4"
141.255.166.90 - - [17/Feb/2025:18:38:07 +0000] "GET /cgi-bin/luci/;stok=/locale HTTP/1.1" 404 153 "-" "-"
193.68.89.10 - - [17/Feb/2025:18:42:58 +0000] "GET / HTTP/1.1" 200 124 "-" "Mozilla/5.0 (Windows NT 10.0; Win64; x64) AppleWebKit/537.36 (KHTML, like Gecko) Chrome/90.0.4430.85 Safari/537.36 Edg/90.0.818.46"
65.99.116.105 - - [17/Feb/2025:18:43:52 +0000] "GET /boaform/admin/formLogin?username=admin&psd=admin HTTP/1.0" 404 153 "-" "-"
167.99.203.230 - - [17/Feb/2025:18:58:42 +0000] "\x16\x03\x01\x00{\x01\x00\x00w\x03\x03[a\x9C\xC1\x9B\xE7\xFF\x04\x04\xC2\xD1\x88t\x95\xCC \xC1\xD3\x0EI\xFB\xB9\xB2\x5C\xA0c\xE6r\x7FXc\xCC\x00\x00\x1A\xC0/\xC0+\xC0\x11\xC0\x07\xC0\x13\xC0\x09\xC0\x14\xC0" 400 157 "-" "-"
167.99.203.230 - - [17/Feb/2025:18:58:42 +0000] "\x16\x03\x01\x00{\x01\x00\x00w\x03\x03\x14\xE0\x96k\xA1\x06\xFA\x9D\x0F\x850\xF70.+bc\xA2QCf8\x08\xABx\x819\xFF\xA8-\xD3L\x00\x00\x1A\xC0/\xC0+\xC0\x11\xC0\x07\xC0\x13\xC0\x09\xC0\x14\xC0" 400 157 "-" "-"
167.99.203.230 - - [17/Feb/2025:18:58:42 +0000] "GET / HTTP/1.1" 200 124 "-" "Mozilla/5.0 (Windows NT 10.0; Win64; x64) AppleWebKit/537.36 (KHTML, like Gecko) Chrome/108.0.0.0 Safari/537.36"
167.99.203.230 - - [17/Feb/2025:18:58:42 +0000] "GET /download/powershell/ HTTP/1.1" 404 125 "-" "Mozilla/5.0 (Windows NT 6.1; WOW64; Trident/7.0; rv:11.0) like Gecko"
167.99.203.230 - - [17/Feb/2025:18:58:42 +0000] "GET /get.php HTTP/1.1" 404 125 "-" "Mozilla/5.0 (Windows NT 6.1; WOW64; Trident/7.0; rv:11.0) like Gecko"
193.68.89.51 - - [17/Feb/2025:19:03:22 +0000] "GET / HTTP/1.1" 200 146 "-" "-"
92.246.87.21 - - [17/Feb/2025:19:25:32 +0000] "GET / HTTP/1.1" 200 124 "-" "Mozilla/5.0 (Windows NT 10.0; Win64; x64) AppleWebKit/537.36 (KHTML, like Gecko) Chrome/90.0.4430.85 Safari/537.36 Edg/90.0.818.46"
141.255.166.90 - - [17/Feb/2025:19:30:42 +0000] "GET /cgi-bin/luci/;stok=/locale HTTP/1.1" 404 153 "-" "-"
195.178.110.163 - - [17/Feb/2025:19:46:02 +0000] "\x16\x03\x01\x00\xEE\x01\x00\x00\xEA\x03\x03\x5C\xEDP\xB12\xECc\x82\x04\xABS\x8Fp\xD3Uq|\xCF\xF4p\xDAP\x00*\xC12UEg\x1A[\x99 \x9E\xBF\xC6Rc\xD5\xB2\x89\x1E\xF1\xF1\xC2Sg$\xD0\xA8\xBC\x9D\xE2\xFD\xDB\xA5\xA4\x02\xD0h\xBE\xA6\x02\xF8Z\x00&\xC0+\xC0/\xC0,\xC00\xCC\xA9\xCC\xA8\xC0\x09\xC0\x13\xC0" 400 157 "-" "-"
195.178.110.163 - - [17/Feb/2025:19:46:02 +0000] "GET / HTTP/1.1" 400 157 "-" "-"
195.178.110.163 - - [17/Feb/2025:19:46:02 +0000] "GET / HTTP/1.1" 200 146 "-" "l9tcpid/v1.1.0"
192.155.90.220 - - [17/Feb/2025:19:52:36 +0000] "\x16\x03\x01\x01" 400 157 "-" "-"
192.155.90.220 - - [17/Feb/2025:19:52:36 +0000] "\x16\x03\x01\x01" 400 157 "-" "-"
196.251.117.173 - - [17/Feb/2025:19:53:13 +0000] "CONNECT 45.61.136.175:7227 HTTP/1.1" 400 157 "-" "-"
195.178.110.163 - - [17/Feb/2025:19:58:43 +0000] "\x16\x03\x01\x00\xEE\x01\x00\x00\xEA\x03\x03u\x82\xAC\x82\x13\x96G\x16Cv\x90\x1A{\xF2\xED\x86]<8$N\xC2\xDA\xD5\x22\xB9$\x81\xED" 400 157 "-" "-"
195.178.110.163 - - [17/Feb/2025:19:58:43 +0000] "GET / HTTP/1.1" 400 157 "-" "-"
195.178.110.163 - - [17/Feb/2025:19:58:44 +0000] "GET / HTTP/1.1" 200 146 "-" "l9tcpid/v1.1.0"
195.178.110.163 - - [17/Feb/2025:19:58:44 +0000] "GET /.env.dist HTTP/1.1" 404 125 "-" "l9explore/1.2.2"
195.178.110.163 - - [17/Feb/2025:19:58:44 +0000] "GET /.env_sample HTTP/1.1" 404 125 "-" "l9explore/1.2.2"
195.178.110.163 - - [17/Feb/2025:19:58:44 +0000] "GET /.env.test HTTP/1.1" 404 125 "-" "l9explore/1.2.2"
46.19.143.58 - - [17/Feb/2025:20:02:37 +0000] "GET / HTTP/1.1" 200 124 "-" "Mozilla/5.0 (Windows NT 10.0; Win64; x64) AppleWebKit/537.36 (KHTML, like Gecko) Chrome/90.0.4430.85 Safari/537.36 Edg/90.0.818.46"
193.68.89.51 - - [17/Feb/2025:20:07:02 +0000] "GET / HTTP/1.1" 200 146 "-" "-"
205.210.31.237 - - [17/Feb/2025:20:13:05 +0000] "\x16\x03\x01\x00\xCA\x01\x00\x00\xC6\x03\x03O" 400 157 "-" "-"
205.210.31.237 - - [17/Feb/2025:20:13:05 +0000] "\x16\x03\x01\x00\xEE\x01\x00\x00\xEA\x03\x03[\xA2W\xAA\xC7}NIb\x10(\xF0\x01C\x0E\xBCD7\xB2;\xB32c\xF4S\xAF\xF6\xDB\x80\xB3\x90\x1D 0\x1B_0\xDC\x9C\xBA\xB1z\xC9I\x1E\x08\xA7B\x19\xB7n\x91\x86\xBE\x9D\xE7l\xA7\xF5\xD04\xBC\x0C\xBB\x8E\x00&\xC0+\xC0/\xC0,\xC00\xCC\xA9\xCC\xA8\xC0\x09\xC0\x13\xC0" 400 157 "-" "-"
193.68.89.10 - - [17/Feb/2025:20:16:56 +0000] "GET / HTTP/1.1" 200 124 "-" "Mozilla/5.0 (Windows NT 10.0; Win64; x64) AppleWebKit/537.36 (KHTML, like Gecko) Chrome/90.0.4430.85 Safari/537.36 Edg/90.0.818.46"
141.255.166.90 - - [17/Feb/2025:20:19:16 +0000] "GET /cgi-bin/luci/;stok=/locale HTTP/1.1" 404 153 "-" "-"
46.105.70.190 - - [17/Feb/2025:20:25:28 +0000] "GET / HTTP/1.1" 200 124 "-" "Mozilla/5.0 (compatible; ModatScanner/1.0; +https://modat.io/)"
92.246.87.21 - - [17/Feb/2025:20:48:26 +0000] "GET / HTTP/1.1" 200 124 "-" "Mozilla/5.0 (Windows NT 10.0; Win64; x64) AppleWebKit/537.36 (KHTML, like Gecko) Chrome/90.0.4430.85 Safari/537.36 Edg/90.0.818.46"
193.68.89.51 - - [17/Feb/2025:20:50:49 +0000] "GET / HTTP/1.1" 200 146 "-" "-"
141.255.166.90 - - [17/Feb/2025:21:09:14 +0000] "GET /cgi-bin/luci/;stok=/locale HTTP/1.1" 404 153 "-" "-"
172.169.191.207 - - [17/Feb/2025:21:14:21 +0000] "GET / HTTP/1.1" 200 124 "-" "Mozilla/5.0 zgrab/0.x"
78.108.177.50 - - [17/Feb/2025:21:16:10 +0000] "GET / HTTP/1.0" 200 135 "-" "Mozilla/5.0 (compatible; MSIE 9.0; Windows NT 6.0; Trident/5.0;  Trident/5.0)"
193.68.89.51 - - [17/Feb/2025:21:41:53 +0000] "GET / HTTP/1.1" 200 146 "-" "-"
46.19.143.58 - - [17/Feb/2025:21:50:20 +0000] "GET / HTTP/1.1" 200 124 "-" "Mozilla/5.0 (Windows NT 10.0; Win64; x64) AppleWebKit/537.36 (KHTML, like Gecko) Chrome/90.0.4430.85 Safari/537.36 Edg/90.0.818.46"
141.255.166.90 - - [17/Feb/2025:21:51:19 +0000] "GET /cgi-bin/luci/;stok=/locale HTTP/1.1" 404 153 "-" "-"
172.245.40.162 - - [17/Feb/2025:21:58:56 +0000] "GET / HTTP/1.1" 200 124 "-" "Mozilla/5.0"
193.68.89.10 - - [17/Feb/2025:22:02:02 +0000] "GET / HTTP/1.1" 200 124 "-" "Mozilla/5.0 (Windows NT 10.0; Win64; x64) AppleWebKit/537.36 (KHTML, like Gecko) Chrome/90.0.4430.85 Safari/537.36 Edg/90.0.818.46"
92.246.87.21 - - [17/Feb/2025:22:15:24 +0000] "GET / HTTP/1.1" 200 124 "-" "Mozilla/5.0 (Windows NT 10.0; Win64; x64) AppleWebKit/537.36 (KHTML, like Gecko) Chrome/90.0.4430.85 Safari/537.36 Edg/90.0.818.46"
18.97.5.58 - - [17/Feb/2025:22:28:23 +0000] "GET / HTTP/1.1" 200 124 "-" "Mozilla/5.0 (Windows NT 6.2;en-US) AppleWebKit/537.32.36 (KHTML, live Gecko) Chrome/54.0.3023.84 Safari/537.32"
109.205.213.198 - - [17/Feb/2025:22:40:28 +0000] "GET / HTTP/1.1" 200 124 "-" "Mozilla/5.0 (Windows NT 10.0; Win64; x64) AppleWebKit/537.36 (KHTML, like Gecko) Chrome/90.0.4430.85 Safari/537.36 Edg/90.0.818.46"
193.68.89.51 - - [17/Feb/2025:22:42:47 +0000] "GET / HTTP/1.1" 200 146 "-" "-"
141.255.166.90 - - [17/Feb/2025:22:43:58 +0000] "GET /cgi-bin/luci/;stok=/locale HTTP/1.1" 404 153 "-" "-"
92.255.57.58 - - [17/Feb/2025:22:49:46 +0000] "GET /?XDEBUG_SESSION_START=phpstorm HTTP/1.1" 200 124 "-" "Mozilla/5.0 (Windows NT 10.0; Win64; x64) AppleWebKit/537.36 (KHTML, like Gecko) Chrome/78.0.3904.108 Safari/537.36"
92.255.57.58 - - [17/Feb/2025:23:09:07 +0000] "GET /actuator/gateway/routes HTTP/1.1" 404 188 "-" "Mozilla/5.0 (Windows NT 10.0; Win64; x64) AppleWebKit/537.36 (KHTML, like Gecko) Chrome/78.0.3904.108 Safari/537.36"
193.68.89.51 - - [17/Feb/2025:23:23:41 +0000] "GET / HTTP/1.1" 200 146 "-" "-"
205.210.31.33 - - [17/Feb/2025:23:27:09 +0000] "GET / HTTP/1.1" 200 124 "-" "Expanse, a Palo Alto Networks company, searches across the global IPv4 space multiple times per day to identify customers&#39; presences on the Internet. If you would like to be excluded from our scans, please send IP addresses/domains to: scaninfo@paloaltonetworks.com"
141.255.166.90 - - [17/Feb/2025:23:40:38 +0000] "GET /cgi-bin/luci/;stok=/locale HTTP/1.1" 404 153 "-" "-"
46.19.143.58 - - [17/Feb/2025:23:43:00 +0000] "GET / HTTP/1.1" 200 124 "-" "Mozilla/5.0 (Windows NT 10.0; Win64; x64) AppleWebKit/537.36 (KHTML, like Gecko) Chrome/90.0.4430.85 Safari/537.36 Edg/90.0.818.46"
92.246.87.21 - - [17/Feb/2025:23:43:42 +0000] "GET / HTTP/1.1" 200 124 "-" "Mozilla/5.0 (Windows NT 10.0; Win64; x64) AppleWebKit/537.36 (KHTML, like Gecko) Chrome/90.0.4430.85 Safari/537.36 Edg/90.0.818.46"
193.68.89.10 - - [17/Feb/2025:23:46:56 +0000] "GET / HTTP/1.1" 200 124 "-" "Mozilla/5.0 (Windows NT 10.0; Win64; x64) AppleWebKit/537.36 (KHTML, like Gecko) Chrome/90.0.4430.85 Safari/537.36 Edg/90.0.818.46"
46.19.143.10 - - [18/Feb/2025:00:02:48 +0000] "GET /cgi-bin/luci/;stok=/locale HTTP/1.1" 404 153 "-" "-"
71.6.199.23 - - [18/Feb/2025:00:12:33 +0000] "GET / HTTP/1.1" 200 146 "-" "Mozilla/5.0 (Windows NT 6.1) AppleWebKit/537.36 (KHTML, like Gecko) Chrome/41.0.2228.0 Safari/537.36"
71.6.199.23 - - [18/Feb/2025:00:12:35 +0000] "GET /favicon.ico HTTP/1.1" 404 188 "-" "Mozilla/5.0 (Windows NT 10.0; Win64; x64) AppleWebKit/537.36 (KHTML, like Gecko) Chrome/102.0.5005.63 Safari/537.36"
71.6.199.23 - - [18/Feb/2025:00:12:35 +0000] "GET / HTTP/1.1" 200 124 "-" "Mozilla/5.0 (Windows NT 10.0; Win64; x64) AppleWebKit/537.36 (KHTML, like Gecko) Chrome/102.0.5005.63 Safari/537.36"
193.68.89.51 - - [18/Feb/2025:00:17:09 +0000] "GET / HTTP/1.1" 200 146 "-" "-"
109.205.213.198 - - [18/Feb/2025:00:28:42 +0000] "GET / HTTP/1.1" 200 124 "-" "Mozilla/5.0 (Windows NT 10.0; Win64; x64) AppleWebKit/537.36 (KHTML, like Gecko) Chrome/90.0.4430.85 Safari/537.36 Edg/90.0.818.46"
193.68.89.51 - - [18/Feb/2025:00:55:30 +0000] "GET / HTTP/1.1" 200 146 "-" "-"
92.246.87.21 - - [18/Feb/2025:01:09:32 +0000] "GET / HTTP/1.1" 200 124 "-" "Mozilla/5.0 (Windows NT 10.0; Win64; x64) AppleWebKit/537.36 (KHTML, like Gecko) Chrome/90.0.4430.85 Safari/537.36 Edg/90.0.818.46"
206.168.34.39 - - [18/Feb/2025:01:18:43 +0000] "GET / HTTP/1.1" 200 146 "-" "-"
206.168.34.39 - - [18/Feb/2025:01:18:57 +0000] "GET / HTTP/1.1" 200 124 "-" "Mozilla/5.0 (compatible; CensysInspect/1.1; +https://about.censys.io/)"
206.168.34.39 - - [18/Feb/2025:01:19:00 +0000] "GET /favicon.ico HTTP/1.1" 404 125 "-" "Mozilla/5.0 (compatible; CensysInspect/1.1; +https://about.censys.io/)"
206.168.34.39 - - [18/Feb/2025:01:19:01 +0000] "PRI * HTTP/2.0" 400 157 "-" "-"
165.154.134.156 - - [18/Feb/2025:01:20:57 +0000] "GET / HTTP/1.1" 200 146 "-" "curl/7.29.0"
165.154.134.156 - - [18/Feb/2025:01:20:58 +0000] "\x16\x03\x01\x00\xF2\x01\x00\x00\xEE\x03\x03F9_\xAD\xB1\xF8\xFE\x91\x0F\xCD[\xF7\x01\xE4\xA7\xF8\x1D\x8F\xBAS\xF7\xB7\x87;\x98h]\xB5*\x9Ej` \x08)\xCCo\xF9\xCC\xC1Ly4\xA0\x86\xDE\xAE\xF0\xC9\x82\x86\x86,\xF8\xCA\x10\xEC\x11P\x5CW\x1F$\x88\xBE\x00&\xC0+\xC0/\xC0,\xC00\xCC\xA9\xCC\xA8\xC0\x09\xC0\x13\xC0" 400 157 "-" "-"
165.154.134.156 - - [18/Feb/2025:01:20:58 +0000] "t3 12.1.2" 400 157 "-" "-"
118.193.36.63 - - [18/Feb/2025:01:21:38 +0000] "GET / HTTP/1.1" 200 124 "-" "Mozilla/5.0 (Windows NT 8_0_2; Win64; x64) AppleWebKit/588.42 (KHTML, like Gecko) Chrome/73.0.1325 Safari/537.36"
118.193.36.63 - - [18/Feb/2025:01:21:38 +0000] "GET /favicon.ico HTTP/1.1" 404 125 "-" "Go-http-client/1.1"
118.193.36.63 - - [18/Feb/2025:01:21:39 +0000] "GET /sitemap.xml HTTP/1.1" 404 125 "-" "Go-http-client/1.1"
118.193.36.63 - - [18/Feb/2025:01:21:39 +0000] "GET /robots.txt HTTP/1.1" 404 125 "-" "Go-http-client/1.1"
193.68.89.10 - - [18/Feb/2025:01:23:57 +0000] "GET / HTTP/1.1" 200 124 "-" "Mozilla/5.0 (Windows NT 10.0; Win64; x64) AppleWebKit/537.36 (KHTML, like Gecko) Chrome/90.0.4430.85 Safari/537.36 Edg/90.0.818.46"
46.19.143.58 - - [18/Feb/2025:01:35:50 +0000] "GET / HTTP/1.1" 200 124 "-" "Mozilla/5.0 (Windows NT 10.0; Win64; x64) AppleWebKit/537.36 (KHTML, like Gecko) Chrome/90.0.4430.85 Safari/537.36 Edg/90.0.818.46"
193.68.89.51 - - [18/Feb/2025:01:42:07 +0000] "GET / HTTP/1.1" 200 146 "-" "-"
104.234.115.163 - - [18/Feb/2025:02:10:13 +0000] "\x00\x00\x00\x00\x00\x00\x00\x00\x00\x00\x00\x00\x00\x00\x00\x00\x00\x00\x00\x00" 400 157 "-" "-"
104.234.115.163 - - [18/Feb/2025:02:10:18 +0000] "\x16\x03\x01\x00{\x01\x00\x00w\x03\x03\xAAc!\x1D\xCA#" 400 157 "-" "-"
104.234.115.163 - - [18/Feb/2025:02:10:30 +0000] "GET / HTTP/1.1" 200 124 "-" "'Mozilla/5.0 (compatible; GenomeCrawlerd/1.0; +https://www.nokia.com/genomecrawler)'"
104.234.115.163 - - [18/Feb/2025:02:11:35 +0000] "\x16\x03\x01\x00\xB1\x01\x00\x00\xAD\x03\x03. <\xB4C[/\x87\xB6;\x83m\x7F\xF0\x1A\xED\x8B\xAE}\xC9A\xC8y\xFC\x0F\x96\xF5W`\x126o\x00\x00P\xC0/\xC0+\xC0\x11\xC0\x07\xC0\x13\xC0\x09\xC0\x14\xC0" 400 157 "-" "-"
104.234.115.163 - - [18/Feb/2025:02:11:41 +0000] "GET /favicon.ico HTTP/1.1" 404 125 "-" "'Mozilla/5.0 (compatible; GenomeCrawlerd/1.0; +https://www.nokia.com/genomecrawler)'"
220.132.194.158 - - [18/Feb/2025:02:26:30 +0000] "GET / HTTP/1.0" 200 135 "-" "curl/7.88.1"
92.246.87.21 - - [18/Feb/2025:02:37:26 +0000] "GET / HTTP/1.1" 200 124 "-" "Mozilla/5.0 (Windows NT 10.0; Win64; x64) AppleWebKit/537.36 (KHTML, like Gecko) Chrome/90.0.4430.85 Safari/537.36 Edg/90.0.818.46"
91.203.18.40 - - [18/Feb/2025:03:06:02 +0000] "GET / HTTP/1.0" 200 135 "-" "curl/7.88.1"
193.68.89.10 - - [18/Feb/2025:03:09:20 +0000] "GET / HTTP/1.1" 200 124 "-" "Mozilla/5.0 (Windows NT 10.0; Win64; x64) AppleWebKit/537.36 (KHTML, like Gecko) Chrome/90.0.4430.85 Safari/537.36 Edg/90.0.818.46"
116.86.237.153 - - [18/Feb/2025:03:10:44 +0000] "GET / HTTP/1.0" 200 135 "-" "curl/7.88.1"
46.19.143.58 - - [18/Feb/2025:03:26:16 +0000] "GET / HTTP/1.1" 200 124 "-" "Mozilla/5.0 (Windows NT 10.0; Win64; x64) AppleWebKit/537.36 (KHTML, like Gecko) Chrome/90.0.4430.85 Safari/537.36 Edg/90.0.818.46"
193.68.89.51 - - [18/Feb/2025:03:37:44 +0000] "GET / HTTP/1.1" 200 146 "-" "-"
114.33.3.24 - - [18/Feb/2025:03:51:15 +0000] "GET / HTTP/1.0" 200 135 "-" "curl/7.88.1"
83.173.213.98 - - [18/Feb/2025:03:59:20 +0000] "GET / HTTP/1.0" 200 135 "-" "-"
92.246.87.21 - - [18/Feb/2025:04:04:29 +0000] "GET / HTTP/1.1" 200 124 "-" "Mozilla/5.0 (Windows NT 10.0; Win64; x64) AppleWebKit/537.36 (KHTML, like Gecko) Chrome/90.0.4430.85 Safari/537.36 Edg/90.0.818.46"
193.68.89.51 - - [18/Feb/2025:04:13:52 +0000] "GET / HTTP/1.1" 200 146 "-" "-"
193.68.89.10 - - [18/Feb/2025:04:45:37 +0000] "GET / HTTP/1.1" 200 124 "-" "Mozilla/5.0 (Windows NT 10.0; Win64; x64) AppleWebKit/537.36 (KHTML, like Gecko) Chrome/90.0.4430.85 Safari/537.36 Edg/90.0.818.46"
96.52.80.169 - - [18/Feb/2025:04:57:01 +0000] "DESCRIBE rtsp://193.93.76.135:8080/0x8b6c42 RTSP/1.0" 400 157 "-" "-"
46.19.143.58 - - [18/Feb/2025:05:17:30 +0000] "GET / HTTP/1.1" 200 124 "-" "Mozilla/5.0 (Windows NT 10.0; Win64; x64) AppleWebKit/537.36 (KHTML, like Gecko) Chrome/90.0.4430.85 Safari/537.36 Edg/90.0.818.46"
92.246.87.21 - - [18/Feb/2025:05:32:31 +0000] "GET / HTTP/1.1" 200 124 "-" "Mozilla/5.0 (Windows NT 10.0; Win64; x64) AppleWebKit/537.36 (KHTML, like Gecko) Chrome/90.0.4430.85 Safari/537.36 Edg/90.0.818.46"
84.252.24.61 - - [18/Feb/2025:05:59:00 +0000] "GET / HTTP/1.0" 200 135 "-" "curl/7.88.1"
84.252.24.61 - - [18/Feb/2025:05:59:01 +0000] "GET / HTTP/1.0" 200 135 "-" "curl/7.88.1"
193.68.89.51 - - [18/Feb/2025:06:00:14 +0000] "GET / HTTP/1.1" 200 146 "-" "-"
112.46.213.73 - - [18/Feb/2025:06:34:43 +0000] "GET / HTTP/1.1" 400 157 "-" "-"
193.68.89.10 - - [18/Feb/2025:06:39:02 +0000] "GET / HTTP/1.1" 200 124 "-" "Mozilla/5.0 (Windows NT 10.0; Win64; x64) AppleWebKit/537.36 (KHTML, like Gecko) Chrome/90.0.4430.85 Safari/537.36 Edg/90.0.818.46"
31.135.160.113 - - [18/Feb/2025:06:41:06 +0000] "GET / HTTP/1.0" 200 135 "-" "curl/7.88.1"
31.135.160.113 - - [18/Feb/2025:06:41:10 +0000] "GET / HTTP/1.0" 200 135 "-" "curl/7.88.1"
193.68.89.51 - - [18/Feb/2025:06:47:34 +0000] "GET / HTTP/1.1" 200 146 "-" "-"
92.246.87.21 - - [18/Feb/2025:06:57:24 +0000] "GET / HTTP/1.1" 200 124 "-" "Mozilla/5.0 (Windows NT 10.0; Win64; x64) AppleWebKit/537.36 (KHTML, like Gecko) Chrome/90.0.4430.85 Safari/537.36 Edg/90.0.818.46"
46.19.143.58 - - [18/Feb/2025:07:05:49 +0000] "GET / HTTP/1.1" 200 124 "-" "Mozilla/5.0 (Windows NT 10.0; Win64; x64) AppleWebKit/537.36 (KHTML, like Gecko) Chrome/90.0.4430.85 Safari/537.36 Edg/90.0.818.46"
193.68.89.51 - - [18/Feb/2025:07:48:42 +0000] "GET / HTTP/1.1" 200 146 "-" "-"
205.210.31.223 - - [18/Feb/2025:07:57:28 +0000] "GET / HTTP/1.0" 200 135 "-" "Expanse, a Palo Alto Networks company, searches across the global IPv4 space multiple times per day to identify customers&#39; presences on the Internet. If you would like to be excluded from our scans, please send IP addresses/domains to: scaninfo@paloaltonetworks.com"
75.119.128.89 - - [18/Feb/2025:08:06:28 +0000] "GET / HTTP/1.1" 200 124 "-" "Mozilla/5.0 (X11; Linux x86_64) AppleWebKit/537.36 (KHTML, like Gecko) Chrome/125.0.0.0 Safari/537.36"
75.119.128.89 - - [18/Feb/2025:08:06:28 +0000] "GET /favicon.ico HTTP/1.1" 404 188 "-" "Mozilla/5.0 (X11; Linux x86_64) AppleWebKit/537.36 (KHTML, like Gecko) Chrome/125.0.0.0 Safari/537.36"
75.119.128.89 - - [18/Feb/2025:08:06:33 +0000] "\x16\x03\x01\x00\xF2\x01\x00\x00\xEE\x03\x03\x19\xC8Wx1\xE1x!'\xF3\xEF\xAC\xBD\xE6DNH\x89\xCC\x00\xC4Z\xE7W\xB0~9R\x03\x9E(\xB8 \xEE\xDC\x17\xA9\x13\xD0\xC9\xB1\x1C\x03" 400 157 "-" "-"
2.57.122.234 - - [18/Feb/2025:08:07:50 +0000] "GET / HTTP/1.1" 200 124 "-" "Mozilla/5.0 zgrab/0.x"
193.68.89.10 - - [18/Feb/2025:08:22:10 +0000] "GET / HTTP/1.1" 200 124 "-" "Mozilla/5.0 (Windows NT 10.0; Win64; x64) AppleWebKit/537.36 (KHTML, like Gecko) Chrome/90.0.4430.85 Safari/537.36 Edg/90.0.818.46"
78.108.177.50 - - [18/Feb/2025:08:22:55 +0000] "GET / HTTP/1.0" 200 135 "-" "Mozilla/5.0 (compatible; MSIE 9.0; Windows NT 6.0; Trident/5.0;  Trident/5.0)"
92.246.87.21 - - [18/Feb/2025:08:27:47 +0000] "GET / HTTP/1.1" 200 124 "-" "Mozilla/5.0 (Windows NT 10.0; Win64; x64) AppleWebKit/537.36 (KHTML, like Gecko) Chrome/90.0.4430.85 Safari/537.36 Edg/90.0.818.46"
193.68.89.51 - - [18/Feb/2025:08:34:13 +0000] "GET / HTTP/1.1" 200 146 "-" "-"
193.68.89.51 - - [18/Feb/2025:09:18:17 +0000] "GET / HTTP/1.1" 200 146 "-" "-"
141.255.166.90 - - [18/Feb/2025:09:36:05 +0000] "GET /cgi-bin/luci/;stok=/locale HTTP/1.1" 404 153 "-" "-"
109.205.213.198 - - [18/Feb/2025:09:55:31 +0000] "GET / HTTP/1.1" 200 124 "-" "Mozilla/5.0 (Windows NT 10.0; Win64; x64) AppleWebKit/537.36 (KHTML, like Gecko) Chrome/90.0.4430.85 Safari/537.36 Edg/90.0.818.46"
193.68.89.10 - - [18/Feb/2025:10:09:55 +0000] "GET / HTTP/1.1" 200 124 "-" "Mozilla/5.0 (Windows NT 10.0; Win64; x64) AppleWebKit/537.36 (KHTML, like Gecko) Chrome/90.0.4430.85 Safari/537.36 Edg/90.0.818.46"
46.19.143.58 - - [18/Feb/2025:10:10:22 +0000] "GET / HTTP/1.1" 200 124 "-" "Mozilla/5.0 (Windows NT 10.0; Win64; x64) AppleWebKit/537.36 (KHTML, like Gecko) Chrome/90.0.4430.85 Safari/537.36 Edg/90.0.818.46"
141.255.166.90 - - [18/Feb/2025:10:21:29 +0000] "GET /cgi-bin/luci/;stok=/locale HTTP/1.1" 404 153 "-" "-"
193.68.89.51 - - [18/Feb/2025:10:26:30 +0000] "GET / HTTP/1.1" 200 146 "-" "-"
141.255.166.90 - - [18/Feb/2025:11:04:14 +0000] "GET /cgi-bin/luci/;stok=/locale HTTP/1.1" 404 153 "-" "-"
193.68.89.51 - - [18/Feb/2025:11:08:38 +0000] "GET / HTTP/1.1" 200 146 "-" "-"
73.136.188.196 - - [18/Feb/2025:11:16:28 +0000] "GET / HTTP/1.1" 200 146 "-" "-"
184.105.247.207 - - [18/Feb/2025:11:35:32 +0000] "GET / HTTP/1.1" 200 124 "-" "Mozilla/5.0 (Windows NT 10.0; Win64; x64) AppleWebKit/537.36 (KHTML, like Gecko) Chrome/125.0.0.0 Safari/537.36 Edg/125.0.0.0"
92.246.87.21 - - [18/Feb/2025:11:36:05 +0000] "GET / HTTP/1.1" 200 124 "-" "Mozilla/5.0 (Windows NT 10.0; Win64; x64) AppleWebKit/537.36 (KHTML, like Gecko) Chrome/90.0.4430.85 Safari/537.36 Edg/90.0.818.46"
184.105.247.243 - - [18/Feb/2025:11:36:28 +0000] "GET /favicon.ico HTTP/1.1" 404 125 "-" "Mozilla/5.0 (X11; Ubuntu; Linux x86_64; rv:109.0) Gecko/20100101 Firefox/110.0"
184.105.247.203 - - [18/Feb/2025:11:36:56 +0000] "GET http://api.ipify.org/?format=json HTTP/1.1" 200 146 "-" "Mozilla/5.0 (Macintosh; Intel Mac OS X 10_15_7) AppleWebKit/605.1.15 (KHTML, like Gecko) Version/15.4 Safari/605.1.15"
184.105.247.195 - - [18/Feb/2025:11:37:21 +0000] "CONNECT www.shadowserver.org:443 HTTP/1.1" 400 157 "-" "-"
184.105.247.231 - - [18/Feb/2025:11:37:52 +0000] "GET /geoserver/web/ HTTP/1.1" 404 125 "-" "Mozilla/5.0 (Macintosh; Intel Mac OS X 10_15_7) AppleWebKit/605.1.15 (KHTML, like Gecko) Version/15.4 Safari/605.1.15"
46.170.159.222 - - [18/Feb/2025:11:51:09 +0000] "GET / HTTP/1.1" 200 146 "-" "Mozilla/5.0 (Windows NT 10.0; WOW64) AppleWebKit/537.36 (KHTML, like Gecko) Chrome/52.0.2743.116 Safari/537.36"
141.255.166.90 - - [18/Feb/2025:11:55:44 +0000] "GET /cgi-bin/luci/;stok=/locale HTTP/1.1" 404 153 "-" "-"
193.68.89.51 - - [18/Feb/2025:12:05:15 +0000] "GET / HTTP/1.1" 200 146 "-" "-"
42.224.137.30 - - [18/Feb/2025:12:23:38 +0000] "GET /boaform/admin/formLogin?username=user&psd=user HTTP/1.0" 404 153 "-" "-"
146.190.25.201 - - [18/Feb/2025:12:32:26 +0000] "GET / HTTP/1.1" 200 124 "-" "Mozilla/5.0 (compatible)"
146.190.25.201 - - [18/Feb/2025:12:32:26 +0000] "GET /favicon.ico HTTP/1.1" 404 125 "http://193.93.76.135:8080/" "Mozilla/5.0 (compatible)"
141.255.166.90 - - [18/Feb/2025:12:46:56 +0000] "GET /cgi-bin/luci/;stok=/locale HTTP/1.1" 404 153 "-" "-"
195.178.110.163 - - [18/Feb/2025:12:53:56 +0000] "\x16\x03\x01\x00\xEE\x01\x00\x00\xEA\x03\x03\x1Cu\x1D-" 400 157 "-" "-"
195.178.110.163 - - [18/Feb/2025:12:53:56 +0000] "GET / HTTP/1.1" 400 157 "-" "-"
195.178.110.163 - - [18/Feb/2025:12:53:56 +0000] "GET / HTTP/1.1" 200 146 "-" "l9tcpid/v1.1.0"
195.178.110.163 - - [18/Feb/2025:12:53:56 +0000] "GET /.env.save HTTP/1.1" 404 125 "-" "l9explore/1.2.2"
195.178.110.163 - - [18/Feb/2025:12:53:56 +0000] "GET /project/.git/config HTTP/1.1" 404 125 "-" "l9explore/1.2.2"
195.178.110.163 - - [18/Feb/2025:12:53:56 +0000] "GET /media/.git/config HTTP/1.1" 404 125 "-" "l9explore/1.2.2"
195.178.110.163 - - [18/Feb/2025:12:53:56 +0000] "GET /.env.dist HTTP/1.1" 404 125 "-" "l9explore/1.2.2"
195.178.110.163 - - [18/Feb/2025:12:53:57 +0000] "GET /.env.sandbox HTTP/1.1" 404 125 "-" "l9explore/1.2.2"
195.178.110.163 - - [18/Feb/2025:12:53:57 +0000] "GET /.env.testing HTTP/1.1" 404 125 "-" "l9explore/1.2.2"
195.178.110.163 - - [18/Feb/2025:12:53:57 +0000] "GET /files/.git/config HTTP/1.1" 404 125 "-" "l9explore/1.2.2"
195.178.110.163 - - [18/Feb/2025:12:53:57 +0000] "GET /static../.git/config HTTP/1.1" 404 125 "-" "l9explore/1.2.2"
195.178.110.163 - - [18/Feb/2025:12:53:57 +0000] "GET /.env.production.local HTTP/1.1" 404 125 "-" "l9explore/1.2.2"
195.178.110.163 - - [18/Feb/2025:12:53:57 +0000] "GET /.env.uat HTTP/1.1" 404 125 "-" "l9explore/1.2.2"
195.178.110.163 - - [18/Feb/2025:12:53:58 +0000] "GET /dev/.git/config HTTP/1.1" 404 125 "-" "l9explore/1.2.2"
195.178.110.163 - - [18/Feb/2025:12:53:58 +0000] "GET /docker-compose.prod.yml HTTP/1.1" 404 125 "-" "l9explore/1.2.2"
193.68.89.51 - - [18/Feb/2025:13:00:19 +0000] "GET / HTTP/1.1" 200 146 "-" "-"
92.246.87.21 - - [18/Feb/2025:13:04:03 +0000] "GET / HTTP/1.1" 200 124 "-" "Mozilla/5.0 (Windows NT 10.0; Win64; x64) AppleWebKit/537.36 (KHTML, like Gecko) Chrome/90.0.4430.85 Safari/537.36 Edg/90.0.818.46"
64.62.156.79 - - [18/Feb/2025:13:05:32 +0000] "\x16\x03\x01\x00{\x01\x00\x00w\x03\x03h0\xFC\xD0\xEFd\x95\x1BX\x1F\x00U!\xEB\xB2K2\xE9X\xEA\x98\x02\xF1}\x85b\x08\xD1\xBB\xA1 #\x00\x00\x1A\xC0/\xC0+\xC0\x11\xC0\x07\xC0\x13\xC0\x09\xC0\x14\xC0" 400 157 "-" "-"
196.251.91.13 - - [18/Feb/2025:13:18:04 +0000] "CONNECT 45.61.136.175:7227 HTTP/1.1" 400 157 "-" "-"
185.12.59.118 - - [18/Feb/2025:13:35:53 +0000] "\x16\x03\x01\x00{\x01\x00\x00w\x03\x03<>k6k\xE2\x04Cq\x9F\xBA%H\xFE\xC59t\xE3w\x96;\xCCY2\x14\xF2\x04ik\xB3\xEC\x8A\x00\x00\x1A\xC0/\xC0+\xC0\x11\xC0\x07\xC0\x13\xC0\x09\xC0\x14\xC0" 400 157 "-" "-"
193.68.89.10 - - [18/Feb/2025:13:37:53 +0000] "GET / HTTP/1.1" 200 124 "-" "Mozilla/5.0 (Windows NT 10.0; Win64; x64) AppleWebKit/537.36 (KHTML, like Gecko) Chrome/90.0.4430.85 Safari/537.36 Edg/90.0.818.46"
141.255.166.90 - - [18/Feb/2025:13:38:49 +0000] "GET /cgi-bin/luci/;stok=/locale HTTP/1.1" 404 153 "-" "-"
193.68.89.51 - - [18/Feb/2025:13:39:08 +0000] "GET / HTTP/1.1" 200 146 "-" "-"
92.255.57.51 - - [18/Feb/2025:14:04:07 +0000] "\x03\x00\x00.)\xE0\x00\x00\x00\x00\x00Cookie: mstshash=FULHVNDR" 400 157 "-" "-"
125.228.214.184 - - [18/Feb/2025:14:12:37 +0000] "GET / HTTP/1.0" 200 135 "-" "curl/7.88.1"
109.236.61.84 - - [18/Feb/2025:14:12:49 +0000] "\xFF\x00\x00\x00\x00\x00\x00\x00\x00\x00\x00\x00\x00\x00\xF1\x03%\x00\x00\x00{ \x22Ret\x22 : 100, \x22SessionID\x22 : \x220x0\x22 }" 400 157 "-" "-"
141.255.166.90 - - [18/Feb/2025:14:23:03 +0000] "GET /cgi-bin/luci/;stok=/locale HTTP/1.1" 404 153 "-" "-"
45.120.177.190 - - [18/Feb/2025:14:30:55 +0000] "CONNECT ffmpeg.pro:443 HTTP/1.1" 400 157 "-" "-"
92.246.87.21 - - [18/Feb/2025:14:32:22 +0000] "GET / HTTP/1.1" 200 124 "-" "Mozilla/5.0 (Windows NT 10.0; Win64; x64) AppleWebKit/537.36 (KHTML, like Gecko) Chrome/90.0.4430.85 Safari/537.36 Edg/90.0.818.46"
193.68.89.10 - - [18/Feb/2025:15:14:55 +0000] "GET / HTTP/1.1" 200 124 "-" "Mozilla/5.0 (Windows NT 10.0; Win64; x64) AppleWebKit/537.36 (KHTML, like Gecko) Chrome/90.0.4430.85 Safari/537.36 Edg/90.0.818.46"
193.68.89.51 - - [18/Feb/2025:15:29:35 +0000] "GET / HTTP/1.1" 200 146 "-" "-"
141.255.166.90 - - [18/Feb/2025:15:39:09 +0000] "GET /cgi-bin/luci/;stok=/locale HTTP/1.1" 404 153 "-" "-"
209.38.155.239 - - [18/Feb/2025:15:43:54 +0000] "\x16\x03\x01\x00{\x01\x00\x00w\x03\x03~\x88\x06g|)I\x9E\xB2\x8C\xAC\xEF+\x9Bt\x15\x05A\x05\x07}]\x7F\x88k\xFE\xFDf\x16\xE6G\x11\x00\x00\x1A\xC0/\xC0+\xC0\x11\xC0\x07\xC0\x13\xC0\x09\xC0\x14\xC0" 400 157 "-" "-"
209.38.155.239 - - [18/Feb/2025:15:43:54 +0000] "\x16\x03\x01\x00{\x01\x00\x00w\x03\x03\x1A\xA0\x84%i(N|\x88\xBBu8i\xE7\xC5\xBCR\xD8\x1D1\xBE\xFE\xB8\x9E\x13\x0B\xE8\xA0\xCF\x18B,\x00\x00\x1A\xC0/\xC0+\xC0\x11\xC0\x07\xC0\x13\xC0\x09\xC0\x14\xC0" 400 157 "-" "-"
209.38.155.239 - - [18/Feb/2025:15:43:55 +0000] "GET / HTTP/1.1" 200 124 "-" "Mozilla/5.0 (Windows NT 10.0; Win64; x64) AppleWebKit/537.36 (KHTML, like Gecko) Chrome/108.0.0.0 Safari/537.36"
209.38.155.239 - - [18/Feb/2025:15:43:55 +0000] "GET /download/powershell/ HTTP/1.1" 404 125 "-" "Mozilla/5.0 (Windows NT 6.1; WOW64; Trident/7.0; rv:11.0) like Gecko"
209.38.155.239 - - [18/Feb/2025:15:43:55 +0000] "GET /get.php HTTP/1.1" 404 125 "-" "Mozilla/5.0 (Windows NT 6.1; WOW64; Trident/7.0; rv:11.0) like Gecko"
193.68.89.31 - - [18/Feb/2025:15:59:39 +0000] "\x04\x01\x01\xBB\xACC\xA8j\x00" 400 157 "-" "-"
193.68.89.31 - - [18/Feb/2025:15:59:39 +0000] "\x05\x01\x00" 400 157 "-" "-"
193.68.89.31 - - [18/Feb/2025:15:59:39 +0000] "CONNECT ifconfig.co:443 HTTP/1.1" 400 157 "-" "-"
193.68.89.31 - - [18/Feb/2025:15:59:39 +0000] "\x16\x03\x01\x05\xA8\x01\x00\x05\xA4\x03\x03\x9C\xC1\xA3\xB1T\xFAq\xCC9\xF9n\xFA" 400 157 "-" "-"
92.246.87.21 - - [18/Feb/2025:16:01:13 +0000] "GET / HTTP/1.1" 200 124 "-" "Mozilla/5.0 (Windows NT 10.0; Win64; x64) AppleWebKit/537.36 (KHTML, like Gecko) Chrome/90.0.4430.85 Safari/537.36 Edg/90.0.818.46"
193.68.89.51 - - [18/Feb/2025:16:27:58 +0000] "GET / HTTP/1.1" 200 146 "-" "-"
20.238.100.89 - - [18/Feb/2025:16:28:01 +0000] "GET / HTTP/1.1" 200 124 "-" "Python/3.11 aiohttp/3.8.4"
141.255.166.90 - - [18/Feb/2025:16:30:28 +0000] "GET /cgi-bin/luci/;stok=/locale HTTP/1.1" 404 153 "-" "-"
178.128.66.109 - - [18/Feb/2025:16:48:13 +0000] "\x16\x03\x03\x01\xA6\x01\x00\x01\xA2\x03\x031\xD9\xB9\xCE:\x127Y'wz\xDF%\xFET\xEE\xD3\xEBh3\x04\x22\xBE{\x92\xB0\x8DSx.\xF0[ \x10\x89\xFF\xB8\x05\x81\xB7\x05\xA4V\xB9\xC9<4\xC0\x89[\xE8\xD1lb\xEESQ\x121\xB3\x8B\xAA4\xC9\xE8\x00\x8A\x00\x16\x003\x00g\xC0\x9E\xC0\xA2\x00\x9E\x009\x00k\xC0\x9F\xC0\xA3\x00\x9F\x00E\x00\xBE\x00\x88\x00\xC4\x00\x9A\xC0\x08\xC0\x09\xC0#\xC0\xAC\xC0\xAE\xC0+\xC0" 400 157 "-" "-"
178.128.66.109 - - [18/Feb/2025:16:48:13 +0000] "\x16\x03\x03\x01\xA6\x01\x00\x01\xA2\x03\x03\xECf\xE5a\x86\xBD\x04\xCD\xC5\xE2&D\xAF=\xADv?\x1E\x88\x98\xFAAoj\xA7l\xEFw(\xD1P5 PV\x5C\xD0q\xAB|\xB5r\x09E\xF5\x8D \x09\xE6:3\xEC\xE0\xD55\xCCV,\x92\x22I\xD8U.l\x00\x8A\x00\x05\x00\x04\x00\x07\x00\xC0\x00\x84\x00\xBA\x00A\x00\x9D\xC0\xA1\xC0\x9D\x00=\x005\x00\x9C\xC0\xA0\xC0\x9C\x00<\x00/\x00" 400 157 "-" "-"
178.128.66.109 - - [18/Feb/2025:16:48:14 +0000] "\x16\x03\x03\x01W\x01\x00\x01S\x03\x03p\x83\xEE\xAF\x84\xD94\x99K\xF2\xCEF\x11h\x8E\x8D\xD19G-\x047d" 400 157 "-" "-"
178.128.66.109 - - [18/Feb/2025:16:48:14 +0000] "\x16\x03\x03\x01I\x01\x00\x01E\x03\x03!7ZT0\x8E\xD4<\x1FqI\x8B\xEF\xA2\xA85iw\xAB" 400 157 "-" "-"
178.128.66.109 - - [18/Feb/2025:16:48:14 +0000] "\x16\x03\x03\x01\x9A\x01\x00\x01\x96\x03\x03<\x08*\xE4E\x05\x8C\x163\x17b\x83\x1F\xA4\xE8=\xDC\xE2\x8Er\xDCx\xDD\xD5" 400 157 "-" "-"
178.128.66.109 - - [18/Feb/2025:16:48:15 +0000] "\x16\x03\x02\x01\x9B\x01\x00\x01\x97\x03\x02?\x96\xCD\xF4z\x9C\x03\xBB\xE5\x1F\x7F\xDD\x07Q\xADOU\x1D\xBCZ\xA7\xE2\xB6\x14U{M\xF4n" 400 157 "-" "-"
178.128.66.109 - - [18/Feb/2025:16:48:15 +0000] "\x16\x03\x01\x01\xA8\x01\x00\x01\xA4\x03\x03>\xC2\xBE^o\xF4\x1A\xE4}M\xD64\x1E{\xF9\xBD\xDB\xCB\x12w\xBC\xAAx\xAE\xA0n\xE6`\xB71\x8F\x84 \x10\xFB\x0C\xA1\xE7\xAB\xDAi\xBC|\x0F\x9B\x1C\xF37\xDD\xF0L6~[\x8E\xA5\x98\x8C\x0F\x84\x22U\x86\xD6\xCA\x00\x8A\x00\x16\x003\x00g\xC0\x9E\xC0\xA2\x00\x9E\x009\x00k\xC0\x9F\xC0\xA3\x00\x9F\x00E\x00\xBE\x00\x88\x00\xC4\x00\x9A\xC0\x08\xC0\x09\xC0#\xC0\xAC\xC0\xAE\xC0+\xC0" 400 157 "-" "-"
178.128.66.109 - - [18/Feb/2025:16:48:15 +0000] "\x16\x03\x01\x01\xA8\x01\x00\x01\xA4\x03\x036\xD8\xB0\xA6/\x9C\xF43L\xFFW\x95\xAF\xF7\xB7\x9BO\x17\xD6\x16\xE8" 400 157 "-" "-"
178.128.66.109 - - [18/Feb/2025:16:48:16 +0000] "\x16\x03\x01\x01\x9E\x01\x00\x01\x9A\x03\x03\xA2@\xFC\xBBP\xB6#\x7F\xBC6\xEB\x1A}\xD4\x8A\x97\x06\x06\xE7X|\xE3\xBB\x89=\xCC^\xBDF\x12\xFE6 9\x0B~\xF6\xB4" 400 157 "-" "-"
178.128.66.109 - - [18/Feb/2025:16:48:16 +0000] "\x16\x03\x01\x01\xB5\x01\x00\x01\xB1\x03\x03\xFD\xBAS\x22^\xB0\x84\x87\x1A\x12\xFA&\xABM<j\x93F\xAEu\xDB.'\xB7O><\xD5\x95\x01\xDF} ?\x95Jv\xA9\xB0<>T\x84x-\x8F\x22\xB2\x1B\xB1\xEC\xF0\xB5\xA3\x0B}\xB9\xFC\xB8:\x9A\x8C\xBD\x08p\x00\x8C\xDA\xDA\xC0\x12\xC0\x13\xC0\x07\xC0'\xCC\x14\xC0/\x13\x01\xC0\x14\x13\x02\xC0(\xCC\xA9\xC00\xC0s\xC0`\xC0r\xC0a\xC0,\xC0v\xC0\xAF\xC0w\xC0\xAD\xCC\xA8\xC0$\x13\x05\xC0" 400 157 "-" "-"
178.128.66.109 - - [18/Feb/2025:16:48:17 +0000] "\x16\x03\x01\x00\xFA\x01\x00\x00\xF6\x03\x03\xF5\x0B\xB0\x95\xF1Q\xD2\xB3\x9E\xBAz\x94?\x88Z\xB3\xE7\xE0\xF0\x09\xBEn,\xDE\x8Ek\xCCEh\xC2\xC5\x00 @\x84\xA6\xF4\xA7\x99_\x12\xCF@#\xB4U*H\xD5QG\xF8\xB2\xCA\x191\x10\x03b\xD8\x9Da\xE6\x8C\xF1\x002\xC0+\xC0/\xC0,\xC00\xCC\xA9\xCC\xA8\xC0\x09\xC0\x13\xC0" 400 157 "-" "-"
178.128.66.109 - - [18/Feb/2025:16:48:17 +0000] "\x16\x03\x01\x00\xCE\x01\x00\x00\xCA\x03\x03\xC9\xAF_\xEB \x10\x8B\xE9/\x06\xB9\xA9\xB3t\x08\xCA\xA3\x84\x8BW+\x87\xBE\xA1\x0F5G" 400 157 "-" "-"
172.214.114.136 - - [18/Feb/2025:16:54:45 +0000] "MGLNDD_193.93.76.135_8080" 400 157 "-" "-"
193.68.89.51 - - [18/Feb/2025:17:11:03 +0000] "GET / HTTP/1.1" 200 146 "-" "-"
141.255.166.90 - - [18/Feb/2025:17:16:34 +0000] "GET /cgi-bin/luci/;stok=/locale HTTP/1.1" 404 153 "-" "-"
92.246.87.21 - - [18/Feb/2025:17:25:21 +0000] "GET / HTTP/1.1" 200 124 "-" "Mozilla/5.0 (Windows NT 10.0; Win64; x64) AppleWebKit/537.36 (KHTML, like Gecko) Chrome/90.0.4430.85 Safari/537.36 Edg/90.0.818.46"
193.68.89.51 - - [18/Feb/2025:18:11:52 +0000] "GET / HTTP/1.1" 200 146 "-" "-"
193.68.89.10 - - [18/Feb/2025:18:39:36 +0000] "GET / HTTP/1.1" 200 124 "-" "Mozilla/5.0 (Windows NT 10.0; Win64; x64) AppleWebKit/537.36 (KHTML, like Gecko) Chrome/90.0.4430.85 Safari/537.36 Edg/90.0.818.46"
92.246.87.21 - - [18/Feb/2025:18:51:47 +0000] "GET / HTTP/1.1" 200 124 "-" "Mozilla/5.0 (Windows NT 10.0; Win64; x64) AppleWebKit/537.36 (KHTML, like Gecko) Chrome/90.0.4430.85 Safari/537.36 Edg/90.0.818.46"
104.152.52.230 - - [18/Feb/2025:19:00:10 +0000] "GET / HTTP/1.0" 200 135 "-" "masscan/1.3 (https://github.com/robertdavidgraham/masscan)"
198.235.24.78 - - [18/Feb/2025:19:13:14 +0000] "\x16\x03\x01\x00\xCA\x01\x00\x00\xC6\x03\x03#\x1B G \xBB\xB7N\xADM{\xD4\xE9\x84\x16\x14X\x5C\xFE\x10\xEA:.\x10(*\x970O\x02V\xF5\x00\x00h\xCC\x14\xCC\x13\xC0/\xC0+\xC00\xC0,\xC0\x11\xC0\x07\xC0'\xC0#\xC0\x13\xC0\x09\xC0(\xC0$\xC0\x14\xC0" 400 157 "-" "-"
198.235.24.78 - - [18/Feb/2025:19:13:14 +0000] "\x16\x03\x01\x00\xEE\x01\x00\x00\xEA\x03\x03\xD0\xC1\x9C.\xC4\x18R\xEF\x86\xAAXdFJp\xA6:O1\x97\x08\xB0<L\xF4\xE5\xD2\x0C\xFA\xFA5\xDB \xDCP\xF7\x86er[\xF6\xB35\x18\x09\x10/\xB8\xD3\xCF\x22)X\xB0\x1C 2\xF3\x7F\xB25\x13\xA2\x11\xCF\x00&\xC0+\xC0/\xC0,\xC00\xCC\xA9\xCC\xA8\xC0\x09\xC0\x13\xC0" 400 157 "-" "-"
109.205.213.198 - - [18/Feb/2025:19:18:36 +0000] "GET / HTTP/1.1" 200 124 "-" "Mozilla/5.0 (Windows NT 10.0; Win64; x64) AppleWebKit/537.36 (KHTML, like Gecko) Chrome/90.0.4430.85 Safari/537.36 Edg/90.0.818.46"
193.68.89.51 - - [18/Feb/2025:19:46:25 +0000] "GET / HTTP/1.1" 200 146 "-" "-"
205.210.31.106 - - [18/Feb/2025:20:01:12 +0000] "GET / HTTP/1.1" 200 124 "-" "Expanse, a Palo Alto Networks company, searches across the global IPv4 space multiple times per day to identify customers&#39; presences on the Internet. If you would like to be excluded from our scans, please send IP addresses/domains to: scaninfo@paloaltonetworks.com"
