92.246.87.21 - - [18/Feb/2025:20:19:09 +0000] "GET / HTTP/1.1" 200 124 "-" "Mozilla/5.0 (Windows NT 10.0; Win64; x64) AppleWebKit/537.36 (KHTML, like Gecko) Chrome/90.0.4430.85 Safari/537.36 Edg/90.0.818.46"
193.68.89.10 - - [18/Feb/2025:20:25:32 +0000] "GET / HTTP/1.1" 200 124 "-" "Mozilla/5.0 (Windows NT 10.0; Win64; x64) AppleWebKit/537.36 (KHTML, like Gecko) Chrome/90.0.4430.85 Safari/537.36 Edg/90.0.818.46"
193.68.89.51 - - [18/Feb/2025:20:45:00 +0000] "GET / HTTP/1.1" 200 146 "-" "-"
8.213.204.121 - - [18/Feb/2025:21:06:26 +0000] "\x16\x03\x01\x00\xEE\x01\x00\x00\xEA\x03\x03t+n@a\xC8\x984p\x09\x8C\x80\x9E.@C\xC6n\xE6\x00\xE8\xA5\xB1\xCA\xF4xh-\xE5\x03gw Q\xC7MF\x18\xDB\xC2+\xA4__\x1C}E)\x14z%\x18\x1C\xB9;\xE9\xA9\x98\xB4E\x0E\xFCVl\x9E\x00&\xC0+\xC0/\xC0,\xC00\xCC\xA9\xCC\xA8\xC0\x09\xC0\x13\xC0" 400 157 "-" "-"
193.68.89.31 - - [18/Feb/2025:21:16:18 +0000] "\x04\x01\x01\xBB\xACC\xA8j\x00" 400 157 "-" "-"
193.68.89.31 - - [18/Feb/2025:21:16:18 +0000] "\x16\x03\x01\x05\xA8\x01\x00\x05\xA4\x03\x03\x00\xA1\xA2\xC1[O\xC7\xE3\xBBw(\x9E#\x06%\x05\xDF\xA9h}\x9F\xFCO\xE3[z\xD5\xFBi\x83\x99U \x7F\xC6\xA8\xDD\x0E\xC9\xF6}\x87e\x89\xDFE\xEFl\xB5\x91P\xC4!\x14d\xB4\xE5X\xF17\xA6\xC4A\xA7\x1E\x00\x1A\xC0+\xC0/\xC0,\xC00\xCC\xA9\xCC\xA8\xC0\x09\xC0\x13\xC0" 400 157 "-" "-"
220.134.174.229 - - [18/Feb/2025:21:40:33 +0000] "GET / HTTP/1.0" 200 135 "-" "curl/7.88.1"
92.246.87.21 - - [18/Feb/2025:21:46:45 +0000] "GET / HTTP/1.1" 200 124 "-" "Mozilla/5.0 (Windows NT 10.0; Win64; x64) AppleWebKit/537.36 (KHTML, like Gecko) Chrome/90.0.4430.85 Safari/537.36 Edg/90.0.818.46"
193.68.89.10 - - [18/Feb/2025:22:01:43 +0000] "GET / HTTP/1.1" 200 124 "-" "Mozilla/5.0 (Windows NT 10.0; Win64; x64) AppleWebKit/537.36 (KHTML, like Gecko) Chrome/90.0.4430.85 Safari/537.36 Edg/90.0.818.46"
193.68.89.51 - - [18/Feb/2025:22:29:17 +0000] "GET / HTTP/1.1" 200 146 "-" "-"
112.46.213.14 - - [18/Feb/2025:22:40:38 +0000] "GET / HTTP/1.1" 400 157 "-" "-"
198.235.24.243 - - [18/Feb/2025:22:52:06 +0000] "GET / HTTP/1.0" 200 135 "-" "Expanse, a Palo Alto Networks company, searches across the global IPv4 space multiple times per day to identify customers&#39; presences on the Internet. If you would like to be excluded from our scans, please send IP addresses/domains to: scaninfo@paloaltonetworks.com"
52.189.75.193 - - [18/Feb/2025:23:07:27 +0000] "GET /actuator/health HTTP/1.1" 404 125 "-" "Mozilla/5.0 zgrab/0.x"
92.246.87.21 - - [18/Feb/2025:23:15:34 +0000] "GET / HTTP/1.1" 200 124 "-" "Mozilla/5.0 (Windows NT 10.0; Win64; x64) AppleWebKit/537.36 (KHTML, like Gecko) Chrome/90.0.4430.85 Safari/537.36 Edg/90.0.818.46"
193.68.89.51 - - [18/Feb/2025:23:22:22 +0000] "GET / HTTP/1.1" 200 146 "-" "-"
193.68.89.10 - - [18/Feb/2025:23:41:52 +0000] "GET / HTTP/1.1" 200 124 "-" "Mozilla/5.0 (Windows NT 10.0; Win64; x64) AppleWebKit/537.36 (KHTML, like Gecko) Chrome/90.0.4430.85 Safari/537.36 Edg/90.0.818.46"
109.205.213.198 - - [18/Feb/2025:23:45:15 +0000] "GET / HTTP/1.1" 200 124 "-" "Mozilla/5.0 (Windows NT 10.0; Win64; x64) AppleWebKit/537.36 (KHTML, like Gecko) Chrome/90.0.4430.85 Safari/537.36 Edg/90.0.818.46"
92.255.57.58 - - [18/Feb/2025:23:45:17 +0000] "GET /?XDEBUG_SESSION_START=phpstorm HTTP/1.1" 200 124 "-" "Mozilla/5.0 (Windows NT 10.0; Win64; x64) AppleWebKit/537.36 (KHTML, like Gecko) Chrome/78.0.3904.108 Safari/537.36"
87.121.84.7 - - [18/Feb/2025:23:49:17 +0000] "GET / HTTP/1.1" 200 146 "-" "-"
37.128.204.21 - - [18/Feb/2025:23:54:56 +0000] "GET / HTTP/1.1" 200 124 "-" "Mozilla/5.0 (Windows NT 10.0; Win64; x64) AppleWebKit/537.36 (KHTML, like Gecko) Chrome/132.0.0.0 YaBrowser/25.2.0.0 Safari/537.36"
37.128.204.21 - - [18/Feb/2025:23:54:56 +0000] "GET /favicon.ico HTTP/1.1" 404 188 "http://193.93.76.135:8080/" "Mozilla/5.0 (Windows NT 10.0; Win64; x64) AppleWebKit/537.36 (KHTML, like Gecko) Chrome/132.0.0.0 YaBrowser/25.2.0.0 Safari/537.36"
37.128.204.21 - - [18/Feb/2025:23:55:20 +0000] "GET / HTTP/1.1" 200 124 "-" "Mozilla/5.0 (Windows NT 10.0; Win64; x64) AppleWebKit/537.36 (KHTML, like Gecko) Chrome/132.0.0.0 YaBrowser/25.2.0.0 Safari/537.36"
92.255.57.58 - - [19/Feb/2025:00:06:03 +0000] "GET /actuator/gateway/routes HTTP/1.1" 404 188 "-" "Mozilla/5.0 (Windows NT 10.0; Win64; x64) AppleWebKit/537.36 (KHTML, like Gecko) Chrome/78.0.3904.108 Safari/537.36"
193.68.89.51 - - [19/Feb/2025:00:09:12 +0000] "GET / HTTP/1.1" 200 146 "-" "-"
199.45.154.113 - - [19/Feb/2025:00:28:06 +0000] "GET / HTTP/1.1" 200 146 "-" "-"
199.45.154.113 - - [19/Feb/2025:00:28:18 +0000] "GET / HTTP/1.1" 200 124 "-" "Mozilla/5.0 (compatible; CensysInspect/1.1; +https://about.censys.io/)"
199.45.154.113 - - [19/Feb/2025:00:28:19 +0000] "GET /favicon.ico HTTP/1.1" 404 125 "-" "Mozilla/5.0 (compatible; CensysInspect/1.1; +https://about.censys.io/)"
199.45.154.113 - - [19/Feb/2025:00:28:21 +0000] "PRI * HTTP/2.0" 400 157 "-" "-"
92.246.87.21 - - [19/Feb/2025:00:40:36 +0000] "GET / HTTP/1.1" 200 124 "-" "Mozilla/5.0 (Windows NT 10.0; Win64; x64) AppleWebKit/537.36 (KHTML, like Gecko) Chrome/90.0.4430.85 Safari/537.36 Edg/90.0.818.46"
193.68.89.51 - - [19/Feb/2025:00:54:05 +0000] "GET / HTTP/1.1" 200 146 "-" "-"
193.68.89.10 - - [19/Feb/2025:01:32:42 +0000] "GET / HTTP/1.1" 200 124 "-" "Mozilla/5.0 (Windows NT 10.0; Win64; x64) AppleWebKit/537.36 (KHTML, like Gecko) Chrome/90.0.4430.85 Safari/537.36 Edg/90.0.818.46"
193.68.89.51 - - [19/Feb/2025:01:47:05 +0000] "GET / HTTP/1.1" 200 146 "-" "-"
178.62.216.118 - - [19/Feb/2025:01:47:29 +0000] "GET /aaa9 HTTP/1.1" 404 125 "-" "Mozilla/5.0 zgrab/0.x"
178.62.216.118 - - [19/Feb/2025:01:47:34 +0000] "GET /aab8 HTTP/1.1" 404 125 "-" "Mozilla/5.0 zgrab/0.x"
178.62.216.118 - - [19/Feb/2025:01:47:46 +0000] "GET / HTTP/1.1" 200 124 "-" "Mozilla/5.0 zgrab/0.x"
92.246.87.21 - - [19/Feb/2025:02:10:38 +0000] "GET / HTTP/1.1" 200 124 "-" "Mozilla/5.0 (Windows NT 10.0; Win64; x64) AppleWebKit/537.36 (KHTML, like Gecko) Chrome/90.0.4430.85 Safari/537.36 Edg/90.0.818.46"
193.68.89.51 - - [19/Feb/2025:02:46:49 +0000] "GET / HTTP/1.1" 200 146 "-" "-"
8.213.204.121 - - [19/Feb/2025:03:04:56 +0000] "\x16\x03\x01\x00\xF2\x01\x00\x00\xEE\x03\x03\xD6\xB8\xA7\xB2y\x03vU\x9C\x17\xF9\xAA\xF92\xF8A\xD6/\xA3\xC2\xA6\xEF\x90\xC4\xDE\xF4\xFA\xA82i\x10- z\x00\x83\x22\xB2`\xBF\xBF\xD2\xEB\xE8J*&\xBA\x88 9\x16$VM`\x86|" 400 157 "-" "-"
193.68.89.10 - - [19/Feb/2025:03:18:48 +0000] "GET / HTTP/1.1" 200 124 "-" "Mozilla/5.0 (Windows NT 10.0; Win64; x64) AppleWebKit/537.36 (KHTML, like Gecko) Chrome/90.0.4430.85 Safari/537.36 Edg/90.0.818.46"
92.246.87.21 - - [19/Feb/2025:03:36:03 +0000] "GET / HTTP/1.1" 200 124 "-" "Mozilla/5.0 (Windows NT 10.0; Win64; x64) AppleWebKit/537.36 (KHTML, like Gecko) Chrome/90.0.4430.85 Safari/537.36 Edg/90.0.818.46"
94.112.103.44 - - [19/Feb/2025:04:13:52 +0000] "GET / HTTP/1.0" 200 135 "-" "-"
193.68.89.51 - - [19/Feb/2025:04:39:02 +0000] "GET / HTTP/1.1" 200 146 "-" "-"
92.255.85.59 - - [19/Feb/2025:04:49:37 +0000] "\x16\x03\x01\x00\xE1\x01\x00\x00\xDD\x03\x03\xD2\xCEW\x13\x1Fpr\x9F\xC4\xE9\x1A\x91A\x8D8\xCE\xB0-~}^\x92\x0B>O\xD3y~O\xE6_u iL\x94\x7F=\xC5\x10\x1B\x83\xBE\xE7i\x81\xBCy\xAF\xEDjE\x1A\x19\xE2`R\xA6\xD5\xBC\x80\x9E\x1F\xE4\x1B\x00$\x13\x03\x13\x01\x13\x02\xC0/\xC0+\xC00\xC0,\xCC\xA9\xCC\xA8\xC0\x09\xC0\x13\xC0" 400 157 "-" "-"
92.255.85.59 - - [19/Feb/2025:04:49:37 +0000] "\x16\x03\x01\x00\xE1\x01\x00\x00\xDD\x03\x03}\x91\xFB\x07\xE8^\xF4\x9D\xFD\x98\xA3\xCE\xBF\x10}\xF5\x91\x15i\xFB\xE4#u\xA6\xF4>E1\x16\xF6\x16\xE1 \x00\xAEu\x93'Zh\xB0\xB9\xBC{X\xB4\x22/\xC5\x1ANix\xF7\xFCV\xE1\xB0\x06n=\xA9\xABrv\x00$\x13\x03\x13\x01\x13\x02\xC0/\xC0+\xC00\xC0,\xCC\xA9\xCC\xA8\xC0\x09\xC0\x13\xC0" 400 157 "-" "-"
34.34.146.182 - - [19/Feb/2025:04:49:52 +0000] "GET / HTTP/1.1" 200 124 "-" "python-requests/2.32.3"
34.76.203.56 - - [19/Feb/2025:04:49:52 +0000] "GET / HTTP/1.1" 200 124 "-" "Mozilla/5.0 (Windows NT 10.0; rv:78.0) Gecko/20100101 Firefox/78.0"
193.68.89.10 - - [19/Feb/2025:04:55:32 +0000] "GET / HTTP/1.1" 200 124 "-" "Mozilla/5.0 (Windows NT 10.0; Win64; x64) AppleWebKit/537.36 (KHTML, like Gecko) Chrome/90.0.4430.85 Safari/537.36 Edg/90.0.818.46"
92.246.87.21 - - [19/Feb/2025:05:00:19 +0000] "GET / HTTP/1.1" 200 124 "-" "Mozilla/5.0 (Windows NT 10.0; Win64; x64) AppleWebKit/537.36 (KHTML, like Gecko) Chrome/90.0.4430.85 Safari/537.36 Edg/90.0.818.46"
65.49.20.117 - - [19/Feb/2025:06:05:58 +0000] "GET / HTTP/1.1" 200 124 "-" "Mozilla/5.0 (Windows NT 10.0; Win64; x64) AppleWebKit/537.36 (KHTML, like Gecko) Chrome/122.0.0.0 Iron Safari/537.36"
193.68.89.51 - - [19/Feb/2025:06:05:59 +0000] "GET / HTTP/1.1" 200 146 "-" "-"
65.49.20.121 - - [19/Feb/2025:06:06:51 +0000] "GET /favicon.ico HTTP/1.1" 404 125 "-" "Mozilla/5.0 (Macintosh; Intel Mac OS X 10_15_7) AppleWebKit/605.1.15 (KHTML, like Gecko)"
65.49.20.77 - - [19/Feb/2025:06:07:19 +0000] "GET http://api.ipify.org/?format=json HTTP/1.1" 200 146 "-" "Mozilla/5.0 (Macintosh; Intel Mac OS X 10_15_7) AppleWebKit/537.36 (KHTML, like Gecko) Chrome/110.0.0.0 Safari/537.36"
65.49.20.121 - - [19/Feb/2025:06:07:43 +0000] "CONNECT www.shadowserver.org:443 HTTP/1.1" 400 157 "-" "-"
65.49.20.117 - - [19/Feb/2025:06:08:07 +0000] "GET /geoserver/web/ HTTP/1.1" 404 188 "-" "Mozilla/5.0 (Macintosh; Intel Mac OS X 10_15_7) AppleWebKit/537.36 (KHTML, like Gecko) Chrome/110.0.0.0 Safari/537.36"
92.246.87.21 - - [19/Feb/2025:06:27:45 +0000] "GET / HTTP/1.1" 200 124 "-" "Mozilla/5.0 (Windows NT 10.0; Win64; x64) AppleWebKit/537.36 (KHTML, like Gecko) Chrome/90.0.4430.85 Safari/537.36 Edg/90.0.818.46"
193.68.89.10 - - [19/Feb/2025:06:34:35 +0000] "GET / HTTP/1.1" 200 124 "-" "Mozilla/5.0 (Windows NT 10.0; Win64; x64) AppleWebKit/537.36 (KHTML, like Gecko) Chrome/90.0.4430.85 Safari/537.36 Edg/90.0.818.46"
162.243.238.197 - - [19/Feb/2025:06:38:31 +0000] "\x16\x03\x01\x00{\x01\x00\x00w\x03\x03\xE0\x88x\xC2\x9AN\xAC\xF1\x12\x84\xB7A&1H$\xCA0\xFFu$\xFBx\xD5\xA5\xB7\xFD\xB4\xFE\x84Z}\x00\x00\x1A\xC0/\xC0+\xC0\x11\xC0\x07\xC0\x13\xC0\x09\xC0\x14\xC0" 400 157 "-" "-"
162.243.238.197 - - [19/Feb/2025:06:38:31 +0000] "\x16\x03\x01\x00{\x01\x00\x00w\x03\x03\x8A-\x89\xDA1@\x00\x9F\xB7|-\xDB'\x031hK\xB5\xAEB\xABh;\xAD\xA1Sm-Z\xAC\xF0\x85\x00\x00\x1A\xC0/\xC0+\xC0\x11\xC0\x07\xC0\x13\xC0\x09\xC0\x14\xC0" 400 157 "-" "-"
162.243.238.197 - - [19/Feb/2025:06:38:31 +0000] "GET / HTTP/1.1" 200 124 "-" "Mozilla/5.0 (Windows NT 10.0; Win64; x64) AppleWebKit/537.36 (KHTML, like Gecko) Chrome/108.0.0.0 Safari/537.36"
162.243.238.197 - - [19/Feb/2025:06:38:31 +0000] "GET /download/powershell/ HTTP/1.1" 404 125 "-" "Mozilla/5.0 (Windows NT 6.1; WOW64; Trident/7.0; rv:11.0) like Gecko"
162.243.238.197 - - [19/Feb/2025:06:38:31 +0000] "GET /get.php HTTP/1.1" 404 125 "-" "Mozilla/5.0 (Windows NT 6.1; WOW64; Trident/7.0; rv:11.0) like Gecko"
18.118.7.19 - - [19/Feb/2025:06:51:10 +0000] "GET / HTTP/1.1" 200 124 "-" "Mozilla/5.0 (Macintosh; Intel Mac OS X 10_15_7) Chrome/126.0.0.0 Safari/537.36"
18.118.7.19 - - [19/Feb/2025:06:51:13 +0000] "GET / HTTP/1.1" 200 124 "-" "Mozilla/5.0 (Macintosh; Intel Mac OS X 10_15_7) Chrome/126.0.0.0 Safari/537.36"
78.108.177.51 - - [19/Feb/2025:06:52:00 +0000] "GET / HTTP/1.0" 200 135 "-" "Mozilla/5.0 (compatible; MSIE 9.0; Windows NT 6.0; Trident/5.0;  Trident/5.0)"
18.118.7.19 - - [19/Feb/2025:06:53:10 +0000] "" 400 0 "-" "-"
18.118.7.19 - - [19/Feb/2025:06:55:40 +0000] "\x16\x03\x01\x00{\x01\x00\x00w\x03\x03|\x11K\xAF\x0C\x02\x7F\xDC\xF4\x18\x10\xB1\xD0|\x9E\x8A\x14\xD6\xEB\xE3b\x9E\xB0p\xD3;\xB9\x06\xE4\xA2l\x09\x00\x00\x1A\xC0/\xC0+\xC0\x11\xC0\x07\xC0\x13\xC0\x09\xC0\x14\xC0" 400 157 "-" "-"
18.118.7.19 - - [19/Feb/2025:06:56:38 +0000] "SSH-2.0-Go" 400 157 "-" "-"
141.98.11.205 - - [19/Feb/2025:06:57:17 +0000] "GET / HTTP/1.1" 200 146 "-" "-"
18.118.7.19 - - [19/Feb/2025:07:00:11 +0000] "\x16\x03\x01\x00{\x01\x00\x00w\x03\x03U\xBA\xC1\x90;{\x7F\x9E\xB1HX\x0C1" 400 157 "-" "-"
193.68.89.51 - - [19/Feb/2025:07:40:56 +0000] "GET / HTTP/1.1" 200 146 "-" "-"
195.178.110.163 - - [19/Feb/2025:07:43:11 +0000] "\x16\x03\x01\x00\xEE\x01\x00\x00\xEA\x03\x03\xB5\xB9RJyI\xF88$\xB7\x7F\xE3\xFE\xBC~\xCC\xDA\xA9\xB4T\xC9.&\x18\x89\x98\x0E\xA4\xA2yR\x83 ;B\xF3\x5C\x8A\x94B)Q\xDE@\x8A\xD6\xDD\xAB\x87\xD7\xD3\xE7u\x07\x9E\x9F\xB8\x9F\xF6\xCE\xB85\xA2\xF3\x1A\x00&\xC0+\xC0/\xC0,\xC00\xCC\xA9\xCC\xA8\xC0\x09\xC0\x13\xC0" 400 157 "-" "-"
195.178.110.163 - - [19/Feb/2025:07:43:11 +0000] "GET / HTTP/1.1" 400 157 "-" "-"
195.178.110.163 - - [19/Feb/2025:07:43:11 +0000] "GET / HTTP/1.1" 200 146 "-" "l9tcpid/v1.1.0"
195.178.110.163 - - [19/Feb/2025:07:43:12 +0000] "GET /.env.backup HTTP/1.1" 404 125 "-" "l9explore/1.2.2"
195.178.110.163 - - [19/Feb/2025:07:43:12 +0000] "GET /.env.production.local HTTP/1.1" 404 125 "-" "l9explore/1.2.2"
141.255.166.90 - - [19/Feb/2025:07:54:30 +0000] "GET /cgi-bin/luci/;stok=/locale HTTP/1.1" 404 153 "-" "-"
92.246.87.21 - - [19/Feb/2025:07:55:45 +0000] "GET / HTTP/1.1" 200 124 "-" "Mozilla/5.0 (Windows NT 10.0; Win64; x64) AppleWebKit/537.36 (KHTML, like Gecko) Chrome/90.0.4430.85 Safari/537.36 Edg/90.0.818.46"
193.68.89.10 - - [19/Feb/2025:08:13:43 +0000] "GET / HTTP/1.1" 200 124 "-" "Mozilla/5.0 (Windows NT 10.0; Win64; x64) AppleWebKit/537.36 (KHTML, like Gecko) Chrome/90.0.4430.85 Safari/537.36 Edg/90.0.818.46"
57.151.71.88 - - [19/Feb/2025:08:22:42 +0000] "GET /hudson HTTP/1.1" 404 125 "-" "Mozilla/5.0 zgrab/0.x"
193.68.89.51 - - [19/Feb/2025:08:38:39 +0000] "GET / HTTP/1.1" 200 146 "-" "-"
4.151.38.102 - - [19/Feb/2025:08:47:02 +0000] "GET / HTTP/1.1" 200 124 "-" "Mozilla/5.0 zgrab/0.x"
141.255.166.90 - - [19/Feb/2025:08:47:35 +0000] "GET /cgi-bin/luci/;stok=/locale HTTP/1.1" 404 153 "-" "-"
195.181.170.235 - - [19/Feb/2025:09:07:49 +0000] "CONNECT karlshochschule.de:443 HTTP/1.1" 400 157 "-" "-"
92.246.87.21 - - [19/Feb/2025:09:23:11 +0000] "GET / HTTP/1.1" 200 124 "-" "Mozilla/5.0 (Windows NT 10.0; Win64; x64) AppleWebKit/537.36 (KHTML, like Gecko) Chrome/90.0.4430.85 Safari/537.36 Edg/90.0.818.46"
83.142.188.9 - - [19/Feb/2025:09:23:46 +0000] "GET / HTTP/1.0" 200 135 "-" "curl/7.88.1"
193.68.89.51 - - [19/Feb/2025:09:29:08 +0000] "GET / HTTP/1.1" 200 146 "-" "-"
141.255.166.90 - - [19/Feb/2025:09:35:54 +0000] "GET /cgi-bin/luci/;stok=/locale HTTP/1.1" 404 153 "-" "-"
206.189.11.79 - - [19/Feb/2025:09:53:51 +0000] "\x16\x03\x01\x00{\x01\x00\x00w\x03\x03\xC21\x89\xA5\x0F\x82Mu@y\x173+\x1AY\xF9x\x1F\xA7\xDC\x11\xFF\xDFV\xC7g+\xE0\xC0C\x06\xCC\x00\x00\x1A\xC0/\xC0+\xC0\x11\xC0\x07\xC0\x13\xC0\x09\xC0\x14\xC0" 400 157 "-" "-"
206.189.11.79 - - [19/Feb/2025:09:53:51 +0000] "\x16\x03\x01\x00{\x01\x00\x00w\x03\x03\xB2\xAA\x13\xB7\xB1\xD4\xEA\xD9\x86\xC2\xB6x\x9D\xE1\x86\xB9\x14\xB6\xD2Yy\x8A\xE9\xF5\xCF\x80\xD3\xC8\xC3\x09%\x9A\x00\x00\x1A\xC0/\xC0+\xC0\x11\xC0\x07\xC0\x13\xC0\x09\xC0\x14\xC0" 400 157 "-" "-"
206.189.11.79 - - [19/Feb/2025:09:53:51 +0000] "GET / HTTP/1.1" 200 124 "-" "Mozilla/5.0 (Windows NT 10.0; Win64; x64) AppleWebKit/537.36 (KHTML, like Gecko) Chrome/108.0.0.0 Safari/537.36"
206.189.11.79 - - [19/Feb/2025:09:53:51 +0000] "GET /download/powershell/ HTTP/1.1" 404 125 "-" "Mozilla/5.0 (Windows NT 6.1; WOW64; Trident/7.0; rv:11.0) like Gecko"
206.189.11.79 - - [19/Feb/2025:09:53:51 +0000] "GET /get.php HTTP/1.1" 404 125 "-" "Mozilla/5.0 (Windows NT 6.1; WOW64; Trident/7.0; rv:11.0) like Gecko"
193.68.89.51 - - [19/Feb/2025:10:15:55 +0000] "GET / HTTP/1.1" 200 146 "-" "-"
92.246.87.21 - - [19/Feb/2025:10:53:29 +0000] "GET / HTTP/1.1" 200 124 "-" "Mozilla/5.0 (Windows NT 10.0; Win64; x64) AppleWebKit/537.36 (KHTML, like Gecko) Chrome/90.0.4430.85 Safari/537.36 Edg/90.0.818.46"
193.68.89.51 - - [19/Feb/2025:11:16:27 +0000] "GET / HTTP/1.1" 200 146 "-" "-"
46.19.143.58 - - [19/Feb/2025:11:21:19 +0000] "GET / HTTP/1.1" 200 124 "-" "Mozilla/5.0 (Windows NT 10.0; Win64; x64) AppleWebKit/537.36 (KHTML, like Gecko) Chrome/90.0.4430.85 Safari/537.36 Edg/90.0.818.46"
193.68.89.10 - - [19/Feb/2025:11:37:36 +0000] "GET / HTTP/1.1" 200 124 "-" "Mozilla/5.0 (Windows NT 10.0; Win64; x64) AppleWebKit/537.36 (KHTML, like Gecko) Chrome/90.0.4430.85 Safari/537.36 Edg/90.0.818.46"
141.255.166.90 - - [19/Feb/2025:11:39:34 +0000] "GET /cgi-bin/luci/;stok=/locale HTTP/1.1" 404 153 "-" "-"
176.65.141.137 - - [19/Feb/2025:11:51:56 +0000] "CONNECT 185.65.245.140:7227 HTTP/1.1" 400 157 "-" "-"
109.236.61.85 - - [19/Feb/2025:11:54:42 +0000] "\xFF\x00\x00\x00\x00\x00\x00\x00\x00\x00\x00\x00\x00\x00\xF1\x03%\x00\x00\x00{ \x22Ret\x22 : 100, \x22SessionID\x22 : \x220x0\x22 }" 400 157 "-" "-"
193.68.89.51 - - [19/Feb/2025:11:57:35 +0000] "GET / HTTP/1.1" 200 146 "-" "-"
109.205.213.198 - - [19/Feb/2025:12:07:33 +0000] "GET / HTTP/1.1" 200 124 "-" "Mozilla/5.0 (Windows NT 10.0; Win64; x64) AppleWebKit/537.36 (KHTML, like Gecko) Chrome/90.0.4430.85 Safari/537.36 Edg/90.0.818.46"
188.166.13.16 - - [19/Feb/2025:12:15:20 +0000] "\x16\x03\x01\x00{\x01\x00\x00w\x03\x03\xC0\xA7\x19\x9B\xF2\xF1\xC0c\xE2\xAAG\x87\xC6`\x98!zf@)\xFE\x0CL\x90\xCA\xA1\x93\xFB\x0B\x8B\x84\xC4\x00\x00\x1A\xC0/\xC0+\xC0\x11\xC0\x07\xC0\x13\xC0\x09\xC0\x14\xC0" 400 157 "-" "-"
188.166.13.16 - - [19/Feb/2025:12:15:20 +0000] "\x16\x03\x01\x00{\x01\x00\x00w\x03\x03ka$k|N\xD9f}Y%\xC8/\x90\x93\x97\x05\xA0@\xA4\x8C\x99-9\xC4\xA1\x808\xC9w\x9A\xE3\x00\x00\x1A\xC0/\xC0+\xC0\x11\xC0\x07\xC0\x13\xC0\x09\xC0\x14\xC0" 400 157 "-" "-"
188.166.13.16 - - [19/Feb/2025:12:15:20 +0000] "GET / HTTP/1.1" 200 124 "-" "Mozilla/5.0 (Windows NT 10.0; Win64; x64) AppleWebKit/537.36 (KHTML, like Gecko) Chrome/108.0.0.0 Safari/537.36"
188.166.13.16 - - [19/Feb/2025:12:15:20 +0000] "GET /download/powershell/ HTTP/1.1" 404 125 "-" "Mozilla/5.0 (Windows NT 6.1; WOW64; Trident/7.0; rv:11.0) like Gecko"
188.166.13.16 - - [19/Feb/2025:12:15:20 +0000] "GET /get.php HTTP/1.1" 404 125 "-" "Mozilla/5.0 (Windows NT 6.1; WOW64; Trident/7.0; rv:11.0) like Gecko"
92.246.87.21 - - [19/Feb/2025:12:20:19 +0000] "GET / HTTP/1.1" 200 124 "-" "Mozilla/5.0 (Windows NT 10.0; Win64; x64) AppleWebKit/537.36 (KHTML, like Gecko) Chrome/90.0.4430.85 Safari/537.36 Edg/90.0.818.46"
141.255.166.90 - - [19/Feb/2025:12:27:22 +0000] "GET /cgi-bin/luci/;stok=/locale HTTP/1.1" 404 153 "-" "-"
8.213.204.121 - - [19/Feb/2025:12:33:09 +0000] "\x16\x03\x01\x00\xEE\x01\x00\x00\xEA\x03\x03iX\xEE7\x19\x0EMm\xCBk\xC6U\x91\xA8?k\x9F\xB0X\xDF\x1A\xAD\xCF<\x16\x95y\xD6\xE5\x0C\x8D0 hm\x1E\x1Ac5]sn^\xA2\xAB\x8B@8\xB8\xFC<\x89\xEC\xAB\x02\xAC1\xFC\x9D\xF7\xBD'\x97\xA6\x8F\x00&\xC0+\xC0/\xC0,\xC00\xCC\xA9\xCC\xA8\xC0\x09\xC0\x13\xC0" 400 157 "-" "-"
8.213.204.121 - - [19/Feb/2025:12:33:09 +0000] "GET /T6bHkeeG3IixY7Bh0noD1QyFLiPlD23T05_fYYWAB0SqWLgWGk-3zAazG2k0MqhO6AxISCCvosgJ0eBTxGrQHktud-cN20EuWN5bCgJQ7zQLOPyK5jhNF7Y2p-_JSxpBpQvWHxM5plh6NA2yELiAvVST24ah1aKWBxJ3EDpy2DOgE3DO9xUsIIP6R9Vy49sZRKRZKYyU6s9Z3QCfH7jzY3ZFQsI-dvC37Aw HTTP/1.1" 404 188 "-" "Mozilla/5.0 (Macintosh; Intel Mac OS X 13_1) AppleWebKit/537.36 (KHTML, like Gecko) Chrome/108.0.0.0 Safari/537.36"
193.68.89.51 - - [19/Feb/2025:12:49:59 +0000] "GET / HTTP/1.1" 200 146 "-" "-"
46.19.143.58 - - [19/Feb/2025:13:11:45 +0000] "GET / HTTP/1.1" 200 124 "-" "Mozilla/5.0 (Windows NT 10.0; Win64; x64) AppleWebKit/537.36 (KHTML, like Gecko) Chrome/90.0.4430.85 Safari/537.36 Edg/90.0.818.46"
193.68.89.10 - - [19/Feb/2025:13:13:00 +0000] "GET / HTTP/1.1" 200 124 "-" "Mozilla/5.0 (Windows NT 10.0; Win64; x64) AppleWebKit/537.36 (KHTML, like Gecko) Chrome/90.0.4430.85 Safari/537.36 Edg/90.0.818.46"
141.255.166.90 - - [19/Feb/2025:13:18:35 +0000] "GET /cgi-bin/luci/;stok=/locale HTTP/1.1" 404 153 "-" "-"
92.246.87.21 - - [19/Feb/2025:13:44:59 +0000] "GET / HTTP/1.1" 200 124 "-" "Mozilla/5.0 (Windows NT 10.0; Win64; x64) AppleWebKit/537.36 (KHTML, like Gecko) Chrome/90.0.4430.85 Safari/537.36 Edg/90.0.818.46"
141.255.166.90 - - [19/Feb/2025:14:02:34 +0000] "GET /cgi-bin/luci/;stok=/locale HTTP/1.1" 404 153 "-" "-"
64.62.197.110 - - [19/Feb/2025:14:44:18 +0000] "\x16\x03\x01\x00{\x01\x00\x00w\x03\x03\xA9\xCE6Ct\x924\x9C\xEA|\xC2V\x87\xB4Wm\xBB\x8EM\xD0\x88\xE6Z\x17\x22re\xC2\xC45NZ\x00\x00\x1A\xC0/\xC0+\xC0\x11\xC0\x07\xC0\x13\xC0\x09\xC0\x14\xC0" 400 157 "-" "-"
193.68.89.51 - - [19/Feb/2025:14:45:15 +0000] "GET / HTTP/1.1" 200 146 "-" "-"
109.205.213.198 - - [19/Feb/2025:14:50:17 +0000] "GET / HTTP/1.1" 200 124 "-" "Mozilla/5.0 (Windows NT 10.0; Win64; x64) AppleWebKit/537.36 (KHTML, like Gecko) Chrome/90.0.4430.85 Safari/537.36 Edg/90.0.818.46"
46.19.143.58 - - [19/Feb/2025:14:58:32 +0000] "GET / HTTP/1.1" 200 124 "-" "Mozilla/5.0 (Windows NT 10.0; Win64; x64) AppleWebKit/537.36 (KHTML, like Gecko) Chrome/90.0.4430.85 Safari/537.36 Edg/90.0.818.46"
193.68.89.10 - - [19/Feb/2025:15:00:15 +0000] "GET / HTTP/1.1" 200 124 "-" "Mozilla/5.0 (Windows NT 10.0; Win64; x64) AppleWebKit/537.36 (KHTML, like Gecko) Chrome/90.0.4430.85 Safari/537.36 Edg/90.0.818.46"
92.246.87.21 - - [19/Feb/2025:15:13:31 +0000] "GET / HTTP/1.1" 200 124 "-" "Mozilla/5.0 (Windows NT 10.0; Win64; x64) AppleWebKit/537.36 (KHTML, like Gecko) Chrome/90.0.4430.85 Safari/537.36 Edg/90.0.818.46"
78.108.177.54 - - [19/Feb/2025:15:32:53 +0000] "GET / HTTP/1.0" 200 135 "-" "Mozilla/5.0 (compatible; MSIE 9.0; Windows NT 6.0; Trident/5.0;  Trident/5.0)"
193.68.89.51 - - [19/Feb/2025:15:35:15 +0000] "GET / HTTP/1.1" 200 146 "-" "-"
204.76.203.41 - - [19/Feb/2025:15:41:44 +0000] "CONNECT web.realsysadm.in:443 HTTP/1.1" 400 157 "-" "-"
46.19.143.26 - - [19/Feb/2025:15:44:27 +0000] "GET / HTTP/1.1" 200 146 "-" "-"
204.76.203.41 - - [19/Feb/2025:15:58:06 +0000] "\x04\x01\x01\xBB-?(\x81\x00" 400 157 "-" "-"
141.255.166.90 - - [19/Feb/2025:15:59:17 +0000] "GET /cgi-bin/luci/;stok=/locale HTTP/1.1" 404 153 "-" "-"
193.68.89.51 - - [19/Feb/2025:16:13:42 +0000] "GET / HTTP/1.1" 200 146 "-" "-"
20.238.100.89 - - [19/Feb/2025:16:36:32 +0000] "GET / HTTP/1.1" 200 124 "-" "Python/3.11 aiohttp/3.8.4"
92.246.87.21 - - [19/Feb/2025:16:42:02 +0000] "GET / HTTP/1.1" 200 124 "-" "Mozilla/5.0 (Windows NT 10.0; Win64; x64) AppleWebKit/537.36 (KHTML, like Gecko) Chrome/90.0.4430.85 Safari/537.36 Edg/90.0.818.46"
141.255.166.90 - - [19/Feb/2025:16:51:21 +0000] "GET /cgi-bin/luci/;stok=/locale HTTP/1.1" 404 153 "-" "-"
46.19.143.58 - - [19/Feb/2025:16:51:50 +0000] "GET / HTTP/1.1" 200 124 "-" "Mozilla/5.0 (Windows NT 10.0; Win64; x64) AppleWebKit/537.36 (KHTML, like Gecko) Chrome/90.0.4430.85 Safari/537.36 Edg/90.0.818.46"
193.68.89.10 - - [19/Feb/2025:16:53:35 +0000] "GET / HTTP/1.1" 200 124 "-" "Mozilla/5.0 (Windows NT 10.0; Win64; x64) AppleWebKit/537.36 (KHTML, like Gecko) Chrome/90.0.4430.85 Safari/537.36 Edg/90.0.818.46"
125.229.240.71 - - [19/Feb/2025:17:13:58 +0000] "GET / HTTP/1.0" 200 135 "-" "curl/7.88.1"
193.68.89.51 - - [19/Feb/2025:17:19:26 +0000] "GET / HTTP/1.1" 200 146 "-" "-"
141.255.166.90 - - [19/Feb/2025:17:48:13 +0000] "GET /cgi-bin/luci/;stok=/locale HTTP/1.1" 404 153 "-" "-"
92.246.87.21 - - [19/Feb/2025:18:05:40 +0000] "GET / HTTP/1.1" 200 124 "-" "Mozilla/5.0 (Windows NT 10.0; Win64; x64) AppleWebKit/537.36 (KHTML, like Gecko) Chrome/90.0.4430.85 Safari/537.36 Edg/90.0.818.46"
193.68.89.51 - - [19/Feb/2025:18:10:16 +0000] "GET / HTTP/1.1" 200 146 "-" "-"
193.68.89.10 - - [19/Feb/2025:18:29:49 +0000] "GET / HTTP/1.1" 200 124 "-" "Mozilla/5.0 (Windows NT 10.0; Win64; x64) AppleWebKit/537.36 (KHTML, like Gecko) Chrome/90.0.4430.85 Safari/537.36 Edg/90.0.818.46"
141.255.166.90 - - [19/Feb/2025:18:35:14 +0000] "GET /cgi-bin/luci/;stok=/locale HTTP/1.1" 404 153 "-" "-"
46.19.143.58 - - [19/Feb/2025:18:44:09 +0000] "GET / HTTP/1.1" 200 124 "-" "Mozilla/5.0 (Windows NT 10.0; Win64; x64) AppleWebKit/537.36 (KHTML, like Gecko) Chrome/90.0.4430.85 Safari/537.36 Edg/90.0.818.46"
193.68.89.51 - - [19/Feb/2025:19:04:13 +0000] "GET / HTTP/1.1" 200 146 "-" "-"
